Archive member included because of file (symbol)

/AtmelAvrToolchain/bin/../lib/gcc/avr/4.8.1/avr5/libgcc.a(_divmodhi4.o)
                              ./uart/uart.o (__divmodhi4)
/AtmelAvrToolchain/bin/../lib/gcc/avr/4.8.1/avr5/libgcc.a(_exit.o)
                              /AtmelAvrToolchain/bin/../lib/gcc/avr/4.8.1/../../../../avr/lib/avr5/crtm328p.o (exit)
/AtmelAvrToolchain/bin/../lib/gcc/avr/4.8.1/avr5/libgcc.a(_tablejump.o)
                              ./main.o (__tablejump2__)
/AtmelAvrToolchain/bin/../lib/gcc/avr/4.8.1/avr5/libgcc.a(_copy_data.o)
                              ./main.o (__do_copy_data)
/AtmelAvrToolchain/bin/../lib/gcc/avr/4.8.1/avr5/libgcc.a(_clear_bss.o)
                              ./main.o (__do_clear_bss)
/AtmelAvrToolchain/bin/../lib/gcc/avr/4.8.1/avr5/libgcc.a(_umulhisi3.o)
                              ./timer/timer.o (__umulhisi3)
/AtmelAvrToolchain/bin/../lib/gcc/avr/4.8.1/avr5/libgcc.a(_udivmodhi4.o)
                              /AtmelAvrToolchain/bin/../lib/gcc/avr/4.8.1/avr5/libgcc.a(_divmodhi4.o) (__udivmodhi4)
/AtmelAvrToolchain/bin/../lib/gcc/avr/4.8.1/../../../../avr/lib/avr5/libc.a(malloc.o)
                              ./main.o (malloc)
/AtmelAvrToolchain/bin/../lib/gcc/avr/4.8.1/../../../../avr/lib/avr5/libc.a(abort.o)
                              ./main.o (abort)
/AtmelAvrToolchain/bin/../lib/gcc/avr/4.8.1/../../../../avr/lib/avr5/libc.a(atoi.o)
                              ./main.o (atoi)
/AtmelAvrToolchain/bin/../lib/gcc/avr/4.8.1/../../../../avr/lib/avr5/libc.a(strncpy_P.o)
                              ./main.o (strncpy_P)
/AtmelAvrToolchain/bin/../lib/gcc/avr/4.8.1/../../../../avr/lib/avr5/libc.a(strtok.o)
                              ./gsm-sms/sms.o (strtok)
/AtmelAvrToolchain/bin/../lib/gcc/avr/4.8.1/../../../../avr/lib/avr5/libc.a(memcmp.o)
                              ./main.o (memcmp)
/AtmelAvrToolchain/bin/../lib/gcc/avr/4.8.1/../../../../avr/lib/avr5/libc.a(strcpy.o)
                              ./gsm-sms/sms.o (strcpy)
/AtmelAvrToolchain/bin/../lib/gcc/avr/4.8.1/../../../../avr/lib/avr5/libc.a(strncat.o)
                              ./main.o (strncat)
/AtmelAvrToolchain/bin/../lib/gcc/avr/4.8.1/../../../../avr/lib/avr5/libc.a(strncpy.o)
                              ./main.o (strncpy)
/AtmelAvrToolchain/bin/../lib/gcc/avr/4.8.1/../../../../avr/lib/avr5/libc.a(strstr.o)
                              ./gsm-sms/sms.o (strstr)
/AtmelAvrToolchain/bin/../lib/gcc/avr/4.8.1/../../../../avr/lib/avr5/libc.a(strtok_r.o)
                              /AtmelAvrToolchain/bin/../lib/gcc/avr/4.8.1/../../../../avr/lib/avr5/libc.a(strtok.o) (strtok_r)
/AtmelAvrToolchain/bin/../lib/gcc/avr/4.8.1/../../../../avr/lib/avr5/libc.a(itoa_ncheck.o)
                              ./uart/uart_addon.o (__itoa_ncheck)
/AtmelAvrToolchain/bin/../lib/gcc/avr/4.8.1/../../../../avr/lib/avr5/libc.a(mul10.o)
                              /AtmelAvrToolchain/bin/../lib/gcc/avr/4.8.1/../../../../avr/lib/avr5/libc.a(atoi.o) (__mulhi_const_10)
/AtmelAvrToolchain/bin/../lib/gcc/avr/4.8.1/../../../../avr/lib/avr5/libc.a(utoa_ncheck.o)
                              /AtmelAvrToolchain/bin/../lib/gcc/avr/4.8.1/../../../../avr/lib/avr5/libc.a(itoa_ncheck.o) (__utoa_common)
/AtmelAvrToolchain/bin/../lib/gcc/avr/4.8.1/../../../../avr/lib/avr5/libc.a(iob.o)
                              ./main.o (__iob)
/AtmelAvrToolchain/bin/../lib/gcc/avr/4.8.1/../../../../avr/lib/avr5/libc.a(printf.o)
                              ./main.o (printf)
/AtmelAvrToolchain/bin/../lib/gcc/avr/4.8.1/../../../../avr/lib/avr5/libc.a(printf_p.o)
                              ./main.o (printf_P)
/AtmelAvrToolchain/bin/../lib/gcc/avr/4.8.1/../../../../avr/lib/avr5/libc.a(putchar.o)
                              ./main.o (putchar)
/AtmelAvrToolchain/bin/../lib/gcc/avr/4.8.1/../../../../avr/lib/avr5/libc.a(puts.o)
                              ./gsm-sms/sms.o (puts)
/AtmelAvrToolchain/bin/../lib/gcc/avr/4.8.1/../../../../avr/lib/avr5/libc.a(sprintf_p.o)
                              ./main.o (sprintf_P)
/AtmelAvrToolchain/bin/../lib/gcc/avr/4.8.1/../../../../avr/lib/avr5/libc.a(vfprintf_std.o)
                              /AtmelAvrToolchain/bin/../lib/gcc/avr/4.8.1/../../../../avr/lib/avr5/libc.a(printf.o) (vfprintf)
/AtmelAvrToolchain/bin/../lib/gcc/avr/4.8.1/../../../../avr/lib/avr5/libc.a(eerd_block_atmega328p.o)
                              ./main.o (__eerd_block_m328p)
/AtmelAvrToolchain/bin/../lib/gcc/avr/4.8.1/../../../../avr/lib/avr5/libc.a(eerd_byte_atmega328p.o)
                              ./main.o (__eerd_byte_m328p)
/AtmelAvrToolchain/bin/../lib/gcc/avr/4.8.1/../../../../avr/lib/avr5/libc.a(eeupd_block_atmega328p.o)
                              ./main.o (__eeupd_block_m328p)
/AtmelAvrToolchain/bin/../lib/gcc/avr/4.8.1/../../../../avr/lib/avr5/libc.a(eeupd_byte_atmega328p.o)
                              ./main.o (__eeupd_byte_m328p)
/AtmelAvrToolchain/bin/../lib/gcc/avr/4.8.1/../../../../avr/lib/avr5/libc.a(eewr_block_atmega328p.o)
                              ./main.o (__eewr_block_m328p)
/AtmelAvrToolchain/bin/../lib/gcc/avr/4.8.1/../../../../avr/lib/avr5/libc.a(eewr_byte_atmega328p.o)
                              /AtmelAvrToolchain/bin/../lib/gcc/avr/4.8.1/../../../../avr/lib/avr5/libc.a(eewr_block_atmega328p.o) (__eewr_r18_m328p)
/AtmelAvrToolchain/bin/../lib/gcc/avr/4.8.1/../../../../avr/lib/avr5/libc.a(strnlen_P.o)
                              /AtmelAvrToolchain/bin/../lib/gcc/avr/4.8.1/../../../../avr/lib/avr5/libc.a(vfprintf_std.o) (strnlen_P)
/AtmelAvrToolchain/bin/../lib/gcc/avr/4.8.1/../../../../avr/lib/avr5/libc.a(strnlen.o)
                              /AtmelAvrToolchain/bin/../lib/gcc/avr/4.8.1/../../../../avr/lib/avr5/libc.a(vfprintf_std.o) (strnlen)
/AtmelAvrToolchain/bin/../lib/gcc/avr/4.8.1/../../../../avr/lib/avr5/libc.a(strrev.o)
                              /AtmelAvrToolchain/bin/../lib/gcc/avr/4.8.1/../../../../avr/lib/avr5/libc.a(utoa_ncheck.o) (strrev)
/AtmelAvrToolchain/bin/../lib/gcc/avr/4.8.1/../../../../avr/lib/avr5/libc.a(fputc.o)
                              /AtmelAvrToolchain/bin/../lib/gcc/avr/4.8.1/../../../../avr/lib/avr5/libc.a(putchar.o) (fputc)
/AtmelAvrToolchain/bin/../lib/gcc/avr/4.8.1/../../../../avr/lib/avr5/libc.a(ultoa_invert.o)
                              /AtmelAvrToolchain/bin/../lib/gcc/avr/4.8.1/../../../../avr/lib/avr5/libc.a(vfprintf_std.o) (__ultoa_invert)
/AtmelAvrToolchain/bin/../lib/gcc/avr/4.8.1/avr5/libgcc.a(_prologue.o)
                              /AtmelAvrToolchain/bin/../lib/gcc/avr/4.8.1/../../../../avr/lib/avr5/libc.a(printf.o) (__prologue_saves__)
/AtmelAvrToolchain/bin/../lib/gcc/avr/4.8.1/avr5/libgcc.a(_epilogue.o)
                              /AtmelAvrToolchain/bin/../lib/gcc/avr/4.8.1/../../../../avr/lib/avr5/libc.a(printf.o) (__epilogue_restores__)

Allocating common symbols
Common symbol       size              file

OW_OUT              0x2               ./onewire/onewire.o
rTempInDoorMin      0x1               ./main.o
rTempInDoorMax      0x1               ./main.o
OW_PIN_MASK         0x1               ./onewire/onewire.o
rTempDiffSupplyReturnMax
                    0x1               ./main.o
temper              0x8               ./main.o
PrefHeatting        0x1               ./main.o
wbuffer             0x1f              ./main.o
nSensors            0x1               ./main.o
rTempOutDoorMin     0x1               ./main.o
LCDCache            0x360             ./lcd/lcd.o
rSensorIDs          0x2               ./main.o
OW_IN               0x2               ./onewire/onewire.o
ROM_NO              0x8               ./onewire/1WireMaxim.o
temp_for_hour       0x1               ./main.o
__brkval            0x2               /AtmelAvrToolchain/bin/../lib/gcc/avr/4.8.1/../../../../avr/lib/avr5/libc.a(malloc.o)
telNumber           0xf               ./main.o
OW_PIN              0x1               ./onewire/onewire.o
ReadyWATCHDOG       0x1               ./main.o
LastFamilyDiscrepancy
                    0x1               ./onewire/1WireMaxim.o
OW_DDR              0x2               ./onewire/onewire.o
rTempSupplyMin      0x1               ./main.o
rTempSupplyMax      0x1               ./main.o
rTempDiffSupplyReturnMin
                    0x1               ./main.o
LastDeviceFlag      0x1               ./onewire/1WireMaxim.o
crc8m               0x1               ./onewire/1WireMaxim.o
LastDiscrepancy     0x1               ./onewire/1WireMaxim.o
__flp               0x2               /AtmelAvrToolchain/bin/../lib/gcc/avr/4.8.1/../../../../avr/lib/avr5/libc.a(malloc.o)
__iob               0x6               /AtmelAvrToolchain/bin/../lib/gcc/avr/4.8.1/../../../../avr/lib/avr5/libc.a(iob.o)
TimeKeyPressed      0x1               ./timer/timer.o
rTempOutDoorMax     0x1               ./main.o

Memory Configuration

Name             Origin             Length             Attributes
text             0x00000000         0x00020000         xr
data             0x00800060         0x0000ffa0         rw !x
eeprom           0x00810000         0x00010000         rw !x
fuse             0x00820000         0x00000400         rw !x
lock             0x00830000         0x00000400         rw !x
signature        0x00840000         0x00000400         rw !x
user_signatures  0x00850000         0x00000400         rw !x
*default*        0x00000000         0xffffffff

Linker script and memory map

Address of section .data set to 0x800100
LOAD /AtmelAvrToolchain/bin/../lib/gcc/avr/4.8.1/../../../../avr/lib/avr5/crtm328p.o
LOAD ./main.o
LOAD ./uart/uart.o
LOAD ./uart/uart_addon.o
LOAD ./timer/timer.o
LOAD ./onewire/1WireMaxim.o
LOAD ./onewire/onewire.o
LOAD ./lcd/lcd.o
LOAD ./keypad/adc.o
LOAD ./keypad/keyadc.o
LOAD ./gsm-sms/sms.o
LOAD ./extint/extint.o
LOAD ./ds18x20/crc8.o
LOAD ./ds18x20/ds18x20.o
START GROUP
LOAD /AtmelAvrToolchain/bin/../lib/gcc/avr/4.8.1/avr5/libgcc.a
LOAD /AtmelAvrToolchain/bin/../lib/gcc/avr/4.8.1/../../../../avr/lib/avr5/libm.a
LOAD /AtmelAvrToolchain/bin/../lib/gcc/avr/4.8.1/../../../../avr/lib/avr5/libc.a
END GROUP

.hash
 *(.hash)

.dynsym
 *(.dynsym)

.dynstr
 *(.dynstr)

.gnu.version
 *(.gnu.version)

.gnu.version_d
 *(.gnu.version_d)

.gnu.version_r
 *(.gnu.version_r)

.rel.init
 *(.rel.init)

.rela.init
 *(.rela.init)

.rel.text
 *(.rel.text)
 *(.rel.text.*)
 *(.rel.gnu.linkonce.t*)

.rela.text
 *(.rela.text)
 *(.rela.text.*)
 *(.rela.gnu.linkonce.t*)

.rel.fini
 *(.rel.fini)

.rela.fini
 *(.rela.fini)

.rel.rodata
 *(.rel.rodata)
 *(.rel.rodata.*)
 *(.rel.gnu.linkonce.r*)

.rela.rodata
 *(.rela.rodata)
 *(.rela.rodata.*)
 *(.rela.gnu.linkonce.r*)

.rel.data
 *(.rel.data)
 *(.rel.data.*)
 *(.rel.gnu.linkonce.d*)

.rela.data
 *(.rela.data)
 *(.rela.data.*)
 *(.rela.gnu.linkonce.d*)

.rel.ctors
 *(.rel.ctors)

.rela.ctors
 *(.rela.ctors)

.rel.dtors
 *(.rel.dtors)

.rela.dtors
 *(.rela.dtors)

.rel.got
 *(.rel.got)

.rela.got
 *(.rela.got)

.rel.bss
 *(.rel.bss)

.rela.bss
 *(.rela.bss)

.rel.plt
 *(.rel.plt)

.rela.plt
 *(.rela.plt)

.text           0x00000000     0x5b94
 *(.vectors)
 .vectors       0x00000000       0x68 /AtmelAvrToolchain/bin/../lib/gcc/avr/4.8.1/../../../../avr/lib/avr5/crtm328p.o
                0x00000000                __vectors
                0x00000000                __vector_default
 *(.vectors)
 *(.progmem.gcc*)
 .progmem.gcc_sw_table.main
                0x00000068       0x5a ./main.o
                0x000000c2                . = ALIGN (0x2)
                0x000000c2                __trampolines_start = .
 *(.trampolines)
 .trampolines   0x000000c2        0x0 linker stubs
 *(.trampolines*)
                0x000000c2                __trampolines_end = .
 *(.progmem*)
 .progmem.data.__c.3179
                0x000000c2       0x13 ./main.o
 .progmem.data.__c.3162
                0x000000d5       0x13 ./main.o
 .progmem.data.__c.3160
                0x000000e8        0x5 ./main.o
 .progmem.data.__c.3135
                0x000000ed        0x7 ./main.o
 .progmem.data.__c.3133
                0x000000f4        0x7 ./main.o
 .progmem.data.__c.3131
                0x000000fb        0x7 ./main.o
 .progmem.data.__c.3129
                0x00000102        0x7 ./main.o
 .progmem.data.__c.3127
                0x00000109        0x7 ./main.o
 .progmem.data.__c.3094
                0x00000110        0x9 ./main.o
 .progmem.data.__c.3092
                0x00000119        0x9 ./main.o
 .progmem.data.__c.3090
                0x00000122        0x9 ./main.o
 .progmem.data.__c.3088
                0x0000012b        0x9 ./main.o
 .progmem.data.__c.3086
                0x00000134       0x12 ./main.o
 .progmem.data.__c.3076
                0x00000146        0x3 ./main.o
 .progmem.data.__c.3027
                0x00000149        0x3 ./main.o
 .progmem.data.__c.3024
                0x0000014c        0x5 ./main.o
 .progmem.data.__c.3021
                0x00000151        0x5 ./main.o
 .progmem.data.__c.3017
                0x00000156        0x5 ./main.o
 .progmem.data.__c.3013
                0x0000015b       0x10 ./main.o
 .progmem.data.__c.3010
                0x0000016b        0xd ./main.o
 .progmem.data.__c.3006
                0x00000178        0x9 ./main.o
 .progmem.data.__c.3003
                0x00000181        0x8 ./main.o
 .progmem.data.__c.3000
                0x00000189        0x5 ./main.o
 .progmem.data.__c.2998
                0x0000018e        0x7 ./main.o
 .progmem.data.__c.2996
                0x00000195        0x7 ./main.o
 .progmem.data.__c.2993
                0x0000019c        0x5 ./main.o
 .progmem.data.__c.2991
                0x000001a1        0x7 ./main.o
 .progmem.data.__c.2989
                0x000001a8        0x7 ./main.o
 .progmem.data.__c.2986
                0x000001af        0x5 ./main.o
 .progmem.data.__c.2984
                0x000001b4        0x7 ./main.o
 .progmem.data.__c.2982
                0x000001bb        0x7 ./main.o
 .progmem.data.__c.2979
                0x000001c2        0x5 ./main.o
 .progmem.data.__c.2977
                0x000001c7        0x7 ./main.o
 .progmem.data.__c.2975
                0x000001ce        0x7 ./main.o
 .progmem.data.__c.2972
                0x000001d5        0x5 ./main.o
 .progmem.data.__c.2970
                0x000001da        0x7 ./main.o
 .progmem.data.__c.2968
                0x000001e1        0x7 ./main.o
 .progmem.data.__c.2965
                0x000001e8        0x5 ./main.o
 .progmem.data.__c.2963
                0x000001ed        0x7 ./main.o
 .progmem.data.__c.2961
                0x000001f4        0x7 ./main.o
 .progmem.data.__c.2958
                0x000001fb        0x5 ./main.o
 .progmem.data.__c.2956
                0x00000200        0x7 ./main.o
 .progmem.data.__c.2954
                0x00000207        0x7 ./main.o
 .progmem.data.__c.2950
                0x0000020e        0x5 ./main.o
 .progmem.data.__c.2948
                0x00000213        0x7 ./main.o
 .progmem.data.__c.2946
                0x0000021a        0x7 ./main.o
 .progmem.data.__c.2942
                0x00000221        0x9 ./main.o
 .progmem.data.__c.2940
                0x0000022a        0x9 ./main.o
 .progmem.data.__c.2938
                0x00000233        0x9 ./main.o
 .progmem.data.__c.2936
                0x0000023c        0x9 ./main.o
 .progmem.data.__c.2934
                0x00000245        0x9 ./main.o
 .progmem.data.__c.2932
                0x0000024e        0x9 ./main.o
 .progmem.data.__c.2930
                0x00000257        0x9 ./main.o
 .progmem.data.__c.2928
                0x00000260        0x8 ./main.o
 .progmem.data.__c.2925
                0x00000268        0x7 ./main.o
 .progmem.data.__c.2923
                0x0000026f        0xb ./main.o
 .progmem.data.__c.2921
                0x0000027a        0xb ./main.o
 .progmem.data.__c.2919
                0x00000285        0xb ./main.o
 .progmem.data.__c.2917
                0x00000290        0xa ./main.o
 .progmem.data.__c.2914
                0x0000029a        0x7 ./main.o
 .progmem.data.__c.2909
                0x000002a1        0x3 ./main.o
 .progmem.data.__c.2905
                0x000002a4        0x4 ./main.o
 .progmem.data.__c.2903
                0x000002a8        0xa ./main.o
 .progmem.data.__c.2897
                0x000002b2        0x9 ./main.o
 .progmem.data.__c.2895
                0x000002bb        0x7 ./main.o
 .progmem.data.__c.2892
                0x000002c2        0x9 ./main.o
 .progmem.data.__c.2890
                0x000002cb        0x7 ./main.o
 .progmem.data.__c.2887
                0x000002d2        0x9 ./main.o
 .progmem.data.__c.2885
                0x000002db        0x7 ./main.o
 .progmem.data.__c.2881
                0x000002e2        0x9 ./main.o
 .progmem.data.__c.2879
                0x000002eb        0x7 ./main.o
 .progmem.data.__c.2874
                0x000002f2        0x9 ./main.o
 .progmem.data.__c.2871
                0x000002fb        0x4 ./main.o
 .progmem.data.__c.2869
                0x000002ff        0x7 ./main.o
 .progmem.data.__c.2865
                0x00000306        0x8 ./main.o
 .progmem.data.__c.2860
                0x0000030e        0x9 ./main.o
 .progmem.data.__c.2858
                0x00000317        0xa ./main.o
 .progmem.data.__c.2856
                0x00000321        0xa ./main.o
 .progmem.data.__c.2854
                0x0000032b        0x7 ./main.o
 .progmem.data.__c.2852
                0x00000332        0xd ./main.o
 .progmem.data.__c.2850
                0x0000033f        0xa ./main.o
 .progmem.data.__c.2848
                0x00000349        0xb ./main.o
 .progmem.data.__c.2846
                0x00000354        0xa ./main.o
 .progmem.data.__c.2827
                0x0000035e        0x7 ./main.o
 .progmem.data.__c.2825
                0x00000365        0x8 ./main.o
 .progmem.data.__c.2823
                0x0000036d        0x8 ./main.o
 .progmem.data.__c.2821
                0x00000375        0x7 ./main.o
 .progmem.data.__c.2819
                0x0000037c        0xc ./main.o
 .progmem.data.__c.2817
                0x00000388        0x8 ./main.o
 .progmem.data.__c.2809
                0x00000390        0x3 ./main.o
 .progmem.data.__c.2807
                0x00000393        0x3 ./main.o
 .progmem.data.__c.2788
                0x00000396        0x2 ./main.o
 .progmem.data.__c.2786
                0x00000398        0x2 ./main.o
 .progmem.data.notReadyStr
                0x0000039a        0xc ./main.o
 .progmem.data.startPowerGoneStr
                0x000003a6        0xf ./main.o
 .progmem.data.startRegulatorStr
                0x000003b5       0x16 ./main.o
 .progmem.data.telStr
                0x000003cb        0x6 ./main.o
 .progmem.data.EXT
                0x000003d1        0x5 ./main.o
 .progmem.data.PAR
                0x000003d6        0x5 ./main.o
 .progmem.data.DS1822
                0x000003db        0x8 ./main.o
 .progmem.data.DS18B20
                0x000003e3        0x9 ./main.o
 .progmem.data.DS18S20
                0x000003ec        0x9 ./main.o
 .progmem.data.Sensorsfound
                0x000003f5        0xe ./main.o
 .progmem.data.temperStr
                0x00000403        0x8 ./main.o
 .progmem.data.missingStr
                0x0000040b        0x8 ./main.o
 .progmem.data.absenceStr
                0x00000413        0x8 ./main.o
 .progmem.data.sensorStr
                0x0000041b        0x7 ./main.o
 .progmem.data.alarmStr
                0x00000422        0x6 ./main.o
 .progmem.data.secondStr
                0x00000428        0x7 ./main.o
 .progmem.data.hourStr
                0x0000042f        0x5 ./main.o
 .progmem.data.minuteStr
                0x00000434        0x7 ./main.o
 .progmem.data.timeStr
                0x0000043b        0x5 ./main.o
 .progmem.data.saveStr
                0x00000440        0x5 ./main.o
 .progmem.data.toeepromStr
                0x00000445        0xa ./main.o
 .progmem.data.diffStr
                0x0000044f        0x5 ./main.o
 .progmem.data.tempStr
                0x00000454        0x5 ./main.o
 .progmem.data.maxStr
                0x00000459        0x4 ./main.o
 .progmem.data.minStr
                0x0000045d        0x4 ./main.o
 .progmem.data.assignStr
                0x00000461        0x8 ./main.o
 .progmem.data.viewStr
                0x00000469        0x5 ./main.o
 .progmem.data.setStr
                0x0000046e        0x4 ./main.o
 .progmem.data.checksumStr
                0x00000472        0x9 ./main.o
 .progmem.data.nsupdownStr
                0x0000047b        0xf ./main.o
 .progmem.data.returnStr
                0x0000048a        0x7 ./main.o
 .progmem.data.supplyStr
                0x00000491        0x7 ./main.o
 .progmem.data.outdoorStr
                0x00000498        0x8 ./main.o
 .progmem.data.indoorStr
                0x000004a0        0x7 ./main.o
 .progmem.data.snStr
                0x000004a7        0x3 ./main.o
 .progmem.data.nextStr
                0x000004aa        0x7 ./main.o
 .progmem.data.exitStr
                0x000004b1        0x7 ./main.o
 .progmem.data.helloStr2
                0x000004b8        0xa ./main.o
 .progmem.data.helloStr1
                0x000004c2        0x5 ./main.o
 .progmem.data.okStr
                0x000004c7        0x3 ./main.o
 .progmem.data.font
                0x000004ca      0x4fb ./lcd/lcd.o
 .progmem.data.__c.2382
                0x000009c5        0x9 ./gsm-sms/sms.o
 .progmem.data.__c.2354
                0x000009ce        0x3 ./gsm-sms/sms.o
 .progmem.data.__c.2352
                0x000009d1        0xa ./gsm-sms/sms.o
 .progmem.data.__c.2334
                0x000009db        0x2 ./gsm-sms/sms.o
 .progmem.data.__c.2332
                0x000009dd        0x9 ./gsm-sms/sms.o
                0x000009e6                . = ALIGN (0x2)
 *(.jumptables)
 *(.jumptables*)
 *(.lowtext)
 *(.lowtext*)
                0x000009e6                __ctors_start = .
 *(.ctors)
                0x000009e6                __ctors_end = .
                0x000009e6                __dtors_start = .
 *(.dtors)
                0x000009e6                __dtors_end = .
 SORT(*)(.ctors)
 SORT(*)(.dtors)
 *(.init0)
 .init0         0x000009e6        0x0 /AtmelAvrToolchain/bin/../lib/gcc/avr/4.8.1/../../../../avr/lib/avr5/crtm328p.o
                0x000009e6                __init
 *(.init0)
 *(.init1)
 *(.init1)
 *(.init2)
 .init2         0x000009e6        0xc /AtmelAvrToolchain/bin/../lib/gcc/avr/4.8.1/../../../../avr/lib/avr5/crtm328p.o
 *(.init2)
 *(.init3)
 *(.init3)
 *(.init4)
 .init4         0x000009f2       0x16 /AtmelAvrToolchain/bin/../lib/gcc/avr/4.8.1/avr5/libgcc.a(_copy_data.o)
                0x000009f2                __do_copy_data
 .init4         0x00000a08       0x10 /AtmelAvrToolchain/bin/../lib/gcc/avr/4.8.1/avr5/libgcc.a(_clear_bss.o)
                0x00000a08                __do_clear_bss
 *(.init4)
 *(.init5)
 *(.init5)
 *(.init6)
 *(.init6)
 *(.init7)
 *(.init7)
 *(.init8)
 *(.init8)
 *(.init9)
 .init9         0x00000a18        0x8 /AtmelAvrToolchain/bin/../lib/gcc/avr/4.8.1/../../../../avr/lib/avr5/crtm328p.o
 *(.init9)
 *(.text)
 .text          0x00000a20        0x4 /AtmelAvrToolchain/bin/../lib/gcc/avr/4.8.1/../../../../avr/lib/avr5/crtm328p.o
                0x00000a20                __vector_22
                0x00000a20                __vector_24
                0x00000a20                __vector_12
                0x00000a20                __bad_interrupt
                0x00000a20                __vector_3
                0x00000a20                __vector_25
                0x00000a20                __vector_11
                0x00000a20                __vector_13
                0x00000a20                __vector_17
                0x00000a20                __vector_7
                0x00000a20                __vector_5
                0x00000a20                __vector_4
                0x00000a20                __vector_15
                0x00000a20                __vector_8
                0x00000a20                __vector_14
                0x00000a20                __vector_10
                0x00000a20                __vector_16
                0x00000a20                __vector_20
 .text          0x00000a24        0x0 ./main.o
 .text          0x00000a24        0x0 ./uart/uart.o
 .text          0x00000a24        0x0 ./uart/uart_addon.o
 .text          0x00000a24        0x0 ./timer/timer.o
 .text          0x00000a24        0x0 ./onewire/1WireMaxim.o
 .text          0x00000a24        0x0 ./onewire/onewire.o
 .text          0x00000a24        0x0 ./lcd/lcd.o
 .text          0x00000a24      0x11e ./keypad/adc.o
                0x00000a24                IntAdc
                0x00000a60                IntAnalogComp
                0x00000a82                InitAnalogComp
                0x00000a9a                InitAdc
                0x00000ada                GetKeyCode
                0x00000b1c                resetKbd
 .text          0x00000b42        0x0 ./keypad/keyadc.o
 .text          0x00000b42        0x0 ./gsm-sms/sms.o
 .text          0x00000b42        0x0 ./extint/extint.o
 .text          0x00000b42        0x0 ./ds18x20/crc8.o
 .text          0x00000b42        0x0 ./ds18x20/ds18x20.o
 .text          0x00000b42        0x0 /AtmelAvrToolchain/bin/../lib/gcc/avr/4.8.1/avr5/libgcc.a(_divmodhi4.o)
 .text          0x00000b42        0x0 /AtmelAvrToolchain/bin/../lib/gcc/avr/4.8.1/avr5/libgcc.a(_exit.o)
 .text          0x00000b42        0x0 /AtmelAvrToolchain/bin/../lib/gcc/avr/4.8.1/avr5/libgcc.a(_tablejump.o)
 .text          0x00000b42        0x0 /AtmelAvrToolchain/bin/../lib/gcc/avr/4.8.1/avr5/libgcc.a(_copy_data.o)
 .text          0x00000b42        0x0 /AtmelAvrToolchain/bin/../lib/gcc/avr/4.8.1/avr5/libgcc.a(_clear_bss.o)
 .text          0x00000b42        0x0 /AtmelAvrToolchain/bin/../lib/gcc/avr/4.8.1/avr5/libgcc.a(_umulhisi3.o)
 .text          0x00000b42        0x0 /AtmelAvrToolchain/bin/../lib/gcc/avr/4.8.1/avr5/libgcc.a(_udivmodhi4.o)
 .text          0x00000b42        0x0 /AtmelAvrToolchain/bin/../lib/gcc/avr/4.8.1/../../../../avr/lib/avr5/libc.a(malloc.o)
 .text          0x00000b42        0x0 /AtmelAvrToolchain/bin/../lib/gcc/avr/4.8.1/../../../../avr/lib/avr5/libc.a(abort.o)
 .text          0x00000b42        0x0 /AtmelAvrToolchain/bin/../lib/gcc/avr/4.8.1/../../../../avr/lib/avr5/libc.a(atoi.o)
 .text          0x00000b42        0x0 /AtmelAvrToolchain/bin/../lib/gcc/avr/4.8.1/../../../../avr/lib/avr5/libc.a(strncpy_P.o)
 .text          0x00000b42        0x0 /AtmelAvrToolchain/bin/../lib/gcc/avr/4.8.1/../../../../avr/lib/avr5/libc.a(strtok.o)
 .text          0x00000b42        0x0 /AtmelAvrToolchain/bin/../lib/gcc/avr/4.8.1/../../../../avr/lib/avr5/libc.a(memcmp.o)
 .text          0x00000b42        0x0 /AtmelAvrToolchain/bin/../lib/gcc/avr/4.8.1/../../../../avr/lib/avr5/libc.a(strcpy.o)
 .text          0x00000b42        0x0 /AtmelAvrToolchain/bin/../lib/gcc/avr/4.8.1/../../../../avr/lib/avr5/libc.a(strncat.o)
 .text          0x00000b42        0x0 /AtmelAvrToolchain/bin/../lib/gcc/avr/4.8.1/../../../../avr/lib/avr5/libc.a(strncpy.o)
 .text          0x00000b42        0x0 /AtmelAvrToolchain/bin/../lib/gcc/avr/4.8.1/../../../../avr/lib/avr5/libc.a(strstr.o)
 .text          0x00000b42        0x0 /AtmelAvrToolchain/bin/../lib/gcc/avr/4.8.1/../../../../avr/lib/avr5/libc.a(strtok_r.o)
 .text          0x00000b42        0x0 /AtmelAvrToolchain/bin/../lib/gcc/avr/4.8.1/../../../../avr/lib/avr5/libc.a(itoa_ncheck.o)
 .text          0x00000b42        0x0 /AtmelAvrToolchain/bin/../lib/gcc/avr/4.8.1/../../../../avr/lib/avr5/libc.a(mul10.o)
 .text          0x00000b42        0x0 /AtmelAvrToolchain/bin/../lib/gcc/avr/4.8.1/../../../../avr/lib/avr5/libc.a(utoa_ncheck.o)
 .text          0x00000b42        0x0 /AtmelAvrToolchain/bin/../lib/gcc/avr/4.8.1/../../../../avr/lib/avr5/libc.a(iob.o)
 .text          0x00000b42        0x0 /AtmelAvrToolchain/bin/../lib/gcc/avr/4.8.1/../../../../avr/lib/avr5/libc.a(printf.o)
 .text          0x00000b42        0x0 /AtmelAvrToolchain/bin/../lib/gcc/avr/4.8.1/../../../../avr/lib/avr5/libc.a(printf_p.o)
 .text          0x00000b42        0x0 /AtmelAvrToolchain/bin/../lib/gcc/avr/4.8.1/../../../../avr/lib/avr5/libc.a(putchar.o)
 .text          0x00000b42        0x0 /AtmelAvrToolchain/bin/../lib/gcc/avr/4.8.1/../../../../avr/lib/avr5/libc.a(puts.o)
 .text          0x00000b42        0x0 /AtmelAvrToolchain/bin/../lib/gcc/avr/4.8.1/../../../../avr/lib/avr5/libc.a(sprintf_p.o)
 .text          0x00000b42        0x0 /AtmelAvrToolchain/bin/../lib/gcc/avr/4.8.1/../../../../avr/lib/avr5/libc.a(vfprintf_std.o)
 .text          0x00000b42        0x0 /AtmelAvrToolchain/bin/../lib/gcc/avr/4.8.1/../../../../avr/lib/avr5/libc.a(eerd_block_atmega328p.o)
 .text          0x00000b42        0x0 /AtmelAvrToolchain/bin/../lib/gcc/avr/4.8.1/../../../../avr/lib/avr5/libc.a(eerd_byte_atmega328p.o)
 .text          0x00000b42        0x0 /AtmelAvrToolchain/bin/../lib/gcc/avr/4.8.1/../../../../avr/lib/avr5/libc.a(eeupd_block_atmega328p.o)
 .text          0x00000b42        0x0 /AtmelAvrToolchain/bin/../lib/gcc/avr/4.8.1/../../../../avr/lib/avr5/libc.a(eeupd_byte_atmega328p.o)
 .text          0x00000b42        0x0 /AtmelAvrToolchain/bin/../lib/gcc/avr/4.8.1/../../../../avr/lib/avr5/libc.a(eewr_block_atmega328p.o)
 .text          0x00000b42        0x0 /AtmelAvrToolchain/bin/../lib/gcc/avr/4.8.1/../../../../avr/lib/avr5/libc.a(eewr_byte_atmega328p.o)
 .text          0x00000b42        0x0 /AtmelAvrToolchain/bin/../lib/gcc/avr/4.8.1/../../../../avr/lib/avr5/libc.a(strnlen_P.o)
 .text          0x00000b42        0x0 /AtmelAvrToolchain/bin/../lib/gcc/avr/4.8.1/../../../../avr/lib/avr5/libc.a(strnlen.o)
 .text          0x00000b42        0x0 /AtmelAvrToolchain/bin/../lib/gcc/avr/4.8.1/../../../../avr/lib/avr5/libc.a(strrev.o)
 .text          0x00000b42        0x0 /AtmelAvrToolchain/bin/../lib/gcc/avr/4.8.1/../../../../avr/lib/avr5/libc.a(fputc.o)
 .text          0x00000b42        0x0 /AtmelAvrToolchain/bin/../lib/gcc/avr/4.8.1/../../../../avr/lib/avr5/libc.a(ultoa_invert.o)
 .text          0x00000b42        0x0 /AtmelAvrToolchain/bin/../lib/gcc/avr/4.8.1/avr5/libgcc.a(_prologue.o)
 .text          0x00000b42        0x0 /AtmelAvrToolchain/bin/../lib/gcc/avr/4.8.1/avr5/libgcc.a(_epilogue.o)
                0x00000b42                . = ALIGN (0x2)
 *(.text.*)
 .text.search_sensors_n
                0x00000b42       0x8a ./main.o
 .text.LcdPutTemp
                0x00000bcc       0x4a ./main.o
                0x00000bcc                LcdPutTemp
 .text.ShutOffADC
                0x00000c16       0x16 ./main.o
                0x00000c16                ShutOffADC
 .text.getSleep
                0x00000c2c       0x80 ./main.o
                0x00000c2c                getSleep
 .text.sleepPWS
                0x00000cac       0x12 ./main.o
                0x00000cac                sleepPWS
 .text.sleepPWRDown
                0x00000cbe       0x12 ./main.o
                0x00000cbe                sleepPWRDown
 .text.test_SN_sensors
                0x00000cd0       0x5e ./main.o
                0x00000cd0                test_SN_sensors
 .text.copyrSNsTogSNs
                0x00000d2e       0x2c ./main.o
                0x00000d2e                copyrSNsTogSNs
 .text.LcdPowerGoneStr
                0x00000d5a       0x40 ./main.o
                0x00000d5a                LcdPowerGoneStr
 .text.DisplayTemperature
                0x00000d9a      0x176 ./main.o
                0x00000d9a                DisplayTemperature
 .text.DoWatchDog
                0x00000f10       0x22 ./main.o
                0x00000f10                DoWatchDog
 .text.getTemperature
                0x00000f32       0x92 ./main.o
                0x00000f32                getTemperature
 .text.manageTemperatureEvent
                0x00000fc4      0x17a ./main.o
                0x00000fc4                manageTemperatureEvent
 .text.ValidSensorCode
                0x0000113e       0x28 ./main.o
                0x0000113e                ValidSensorCode
 .text.checkPresenceSN
                0x00001166       0xae ./main.o
                0x00001166                checkPresenceSN
 .text.manage_new_sensors
                0x00001214      0x340 ./main.o
                0x00001214                manage_new_sensors
 .text.resetSensNumber
                0x00001554       0x1a ./main.o
                0x00001554                resetSensNumber
 .text.sms_noready_sens
                0x0000156e      0x142 ./main.o
                0x0000156e                sms_noready_sens
 .text.sms_pumpStarted
                0x000016b0       0x54 ./main.o
                0x000016b0                sms_pumpStarted
 .text.sms_powerGone
                0x00001704       0xae ./main.o
                0x00001704                sms_powerGone
 .text.ManageOutdoorTempEvent
                0x000017b2       0x2e ./main.o
                0x000017b2                ManageOutdoorTempEvent
 .text.TestNoReadySensors
                0x000017e0       0x94 ./main.o
                0x000017e0                TestNoReadySensors
 .text.main     0x00001874     0x16c0 ./main.o
                0x00001874                main
 .text.__vector_18
                0x00002f34       0x56 ./uart/uart.o
                0x00002f34                __vector_18
 .text.__vector_19
                0x00002f8a       0x54 ./uart/uart.o
                0x00002f8a                __vector_19
 .text.uart_init
                0x00002fde       0x32 ./uart/uart.o
                0x00002fde                uart_init
 .text.uart_getc
                0x00003010       0x36 ./uart/uart.o
                0x00003010                uart_getc
 .text.uart_putc
                0x00003046       0x2a ./uart/uart.o
                0x00003046                uart_putc
 .text.uart_puts
                0x00003070       0x1e ./uart/uart.o
                0x00003070                uart_puts
 .text.uart_puts_p
                0x0000308e       0x24 ./uart/uart.o
                0x0000308e                uart_puts_p
 .text.uart_available
                0x000030b2       0x1a ./uart/uart.o
                0x000030b2                uart_available
 .text.uart_flush
                0x000030cc        0xa ./uart/uart.o
                0x000030cc                uart_flush
 .text.uart_put_int
                0x000030d6       0x36 ./uart/uart_addon.o
                0x000030d6                uart_put_int
 .text.WDT_off  0x0000310c       0x1a ./timer/timer.o
                0x0000310c                WDT_off
 .text.__vector_6
                0x00003126       0x1a ./timer/timer.o
                0x00003126                __vector_6
 .text.WDT_setup
                0x00003140       0x18 ./timer/timer.o
                0x00003140                WDT_setup
 .text.init_clock
                0x00003158       0x52 ./timer/timer.o
                0x00003158                init_clock
 .text.not_leap
                0x000031aa       0x5a ./timer/timer.o
                0x000031aa                not_leap
 .text.__vector_9
                0x00003204      0x130 ./timer/timer.o
                0x00003204                __vector_9
 .text.ResetDiscrepancy
                0x00003334        0xe ./onewire/1WireMaxim.o
                0x00003334                ResetDiscrepancy
 .text.OWReset  0x00003342       0xb6 ./onewire/1WireMaxim.o
                0x00003342                OWReset
 .text.OWWriteBit
                0x000033f8       0x78 ./onewire/1WireMaxim.o
                0x000033f8                OWWriteBit
 .text.OWWriteByte
                0x00003470       0x3c ./onewire/1WireMaxim.o
                0x00003470                OWWriteByte
 .text.OWReadBit
                0x000034ac       0x6e ./onewire/1WireMaxim.o
                0x000034ac                OWReadBit
 .text.OWMatchRom
                0x0000351a       0x2c ./onewire/1WireMaxim.o
                0x0000351a                OWMatchRom
 .text.docrc8   0x00003546       0x16 ./onewire/1WireMaxim.o
                0x00003546                docrc8
 .text.OWSearch
                0x0000355c      0x124 ./onewire/1WireMaxim.o
                0x0000355c                OWSearch
 .text.OWFirst  0x00003680       0x12 ./onewire/1WireMaxim.o
                0x00003680                OWFirst
 .text.OWNext   0x00003692        0x6 ./onewire/1WireMaxim.o
                0x00003692                OWNext
 .text.OWVerify
                0x00003698       0xbe ./onewire/1WireMaxim.o
                0x00003698                OWVerify
 .text.ow_set_bus
                0x00003756       0x2e ./onewire/onewire.o
                0x00003756                ow_set_bus
 .text.ow_input_pin_state
                0x00003784       0x12 ./onewire/onewire.o
                0x00003784                ow_input_pin_state
 .text.ow_parasite_enable
                0x00003796       0x26 ./onewire/onewire.o
                0x00003796                ow_parasite_enable
 .text.ow_bit_io_intern
                0x000037bc       0xc2 ./onewire/onewire.o
 .text.ow_parasite_disable
                0x0000387e       0x16 ./onewire/onewire.o
                0x0000387e                ow_parasite_disable
 .text.ow_bit_io
                0x00003894        0xa ./onewire/onewire.o
                0x00003894                ow_bit_io
 .text.ow_byte_wr
                0x0000389e       0x22 ./onewire/onewire.o
                0x0000389e                ow_byte_wr
 .text.ow_byte_wr_with_parasite_enable
                0x000038c0       0x34 ./onewire/onewire.o
                0x000038c0                ow_byte_wr_with_parasite_enable
 .text.ow_command_intern
                0x000038f4       0x5a ./onewire/onewire.o
 .text.ow_byte_rd
                0x0000394e        0x8 ./onewire/onewire.o
                0x0000394e                ow_byte_rd
 .text.ow_command
                0x00003956        0x8 ./onewire/onewire.o
                0x00003956                ow_command
 .text.ow_command_with_parasite_enable
                0x0000395e        0x8 ./onewire/onewire.o
                0x0000395e                ow_command_with_parasite_enable
 .text.LCD_send_bit
                0x00003966       0x28 ./lcd/lcd.o
                0x00003966                LCD_send_bit
 .text.LCD_send_byte
                0x0000398e       0x34 ./lcd/lcd.o
                0x0000398e                LCD_send_byte
 .text.LCD_send_command
                0x000039c2        0x8 ./lcd/lcd.o
                0x000039c2                LCD_send_command
 .text.LCD_send_data
                0x000039ca        0x8 ./lcd/lcd.o
                0x000039ca                LCD_send_data
 .text.LCD_Clear_Screen
                0x000039d2       0x32 ./lcd/lcd.o
                0x000039d2                LCD_Clear_Screen
 .text.LCD_initialize2
                0x00003a04       0xa8 ./lcd/lcd.o
                0x00003a04                LCD_initialize2
 .text.LCD_Update
                0x00003aac       0xe8 ./lcd/lcd.o
                0x00003aac                LCD_Update
 .text.LCD_UpdateBox
                0x00003b94       0x52 ./lcd/lcd.o
                0x00003b94                LCD_UpdateBox
 .text.LCD_Clear
                0x00003be6       0x3e ./lcd/lcd.o
                0x00003be6                LCD_Clear
 .text.LCD_drawPixel
                0x00003c24       0xd2 ./lcd/lcd.o
                0x00003c24                LCD_drawPixel
 .text.LCD_set_position2
                0x00003cf6       0x40 ./lcd/lcd.o
                0x00003cf6                LCD_set_position2
 .text.LCD_drawLine
                0x00003d36      0x12e ./lcd/lcd.o
                0x00003d36                LCD_drawLine
 .text.LCD_drawFastVLine
                0x00003e64       0x1c ./lcd/lcd.o
                0x00003e64                LCD_drawFastVLine
 .text.LCD_fillRect
                0x00003e80       0x50 ./lcd/lcd.o
                0x00003e80                LCD_fillRect
 .text.LCD_drawChar
                0x00003ed0      0x1ac ./lcd/lcd.o
                0x00003ed0                LCD_drawChar
 .text.LCD_write2
                0x0000407c       0xc0 ./lcd/lcd.o
                0x0000407c                LCD_write2
 .text.LCD_draw_string2
                0x0000413c       0x2a ./lcd/lcd.o
                0x0000413c                LCD_draw_string2
 .text.LCD_draw_string3
                0x00004166       0x1c ./lcd/lcd.o
                0x00004166                LCD_draw_string3
 .text.LCD_drawFastHLine
                0x00004182       0x1a ./lcd/lcd.o
                0x00004182                LCD_drawFastHLine
 .text.LCD_setTextSize
                0x0000419c        0xc ./lcd/lcd.o
                0x0000419c                LCD_setTextSize
 .text.NoneFunc
                0x000041a8        0x2 ./lcd/lcd.o
                0x000041a8                NoneFunc
 .text.LcdPutInt
                0x000041aa       0x3a ./lcd/lcd.o
                0x000041aa                LcdPutInt
 .text.LcdNextStr
                0x000041e4       0x28 ./lcd/lcd.o
                0x000041e4                LcdNextStr
 .text.LcdFirstLine
                0x0000420c        0xa ./lcd/lcd.o
                0x0000420c                LcdFirstLine
 .text.ReturnXPos
                0x00004216       0x56 ./lcd/lcd.o
                0x00004216                ReturnXPos
 .text.LcdWrite
                0x0000426c       0x18 ./lcd/lcd.o
                0x0000426c                LcdWrite
 .text.__vector_21
                0x00004284        0x4 ./keypad/keyadc.o
                0x00004284                __vector_21
 .text.__vector_23
                0x00004288        0x4 ./keypad/keyadc.o
                0x00004288                __vector_23
 .text.gsm_init
                0x0000428c       0x12 ./gsm-sms/sms.o
                0x0000428c                gsm_init
 .text.gsm_del_sms
                0x0000429e       0x3c ./gsm-sms/sms.o
                0x0000429e                gsm_del_sms
 .text.gsm_read_token
                0x000042da       0xb6 ./gsm-sms/sms.o
                0x000042da                gsm_read_token
 .text.gsm_remove_char
                0x00004390       0x74 ./gsm-sms/sms.o
                0x00004390                gsm_remove_char
 .text.gsm_command
                0x00004404       0x2a ./gsm-sms/sms.o
                0x00004404                gsm_command
 .text.gsm_text_sms
                0x0000442e        0xa ./gsm-sms/sms.o
                0x0000442e                gsm_text_sms
 .text.gsm_flush_buffer
                0x00004438       0x12 ./gsm-sms/sms.o
                0x00004438                gsm_flush_buffer
 .text.gsm_readline
                0x0000444a       0x7e ./gsm-sms/sms.o
                0x0000444a                gsm_readline
 .text.gsm_read_sms
                0x000044c8      0x16e ./gsm-sms/sms.o
                0x000044c8                gsm_read_sms
 .text.gsm_check_new_sms
                0x00004636      0x16a ./gsm-sms/sms.o
                0x00004636                gsm_check_new_sms
 .text.gsm_send_sms
                0x000047a0      0x26e ./gsm-sms/sms.o
                0x000047a0                gsm_send_sms
 .text.gsm_SIM_mem_used
                0x00004a0e      0x10c ./gsm-sms/sms.o
                0x00004a0e                gsm_SIM_mem_used
 .text.ExtInt0Enable
                0x00004b1a       0x16 ./extint/extint.o
                0x00004b1a                ExtInt0Enable
 .text.ExtInt0Disable
                0x00004b30        0x6 ./extint/extint.o
                0x00004b30                ExtInt0Disable
 .text.__vector_1
                0x00004b36       0x2c ./extint/extint.o
                0x00004b36                __vector_1
 .text.ExtInt1Enable
                0x00004b62       0x1e ./extint/extint.o
                0x00004b62                ExtInt1Enable
 .text.ExtInt1Disable
                0x00004b80        0x6 ./extint/extint.o
                0x00004b80                ExtInt1Disable
 .text.__vector_2
                0x00004b86       0x3c ./extint/extint.o
                0x00004b86                __vector_2
 .text.crc8     0x00004bc2       0x3a ./ds18x20/crc8.o
                0x00004bc2                crc8
 .text.DS18X20_raw_to_decicelsius
                0x00004bfc       0xe0 ./ds18x20/ds18x20.o
 .text.read_scratchpad
                0x00004cdc       0x5e ./ds18x20/ds18x20.o
 .text.send_power_10ms
                0x00004d3a       0x1a ./ds18x20/ds18x20.o
                0x00004d3a                send_power_10ms
 .text.DS18X20_get_power_status
                0x00004d54       0x3a ./ds18x20/ds18x20.o
                0x00004d54                DS18X20_get_power_status
 .text.DS18X20_start_meas
                0x00004d8e       0x52 ./ds18x20/ds18x20.o
                0x00004d8e                DS18X20_start_meas
 .text.DS18X20_conversion_in_progress
                0x00004de0       0x1a ./ds18x20/ds18x20.o
                0x00004de0                DS18X20_conversion_in_progress
 .text.DS18X20_format_from_decicelsius
                0x00004dfa      0x10a ./ds18x20/ds18x20.o
                0x00004dfa                DS18X20_format_from_decicelsius
 .text.DS18X20_read_decicelsius
                0x00004f04       0x76 ./ds18x20/ds18x20.o
                0x00004f04                DS18X20_read_decicelsius
 .text.DS18X20_read_decicelsius_single
                0x00004f7a       0x64 ./ds18x20/ds18x20.o
                0x00004f7a                DS18X20_read_decicelsius_single
 .text.libgcc.mul
                0x00004fde        0x0 /AtmelAvrToolchain/bin/../lib/gcc/avr/4.8.1/avr5/libgcc.a(_divmodhi4.o)
 .text.libgcc.div
                0x00004fde       0x28 /AtmelAvrToolchain/bin/../lib/gcc/avr/4.8.1/avr5/libgcc.a(_divmodhi4.o)
                0x00004fde                __divmodhi4
                0x00004fde                _div
 .text.libgcc   0x00005006        0x0 /AtmelAvrToolchain/bin/../lib/gcc/avr/4.8.1/avr5/libgcc.a(_divmodhi4.o)
 .text.libgcc.prologue
                0x00005006        0x0 /AtmelAvrToolchain/bin/../lib/gcc/avr/4.8.1/avr5/libgcc.a(_divmodhi4.o)
 .text.libgcc.builtins
                0x00005006        0x0 /AtmelAvrToolchain/bin/../lib/gcc/avr/4.8.1/avr5/libgcc.a(_divmodhi4.o)
 .text.libgcc.fmul
                0x00005006        0x0 /AtmelAvrToolchain/bin/../lib/gcc/avr/4.8.1/avr5/libgcc.a(_divmodhi4.o)
 .text.libgcc.fixed
                0x00005006        0x0 /AtmelAvrToolchain/bin/../lib/gcc/avr/4.8.1/avr5/libgcc.a(_divmodhi4.o)
 .text.libgcc.mul
                0x00005006        0x0 /AtmelAvrToolchain/bin/../lib/gcc/avr/4.8.1/avr5/libgcc.a(_exit.o)
 .text.libgcc.div
                0x00005006        0x0 /AtmelAvrToolchain/bin/../lib/gcc/avr/4.8.1/avr5/libgcc.a(_exit.o)
 .text.libgcc   0x00005006        0x0 /AtmelAvrToolchain/bin/../lib/gcc/avr/4.8.1/avr5/libgcc.a(_exit.o)
 .text.libgcc.prologue
                0x00005006        0x0 /AtmelAvrToolchain/bin/../lib/gcc/avr/4.8.1/avr5/libgcc.a(_exit.o)
 .text.libgcc.builtins
                0x00005006        0x0 /AtmelAvrToolchain/bin/../lib/gcc/avr/4.8.1/avr5/libgcc.a(_exit.o)
 .text.libgcc.fmul
                0x00005006        0x0 /AtmelAvrToolchain/bin/../lib/gcc/avr/4.8.1/avr5/libgcc.a(_exit.o)
 .text.libgcc.fixed
                0x00005006        0x0 /AtmelAvrToolchain/bin/../lib/gcc/avr/4.8.1/avr5/libgcc.a(_exit.o)
 .text.libgcc.mul
                0x00005006        0x0 /AtmelAvrToolchain/bin/../lib/gcc/avr/4.8.1/avr5/libgcc.a(_tablejump.o)
 .text.libgcc.div
                0x00005006        0x0 /AtmelAvrToolchain/bin/../lib/gcc/avr/4.8.1/avr5/libgcc.a(_tablejump.o)
 .text.libgcc   0x00005006        0xc /AtmelAvrToolchain/bin/../lib/gcc/avr/4.8.1/avr5/libgcc.a(_tablejump.o)
                0x00005006                __tablejump2__
                0x0000500a                __tablejump__
 .text.libgcc.prologue
                0x00005012        0x0 /AtmelAvrToolchain/bin/../lib/gcc/avr/4.8.1/avr5/libgcc.a(_tablejump.o)
 .text.libgcc.builtins
                0x00005012        0x0 /AtmelAvrToolchain/bin/../lib/gcc/avr/4.8.1/avr5/libgcc.a(_tablejump.o)
 .text.libgcc.fmul
                0x00005012        0x0 /AtmelAvrToolchain/bin/../lib/gcc/avr/4.8.1/avr5/libgcc.a(_tablejump.o)
 .text.libgcc.fixed
                0x00005012        0x0 /AtmelAvrToolchain/bin/../lib/gcc/avr/4.8.1/avr5/libgcc.a(_tablejump.o)
 .text.libgcc.mul
                0x00005012        0x0 /AtmelAvrToolchain/bin/../lib/gcc/avr/4.8.1/avr5/libgcc.a(_copy_data.o)
 .text.libgcc.div
                0x00005012        0x0 /AtmelAvrToolchain/bin/../lib/gcc/avr/4.8.1/avr5/libgcc.a(_copy_data.o)
 .text.libgcc   0x00005012        0x0 /AtmelAvrToolchain/bin/../lib/gcc/avr/4.8.1/avr5/libgcc.a(_copy_data.o)
 .text.libgcc.prologue
                0x00005012        0x0 /AtmelAvrToolchain/bin/../lib/gcc/avr/4.8.1/avr5/libgcc.a(_copy_data.o)
 .text.libgcc.builtins
                0x00005012        0x0 /AtmelAvrToolchain/bin/../lib/gcc/avr/4.8.1/avr5/libgcc.a(_copy_data.o)
 .text.libgcc.fmul
                0x00005012        0x0 /AtmelAvrToolchain/bin/../lib/gcc/avr/4.8.1/avr5/libgcc.a(_copy_data.o)
 .text.libgcc.fixed
                0x00005012        0x0 /AtmelAvrToolchain/bin/../lib/gcc/avr/4.8.1/avr5/libgcc.a(_copy_data.o)
 .text.libgcc.mul
                0x00005012        0x0 /AtmelAvrToolchain/bin/../lib/gcc/avr/4.8.1/avr5/libgcc.a(_clear_bss.o)
 .text.libgcc.div
                0x00005012        0x0 /AtmelAvrToolchain/bin/../lib/gcc/avr/4.8.1/avr5/libgcc.a(_clear_bss.o)
 .text.libgcc   0x00005012        0x0 /AtmelAvrToolchain/bin/../lib/gcc/avr/4.8.1/avr5/libgcc.a(_clear_bss.o)
 .text.libgcc.prologue
                0x00005012        0x0 /AtmelAvrToolchain/bin/../lib/gcc/avr/4.8.1/avr5/libgcc.a(_clear_bss.o)
 .text.libgcc.builtins
                0x00005012        0x0 /AtmelAvrToolchain/bin/../lib/gcc/avr/4.8.1/avr5/libgcc.a(_clear_bss.o)
 .text.libgcc.fmul
                0x00005012        0x0 /AtmelAvrToolchain/bin/../lib/gcc/avr/4.8.1/avr5/libgcc.a(_clear_bss.o)
 .text.libgcc.fixed
                0x00005012        0x0 /AtmelAvrToolchain/bin/../lib/gcc/avr/4.8.1/avr5/libgcc.a(_clear_bss.o)
 .text.libgcc.mul
                0x00005012       0x1e /AtmelAvrToolchain/bin/../lib/gcc/avr/4.8.1/avr5/libgcc.a(_umulhisi3.o)
                0x00005012                __umulhisi3
 .text.libgcc.div
                0x00005030        0x0 /AtmelAvrToolchain/bin/../lib/gcc/avr/4.8.1/avr5/libgcc.a(_umulhisi3.o)
 .text.libgcc   0x00005030        0x0 /AtmelAvrToolchain/bin/../lib/gcc/avr/4.8.1/avr5/libgcc.a(_umulhisi3.o)
 .text.libgcc.prologue
                0x00005030        0x0 /AtmelAvrToolchain/bin/../lib/gcc/avr/4.8.1/avr5/libgcc.a(_umulhisi3.o)
 .text.libgcc.builtins
                0x00005030        0x0 /AtmelAvrToolchain/bin/../lib/gcc/avr/4.8.1/avr5/libgcc.a(_umulhisi3.o)
 .text.libgcc.fmul
                0x00005030        0x0 /AtmelAvrToolchain/bin/../lib/gcc/avr/4.8.1/avr5/libgcc.a(_umulhisi3.o)
 .text.libgcc.fixed
                0x00005030        0x0 /AtmelAvrToolchain/bin/../lib/gcc/avr/4.8.1/avr5/libgcc.a(_umulhisi3.o)
 .text.libgcc.mul
                0x00005030        0x0 /AtmelAvrToolchain/bin/../lib/gcc/avr/4.8.1/avr5/libgcc.a(_udivmodhi4.o)
 .text.libgcc.div
                0x00005030       0x28 /AtmelAvrToolchain/bin/../lib/gcc/avr/4.8.1/avr5/libgcc.a(_udivmodhi4.o)
                0x00005030                __udivmodhi4
 .text.libgcc   0x00005058        0x0 /AtmelAvrToolchain/bin/../lib/gcc/avr/4.8.1/avr5/libgcc.a(_udivmodhi4.o)
 .text.libgcc.prologue
                0x00005058        0x0 /AtmelAvrToolchain/bin/../lib/gcc/avr/4.8.1/avr5/libgcc.a(_udivmodhi4.o)
 .text.libgcc.builtins
                0x00005058        0x0 /AtmelAvrToolchain/bin/../lib/gcc/avr/4.8.1/avr5/libgcc.a(_udivmodhi4.o)
 .text.libgcc.fmul
                0x00005058        0x0 /AtmelAvrToolchain/bin/../lib/gcc/avr/4.8.1/avr5/libgcc.a(_udivmodhi4.o)
 .text.libgcc.fixed
                0x00005058        0x0 /AtmelAvrToolchain/bin/../lib/gcc/avr/4.8.1/avr5/libgcc.a(_udivmodhi4.o)
 .text.avr-libc
                0x00005058      0x24e /AtmelAvrToolchain/bin/../lib/gcc/avr/4.8.1/../../../../avr/lib/avr5/libc.a(malloc.o)
                0x00005058                malloc
                0x00005188                free
 .text.avr-libc
                0x000052a6        0xa /AtmelAvrToolchain/bin/../lib/gcc/avr/4.8.1/../../../../avr/lib/avr5/libc.a(abort.o)
                0x000052a6                abort
 .text.avr-libc
                0x000052b0       0x3c /AtmelAvrToolchain/bin/../lib/gcc/avr/4.8.1/../../../../avr/lib/avr5/libc.a(atoi.o)
                0x000052b0                atoi
 .text.avr-libc
                0x000052ec       0x1e /AtmelAvrToolchain/bin/../lib/gcc/avr/4.8.1/../../../../avr/lib/avr5/libc.a(strncpy_P.o)
                0x000052ec                strncpy_P
 .text.avr-libc
                0x0000530a        0xa /AtmelAvrToolchain/bin/../lib/gcc/avr/4.8.1/../../../../avr/lib/avr5/libc.a(strtok.o)
                0x0000530a                strtok
 .text.avr-libc
                0x00005314       0x1a /AtmelAvrToolchain/bin/../lib/gcc/avr/4.8.1/../../../../avr/lib/avr5/libc.a(memcmp.o)
                0x00005314                memcmp
 .text.avr-libc
                0x0000532e        0xe /AtmelAvrToolchain/bin/../lib/gcc/avr/4.8.1/../../../../avr/lib/avr5/libc.a(strcpy.o)
                0x0000532e                strcpy
 .text.avr-libc
                0x0000533c       0x20 /AtmelAvrToolchain/bin/../lib/gcc/avr/4.8.1/../../../../avr/lib/avr5/libc.a(strncat.o)
                0x0000533c                strncat
 .text.avr-libc
                0x0000535c       0x1e /AtmelAvrToolchain/bin/../lib/gcc/avr/4.8.1/../../../../avr/lib/avr5/libc.a(strncpy.o)
                0x0000535c                strncpy
 .text.avr-libc
                0x0000537a       0x34 /AtmelAvrToolchain/bin/../lib/gcc/avr/4.8.1/../../../../avr/lib/avr5/libc.a(strstr.o)
                0x0000537a                strstr
 .text.avr-libc
                0x000053ae       0x4e /AtmelAvrToolchain/bin/../lib/gcc/avr/4.8.1/../../../../avr/lib/avr5/libc.a(strtok_r.o)
                0x000053ae                strtok_r
 .text.avr-libc
                0x000053fc       0x16 /AtmelAvrToolchain/bin/../lib/gcc/avr/4.8.1/../../../../avr/lib/avr5/libc.a(itoa_ncheck.o)
                0x000053fc                __itoa_ncheck
 .text.avr-libc
                0x00005412       0x10 /AtmelAvrToolchain/bin/../lib/gcc/avr/4.8.1/../../../../avr/lib/avr5/libc.a(mul10.o)
                0x00005412                __mulhi_const_10
 .text.avr-libc
                0x00005422       0x34 /AtmelAvrToolchain/bin/../lib/gcc/avr/4.8.1/../../../../avr/lib/avr5/libc.a(utoa_ncheck.o)
                0x00005422                __utoa_ncheck
                0x00005424                __utoa_common
 .text.avr-libc
                0x00005456       0x28 /AtmelAvrToolchain/bin/../lib/gcc/avr/4.8.1/../../../../avr/lib/avr5/libc.a(printf.o)
                0x00005456                printf
 .text.avr-libc
                0x0000547e       0x44 /AtmelAvrToolchain/bin/../lib/gcc/avr/4.8.1/../../../../avr/lib/avr5/libc.a(printf_p.o)
                0x0000547e                printf_P
 .text.avr-libc
                0x000054c2        0xe /AtmelAvrToolchain/bin/../lib/gcc/avr/4.8.1/../../../../avr/lib/avr5/libc.a(putchar.o)
                0x000054c2                putchar
 .text.avr-libc
                0x000054d0       0x5a /AtmelAvrToolchain/bin/../lib/gcc/avr/4.8.1/../../../../avr/lib/avr5/libc.a(puts.o)
                0x000054d0                puts
 .text.avr-libc
                0x0000552a       0x44 /AtmelAvrToolchain/bin/../lib/gcc/avr/4.8.1/../../../../avr/lib/avr5/libc.a(sprintf_p.o)
                0x0000552a                sprintf_P
 .text.avr-libc
                0x0000556e      0x3a4 /AtmelAvrToolchain/bin/../lib/gcc/avr/4.8.1/../../../../avr/lib/avr5/libc.a(vfprintf_std.o)
                0x0000556e                vfprintf
 .text.avr-libc
                0x00005912       0x20 /AtmelAvrToolchain/bin/../lib/gcc/avr/4.8.1/../../../../avr/lib/avr5/libc.a(eerd_block_atmega328p.o)
                0x00005912                __eerd_block_m328p
                0x00005916                __eerd_blraw_m328p
 .text.avr-libc
                0x00005932       0x10 /AtmelAvrToolchain/bin/../lib/gcc/avr/4.8.1/../../../../avr/lib/avr5/libc.a(eerd_byte_atmega328p.o)
                0x00005932                __eerd_byte_m328p
 .text.avr-libc
                0x00005942       0x20 /AtmelAvrToolchain/bin/../lib/gcc/avr/4.8.1/../../../../avr/lib/avr5/libc.a(eeupd_block_atmega328p.o)
                0x00005942                __eeupd_block_m328p
 .text.avr-libc
                0x00005962       0x24 /AtmelAvrToolchain/bin/../lib/gcc/avr/4.8.1/../../../../avr/lib/avr5/libc.a(eeupd_byte_atmega328p.o)
                0x00005962                __eeupd_byte_m328p
                0x00005964                __eeupd_r18_m328p
 .text.avr-libc
                0x00005986       0x14 /AtmelAvrToolchain/bin/../lib/gcc/avr/4.8.1/../../../../avr/lib/avr5/libc.a(eewr_block_atmega328p.o)
                0x00005986                __eewr_block_m328p
 .text.avr-libc
                0x0000599a       0x1c /AtmelAvrToolchain/bin/../lib/gcc/avr/4.8.1/../../../../avr/lib/avr5/libc.a(eewr_byte_atmega328p.o)
                0x0000599a                __eewr_byte_m328p
                0x0000599c                __eewr_r18_m328p
 .text.avr-libc
                0x000059b6       0x16 /AtmelAvrToolchain/bin/../lib/gcc/avr/4.8.1/../../../../avr/lib/avr5/libc.a(strnlen_P.o)
                0x000059b6                strnlen_P
 .text.avr-libc
                0x000059cc       0x16 /AtmelAvrToolchain/bin/../lib/gcc/avr/4.8.1/../../../../avr/lib/avr5/libc.a(strnlen.o)
                0x000059cc                strnlen
 .text.avr-libc
                0x000059e2       0x20 /AtmelAvrToolchain/bin/../lib/gcc/avr/4.8.1/../../../../avr/lib/avr5/libc.a(strrev.o)
                0x000059e2                strrev
 .text.avr-libc
                0x00005a02       0x64 /AtmelAvrToolchain/bin/../lib/gcc/avr/4.8.1/../../../../avr/lib/avr5/libc.a(fputc.o)
                0x00005a02                fputc
 .text.avr-libc
                0x00005a66       0xbc /AtmelAvrToolchain/bin/../lib/gcc/avr/4.8.1/../../../../avr/lib/avr5/libc.a(ultoa_invert.o)
                0x00005a66                __ultoa_invert
 .text.libgcc.mul
                0x00005b22        0x0 /AtmelAvrToolchain/bin/../lib/gcc/avr/4.8.1/avr5/libgcc.a(_prologue.o)
 .text.libgcc.div
                0x00005b22        0x0 /AtmelAvrToolchain/bin/../lib/gcc/avr/4.8.1/avr5/libgcc.a(_prologue.o)
 .text.libgcc   0x00005b22        0x0 /AtmelAvrToolchain/bin/../lib/gcc/avr/4.8.1/avr5/libgcc.a(_prologue.o)
 .text.libgcc.prologue
                0x00005b22       0x38 /AtmelAvrToolchain/bin/../lib/gcc/avr/4.8.1/avr5/libgcc.a(_prologue.o)
                0x00005b22                __prologue_saves__
 .text.libgcc.builtins
                0x00005b5a        0x0 /AtmelAvrToolchain/bin/../lib/gcc/avr/4.8.1/avr5/libgcc.a(_prologue.o)
 .text.libgcc.fmul
                0x00005b5a        0x0 /AtmelAvrToolchain/bin/../lib/gcc/avr/4.8.1/avr5/libgcc.a(_prologue.o)
 .text.libgcc.fixed
                0x00005b5a        0x0 /AtmelAvrToolchain/bin/../lib/gcc/avr/4.8.1/avr5/libgcc.a(_prologue.o)
 .text.libgcc.mul
                0x00005b5a        0x0 /AtmelAvrToolchain/bin/../lib/gcc/avr/4.8.1/avr5/libgcc.a(_epilogue.o)
 .text.libgcc.div
                0x00005b5a        0x0 /AtmelAvrToolchain/bin/../lib/gcc/avr/4.8.1/avr5/libgcc.a(_epilogue.o)
 .text.libgcc   0x00005b5a        0x0 /AtmelAvrToolchain/bin/../lib/gcc/avr/4.8.1/avr5/libgcc.a(_epilogue.o)
 .text.libgcc.prologue
                0x00005b5a       0x36 /AtmelAvrToolchain/bin/../lib/gcc/avr/4.8.1/avr5/libgcc.a(_epilogue.o)
                0x00005b5a                __epilogue_restores__
 .text.libgcc.builtins
                0x00005b90        0x0 /AtmelAvrToolchain/bin/../lib/gcc/avr/4.8.1/avr5/libgcc.a(_epilogue.o)
 .text.libgcc.fmul
                0x00005b90        0x0 /AtmelAvrToolchain/bin/../lib/gcc/avr/4.8.1/avr5/libgcc.a(_epilogue.o)
 .text.libgcc.fixed
                0x00005b90        0x0 /AtmelAvrToolchain/bin/../lib/gcc/avr/4.8.1/avr5/libgcc.a(_epilogue.o)
                0x00005b90                . = ALIGN (0x2)
 *(.fini9)
 .fini9         0x00005b90        0x0 /AtmelAvrToolchain/bin/../lib/gcc/avr/4.8.1/avr5/libgcc.a(_exit.o)
                0x00005b90                exit
                0x00005b90                _exit
 *(.fini9)
 *(.fini8)
 *(.fini8)
 *(.fini7)
 *(.fini7)
 *(.fini6)
 *(.fini6)
 *(.fini5)
 *(.fini5)
 *(.fini4)
 *(.fini4)
 *(.fini3)
 *(.fini3)
 *(.fini2)
 *(.fini2)
 *(.fini1)
 *(.fini1)
 *(.fini0)
 .fini0         0x00005b90        0x4 /AtmelAvrToolchain/bin/../lib/gcc/avr/4.8.1/avr5/libgcc.a(_exit.o)
 *(.fini0)
                0x00005b94                _etext = .

.data           0x00800100      0x1a2 load address 0x00005b94
                0x00800100                PROVIDE (__data_start, .)
 *(.data)
 .data          0x00800100        0x0 /AtmelAvrToolchain/bin/../lib/gcc/avr/4.8.1/../../../../avr/lib/avr5/crtm328p.o
 .data          0x00800100        0x0 ./main.o
 .data          0x00800100        0x0 ./uart/uart.o
 .data          0x00800100        0x0 ./uart/uart_addon.o
 .data          0x00800100        0x0 ./timer/timer.o
 .data          0x00800100        0x0 ./onewire/1WireMaxim.o
 .data          0x00800100        0x0 ./onewire/onewire.o
 .data          0x00800100        0x0 ./lcd/lcd.o
 .data          0x00800100        0x2 ./keypad/adc.o
                0x00800100                AdcVal
                0x00800101                KeyPressed
 .data          0x00800102        0x0 ./keypad/keyadc.o
 .data          0x00800102        0x0 ./gsm-sms/sms.o
 .data          0x00800102        0x0 ./extint/extint.o
 .data          0x00800102        0x0 ./ds18x20/crc8.o
 .data          0x00800102        0x0 ./ds18x20/ds18x20.o
 .data          0x00800102        0x0 /AtmelAvrToolchain/bin/../lib/gcc/avr/4.8.1/avr5/libgcc.a(_divmodhi4.o)
 .data          0x00800102        0x0 /AtmelAvrToolchain/bin/../lib/gcc/avr/4.8.1/avr5/libgcc.a(_exit.o)
 .data          0x00800102        0x0 /AtmelAvrToolchain/bin/../lib/gcc/avr/4.8.1/avr5/libgcc.a(_tablejump.o)
 .data          0x00800102        0x0 /AtmelAvrToolchain/bin/../lib/gcc/avr/4.8.1/avr5/libgcc.a(_copy_data.o)
 .data          0x00800102        0x0 /AtmelAvrToolchain/bin/../lib/gcc/avr/4.8.1/avr5/libgcc.a(_clear_bss.o)
 .data          0x00800102        0x0 /AtmelAvrToolchain/bin/../lib/gcc/avr/4.8.1/avr5/libgcc.a(_umulhisi3.o)
 .data          0x00800102        0x0 /AtmelAvrToolchain/bin/../lib/gcc/avr/4.8.1/avr5/libgcc.a(_udivmodhi4.o)
 .data          0x00800102        0x6 /AtmelAvrToolchain/bin/../lib/gcc/avr/4.8.1/../../../../avr/lib/avr5/libc.a(malloc.o)
                0x00800102                __malloc_heap_end
                0x00800104                __malloc_heap_start
                0x00800106                __malloc_margin
 .data          0x00800108        0x0 /AtmelAvrToolchain/bin/../lib/gcc/avr/4.8.1/../../../../avr/lib/avr5/libc.a(abort.o)
 .data          0x00800108        0x0 /AtmelAvrToolchain/bin/../lib/gcc/avr/4.8.1/../../../../avr/lib/avr5/libc.a(atoi.o)
 .data          0x00800108        0x0 /AtmelAvrToolchain/bin/../lib/gcc/avr/4.8.1/../../../../avr/lib/avr5/libc.a(strncpy_P.o)
 .data          0x00800108        0x0 /AtmelAvrToolchain/bin/../lib/gcc/avr/4.8.1/../../../../avr/lib/avr5/libc.a(strtok.o)
 .data          0x00800108        0x0 /AtmelAvrToolchain/bin/../lib/gcc/avr/4.8.1/../../../../avr/lib/avr5/libc.a(memcmp.o)
 .data          0x00800108        0x0 /AtmelAvrToolchain/bin/../lib/gcc/avr/4.8.1/../../../../avr/lib/avr5/libc.a(strcpy.o)
 .data          0x00800108        0x0 /AtmelAvrToolchain/bin/../lib/gcc/avr/4.8.1/../../../../avr/lib/avr5/libc.a(strncat.o)
 .data          0x00800108        0x0 /AtmelAvrToolchain/bin/../lib/gcc/avr/4.8.1/../../../../avr/lib/avr5/libc.a(strncpy.o)
 .data          0x00800108        0x0 /AtmelAvrToolchain/bin/../lib/gcc/avr/4.8.1/../../../../avr/lib/avr5/libc.a(strstr.o)
 .data          0x00800108        0x0 /AtmelAvrToolchain/bin/../lib/gcc/avr/4.8.1/../../../../avr/lib/avr5/libc.a(strtok_r.o)
 .data          0x00800108        0x0 /AtmelAvrToolchain/bin/../lib/gcc/avr/4.8.1/../../../../avr/lib/avr5/libc.a(itoa_ncheck.o)
 .data          0x00800108        0x0 /AtmelAvrToolchain/bin/../lib/gcc/avr/4.8.1/../../../../avr/lib/avr5/libc.a(mul10.o)
 .data          0x00800108        0x0 /AtmelAvrToolchain/bin/../lib/gcc/avr/4.8.1/../../../../avr/lib/avr5/libc.a(utoa_ncheck.o)
 .data          0x00800108        0x0 /AtmelAvrToolchain/bin/../lib/gcc/avr/4.8.1/../../../../avr/lib/avr5/libc.a(iob.o)
 .data          0x00800108        0x0 /AtmelAvrToolchain/bin/../lib/gcc/avr/4.8.1/../../../../avr/lib/avr5/libc.a(printf.o)
 .data          0x00800108        0x0 /AtmelAvrToolchain/bin/../lib/gcc/avr/4.8.1/../../../../avr/lib/avr5/libc.a(printf_p.o)
 .data          0x00800108        0x0 /AtmelAvrToolchain/bin/../lib/gcc/avr/4.8.1/../../../../avr/lib/avr5/libc.a(putchar.o)
 .data          0x00800108        0x0 /AtmelAvrToolchain/bin/../lib/gcc/avr/4.8.1/../../../../avr/lib/avr5/libc.a(puts.o)
 .data          0x00800108        0x0 /AtmelAvrToolchain/bin/../lib/gcc/avr/4.8.1/../../../../avr/lib/avr5/libc.a(sprintf_p.o)
 .data          0x00800108        0x0 /AtmelAvrToolchain/bin/../lib/gcc/avr/4.8.1/../../../../avr/lib/avr5/libc.a(vfprintf_std.o)
 .data          0x00800108        0x0 /AtmelAvrToolchain/bin/../lib/gcc/avr/4.8.1/../../../../avr/lib/avr5/libc.a(eerd_block_atmega328p.o)
 .data          0x00800108        0x0 /AtmelAvrToolchain/bin/../lib/gcc/avr/4.8.1/../../../../avr/lib/avr5/libc.a(eerd_byte_atmega328p.o)
 .data          0x00800108        0x0 /AtmelAvrToolchain/bin/../lib/gcc/avr/4.8.1/../../../../avr/lib/avr5/libc.a(eeupd_block_atmega328p.o)
 .data          0x00800108        0x0 /AtmelAvrToolchain/bin/../lib/gcc/avr/4.8.1/../../../../avr/lib/avr5/libc.a(eeupd_byte_atmega328p.o)
 .data          0x00800108        0x0 /AtmelAvrToolchain/bin/../lib/gcc/avr/4.8.1/../../../../avr/lib/avr5/libc.a(eewr_block_atmega328p.o)
 .data          0x00800108        0x0 /AtmelAvrToolchain/bin/../lib/gcc/avr/4.8.1/../../../../avr/lib/avr5/libc.a(eewr_byte_atmega328p.o)
 .data          0x00800108        0x0 /AtmelAvrToolchain/bin/../lib/gcc/avr/4.8.1/../../../../avr/lib/avr5/libc.a(strnlen_P.o)
 .data          0x00800108        0x0 /AtmelAvrToolchain/bin/../lib/gcc/avr/4.8.1/../../../../avr/lib/avr5/libc.a(strnlen.o)
 .data          0x00800108        0x0 /AtmelAvrToolchain/bin/../lib/gcc/avr/4.8.1/../../../../avr/lib/avr5/libc.a(strrev.o)
 .data          0x00800108        0x0 /AtmelAvrToolchain/bin/../lib/gcc/avr/4.8.1/../../../../avr/lib/avr5/libc.a(fputc.o)
 .data          0x00800108        0x0 /AtmelAvrToolchain/bin/../lib/gcc/avr/4.8.1/../../../../avr/lib/avr5/libc.a(ultoa_invert.o)
 .data          0x00800108        0x0 /AtmelAvrToolchain/bin/../lib/gcc/avr/4.8.1/avr5/libgcc.a(_prologue.o)
 .data          0x00800108        0x0 /AtmelAvrToolchain/bin/../lib/gcc/avr/4.8.1/avr5/libgcc.a(_epilogue.o)
 *(.data*)
 .data.mausure_temperature_ok
                0x00800108        0x1 ./main.o
 .data.lcd_str  0x00800109        0xe ./main.o
 .data.tAsync   0x00800117        0x7 ./timer/timer.o
                0x00800117                tAsync
 .data.textsize
                0x0080011e        0x1 ./lcd/lcd.o
 .data.yUpdateMax
                0x0080011f        0x1 ./lcd/lcd.o
                0x0080011f                yUpdateMax
 .data.xUpdateMax
                0x00800120        0x1 ./lcd/lcd.o
                0x00800120                xUpdateMax
 .data.gsm_send_byte
                0x00800121        0x2 ./gsm-sms/sms.o
                0x00800121                gsm_send_byte
 .data.gsm_get_byte
                0x00800123        0x2 ./gsm-sms/sms.o
                0x00800123                gsm_get_byte
 *(.rodata)
 *(.rodata*)
 .rodata.str1.1
                0x00800125       0x24 ./main.o
                                 0x41 (size before relaxing)
 .rodata.dscrc_table
                0x00800149      0x100 ./onewire/1WireMaxim.o
 .rodata.str1.1
                0x00800249       0x58 ./gsm-sms/sms.o
 *(.gnu.linkonce.d*)
                0x008002a2                . = ALIGN (0x2)
 *fill*         0x008002a1        0x1 
                0x008002a2                _edata = .
                0x008002a2                PROVIDE (__data_end, .)

.bss            0x008002a2      0x45d
                0x008002a2                PROVIDE (__bss_start, .)
 *(.bss)
 .bss           0x008002a2        0x0 /AtmelAvrToolchain/bin/../lib/gcc/avr/4.8.1/../../../../avr/lib/avr5/crtm328p.o
 .bss           0x008002a2        0x0 ./main.o
 .bss           0x008002a2        0x0 ./uart/uart.o
 .bss           0x008002a2        0x0 ./uart/uart_addon.o
 .bss           0x008002a2        0x0 ./timer/timer.o
 .bss           0x008002a2        0x0 ./onewire/1WireMaxim.o
 .bss           0x008002a2        0x0 ./onewire/onewire.o
 .bss           0x008002a2        0x0 ./lcd/lcd.o
 .bss           0x008002a2        0x0 ./keypad/adc.o
 .bss           0x008002a2        0x0 ./keypad/keyadc.o
 .bss           0x008002a2        0x0 ./gsm-sms/sms.o
 .bss           0x008002a2        0x0 ./extint/extint.o
 .bss           0x008002a2        0x0 ./ds18x20/crc8.o
 .bss           0x008002a2        0x0 ./ds18x20/ds18x20.o
 .bss           0x008002a2        0x0 /AtmelAvrToolchain/bin/../lib/gcc/avr/4.8.1/avr5/libgcc.a(_divmodhi4.o)
 .bss           0x008002a2        0x0 /AtmelAvrToolchain/bin/../lib/gcc/avr/4.8.1/avr5/libgcc.a(_exit.o)
 .bss           0x008002a2        0x0 /AtmelAvrToolchain/bin/../lib/gcc/avr/4.8.1/avr5/libgcc.a(_tablejump.o)
 .bss           0x008002a2        0x0 /AtmelAvrToolchain/bin/../lib/gcc/avr/4.8.1/avr5/libgcc.a(_copy_data.o)
 .bss           0x008002a2        0x0 /AtmelAvrToolchain/bin/../lib/gcc/avr/4.8.1/avr5/libgcc.a(_clear_bss.o)
 .bss           0x008002a2        0x0 /AtmelAvrToolchain/bin/../lib/gcc/avr/4.8.1/avr5/libgcc.a(_umulhisi3.o)
 .bss           0x008002a2        0x0 /AtmelAvrToolchain/bin/../lib/gcc/avr/4.8.1/avr5/libgcc.a(_udivmodhi4.o)
 .bss           0x008002a2        0x0 /AtmelAvrToolchain/bin/../lib/gcc/avr/4.8.1/../../../../avr/lib/avr5/libc.a(malloc.o)
 .bss           0x008002a2        0x0 /AtmelAvrToolchain/bin/../lib/gcc/avr/4.8.1/../../../../avr/lib/avr5/libc.a(abort.o)
 .bss           0x008002a2        0x0 /AtmelAvrToolchain/bin/../lib/gcc/avr/4.8.1/../../../../avr/lib/avr5/libc.a(atoi.o)
 .bss           0x008002a2        0x0 /AtmelAvrToolchain/bin/../lib/gcc/avr/4.8.1/../../../../avr/lib/avr5/libc.a(strncpy_P.o)
 .bss           0x008002a2        0x2 /AtmelAvrToolchain/bin/../lib/gcc/avr/4.8.1/../../../../avr/lib/avr5/libc.a(strtok.o)
 .bss           0x008002a4        0x0 /AtmelAvrToolchain/bin/../lib/gcc/avr/4.8.1/../../../../avr/lib/avr5/libc.a(memcmp.o)
 .bss           0x008002a4        0x0 /AtmelAvrToolchain/bin/../lib/gcc/avr/4.8.1/../../../../avr/lib/avr5/libc.a(strcpy.o)
 .bss           0x008002a4        0x0 /AtmelAvrToolchain/bin/../lib/gcc/avr/4.8.1/../../../../avr/lib/avr5/libc.a(strncat.o)
 .bss           0x008002a4        0x0 /AtmelAvrToolchain/bin/../lib/gcc/avr/4.8.1/../../../../avr/lib/avr5/libc.a(strncpy.o)
 .bss           0x008002a4        0x0 /AtmelAvrToolchain/bin/../lib/gcc/avr/4.8.1/../../../../avr/lib/avr5/libc.a(strstr.o)
 .bss           0x008002a4        0x0 /AtmelAvrToolchain/bin/../lib/gcc/avr/4.8.1/../../../../avr/lib/avr5/libc.a(strtok_r.o)
 .bss           0x008002a4        0x0 /AtmelAvrToolchain/bin/../lib/gcc/avr/4.8.1/../../../../avr/lib/avr5/libc.a(itoa_ncheck.o)
 .bss           0x008002a4        0x0 /AtmelAvrToolchain/bin/../lib/gcc/avr/4.8.1/../../../../avr/lib/avr5/libc.a(mul10.o)
 .bss           0x008002a4        0x0 /AtmelAvrToolchain/bin/../lib/gcc/avr/4.8.1/../../../../avr/lib/avr5/libc.a(utoa_ncheck.o)
 .bss           0x008002a4        0x0 /AtmelAvrToolchain/bin/../lib/gcc/avr/4.8.1/../../../../avr/lib/avr5/libc.a(iob.o)
 .bss           0x008002a4        0x0 /AtmelAvrToolchain/bin/../lib/gcc/avr/4.8.1/../../../../avr/lib/avr5/libc.a(printf.o)
 .bss           0x008002a4        0x0 /AtmelAvrToolchain/bin/../lib/gcc/avr/4.8.1/../../../../avr/lib/avr5/libc.a(printf_p.o)
 .bss           0x008002a4        0x0 /AtmelAvrToolchain/bin/../lib/gcc/avr/4.8.1/../../../../avr/lib/avr5/libc.a(putchar.o)
 .bss           0x008002a4        0x0 /AtmelAvrToolchain/bin/../lib/gcc/avr/4.8.1/../../../../avr/lib/avr5/libc.a(puts.o)
 .bss           0x008002a4        0x0 /AtmelAvrToolchain/bin/../lib/gcc/avr/4.8.1/../../../../avr/lib/avr5/libc.a(sprintf_p.o)
 .bss           0x008002a4        0x0 /AtmelAvrToolchain/bin/../lib/gcc/avr/4.8.1/../../../../avr/lib/avr5/libc.a(vfprintf_std.o)
 .bss           0x008002a4        0x0 /AtmelAvrToolchain/bin/../lib/gcc/avr/4.8.1/../../../../avr/lib/avr5/libc.a(eerd_block_atmega328p.o)
 .bss           0x008002a4        0x0 /AtmelAvrToolchain/bin/../lib/gcc/avr/4.8.1/../../../../avr/lib/avr5/libc.a(eerd_byte_atmega328p.o)
 .bss           0x008002a4        0x0 /AtmelAvrToolchain/bin/../lib/gcc/avr/4.8.1/../../../../avr/lib/avr5/libc.a(eeupd_block_atmega328p.o)
 .bss           0x008002a4        0x0 /AtmelAvrToolchain/bin/../lib/gcc/avr/4.8.1/../../../../avr/lib/avr5/libc.a(eeupd_byte_atmega328p.o)
 .bss           0x008002a4        0x0 /AtmelAvrToolchain/bin/../lib/gcc/avr/4.8.1/../../../../avr/lib/avr5/libc.a(eewr_block_atmega328p.o)
 .bss           0x008002a4        0x0 /AtmelAvrToolchain/bin/../lib/gcc/avr/4.8.1/../../../../avr/lib/avr5/libc.a(eewr_byte_atmega328p.o)
 .bss           0x008002a4        0x0 /AtmelAvrToolchain/bin/../lib/gcc/avr/4.8.1/../../../../avr/lib/avr5/libc.a(strnlen_P.o)
 .bss           0x008002a4        0x0 /AtmelAvrToolchain/bin/../lib/gcc/avr/4.8.1/../../../../avr/lib/avr5/libc.a(strnlen.o)
 .bss           0x008002a4        0x0 /AtmelAvrToolchain/bin/../lib/gcc/avr/4.8.1/../../../../avr/lib/avr5/libc.a(strrev.o)
 .bss           0x008002a4        0x0 /AtmelAvrToolchain/bin/../lib/gcc/avr/4.8.1/../../../../avr/lib/avr5/libc.a(fputc.o)
 .bss           0x008002a4        0x0 /AtmelAvrToolchain/bin/../lib/gcc/avr/4.8.1/../../../../avr/lib/avr5/libc.a(ultoa_invert.o)
 .bss           0x008002a4        0x0 /AtmelAvrToolchain/bin/../lib/gcc/avr/4.8.1/avr5/libgcc.a(_prologue.o)
 .bss           0x008002a4        0x0 /AtmelAvrToolchain/bin/../lib/gcc/avr/4.8.1/avr5/libgcc.a(_epilogue.o)
 *(.bss*)
 .bss.fl        0x008002a4        0x1 ./main.o
 .bss.MenuPhase
                0x008002a5        0x1 ./main.o
 .bss.LastPhase
                0x008002a6        0x1 ./main.o
 .bss.MainLoopPhase
                0x008002a7        0x1 ./main.o
 .bss.SleepTime
                0x008002a8        0x2 ./main.o
 .bss.TempAct   0x008002aa        0x2 ./main.o
 .bss.gSensorIDs
                0x008002ac       0x20 ./main.o
 .bss.oldDisplaySens
                0x008002cc        0x1 ./main.o
 .bss.kg        0x008002cd        0x1 ./main.o
 .bss.noready_sens
                0x008002ce        0x4 ./main.o
 .bss.btest_new_sensors
                0x008002d2        0x1 ./main.o
 .bss.nwSen_Phase
                0x008002d3        0x1 ./main.o
 .bss.sn_noready_counter
                0x008002d4        0x4 ./main.o
 .bss.sn_presence
                0x008002d8        0x4 ./main.o
 .bss.WATCHDOG_STATE
                0x008002dc        0x1 ./main.o
                0x008002dc                WATCHDOG_STATE
 .bss.UART_LastRxError
                0x008002dd        0x1 ./uart/uart.o
 .bss.UART_RxTail
                0x008002de        0x1 ./uart/uart.o
 .bss.UART_RxHead
                0x008002df        0x1 ./uart/uart.o
 .bss.UART_TxTail
                0x008002e0        0x1 ./uart/uart.o
 .bss.UART_TxHead
                0x008002e1        0x1 ./uart/uart.o
 .bss.UART_RxBuf
                0x008002e2       0x20 ./uart/uart.o
 .bss.UART_TxBuf
                0x00800302       0x20 ./uart/uart.o
 .bss.wait_powergone
                0x00800322        0x1 ./timer/timer.o
                0x00800322                wait_powergone
 .bss.Cursor_Y  0x00800323        0x1 ./lcd/lcd.o
 .bss.Cursor_X  0x00800324        0x1 ./lcd/lcd.o
 .bss.yUpdateMin
                0x00800325        0x1 ./lcd/lcd.o
                0x00800325                yUpdateMin
 .bss.xUpdateMin
                0x00800326        0x1 ./lcd/lcd.o
                0x00800326                xUpdateMin
 .bss.y         0x00800327        0x2 ./lcd/lcd.o
                0x00800327                y
 .bss.x         0x00800329        0x2 ./lcd/lcd.o
                0x00800329                x
 .bss.index.2312
                0x0080032b        0xf ./gsm-sms/sms.o
 .bss.powergone
                0x0080033a        0x1 ./extint/extint.o
                0x0080033a                powergone
 .bss.extstate  0x0080033b        0x1 ./extint/extint.o
                0x0080033b                extstate
 *(COMMON)
 COMMON         0x0080033c       0x44 ./main.o
                0x0080033c                rTempInDoorMin
                0x0080033d                rTempInDoorMax
                0x0080033e                rTempDiffSupplyReturnMax
                0x0080033f                temper
                0x00800347                PrefHeatting
                0x00800348                wbuffer
                0x00800367                nSensors
                0x00800368                rTempOutDoorMin
                0x00800369                rSensorIDs
                0x0080036b                temp_for_hour
                0x0080036c                telNumber
                0x0080037b                ReadyWATCHDOG
                0x0080037c                rTempSupplyMin
                0x0080037d                rTempSupplyMax
                0x0080037e                rTempDiffSupplyReturnMin
                0x0080037f                rTempOutDoorMax
 COMMON         0x00800380        0x1 ./timer/timer.o
                0x00800380                TimeKeyPressed
 COMMON         0x00800381        0xc ./onewire/1WireMaxim.o
                0x00800381                ROM_NO
                0x00800389                LastFamilyDiscrepancy
                0x0080038a                LastDeviceFlag
                0x0080038b                crc8m
                0x0080038c                LastDiscrepancy
 COMMON         0x0080038d        0x8 ./onewire/onewire.o
                0x0080038d                OW_OUT
                0x0080038f                OW_PIN_MASK
                0x00800390                OW_IN
                0x00800392                OW_PIN
                0x00800393                OW_DDR
 COMMON         0x00800395      0x360 ./lcd/lcd.o
                0x00800395                LCDCache
 COMMON         0x008006f5        0x4 /AtmelAvrToolchain/bin/../lib/gcc/avr/4.8.1/../../../../avr/lib/avr5/libc.a(malloc.o)
                0x008006f5                __brkval
                0x008006f7                __flp
 COMMON         0x008006f9        0x6 /AtmelAvrToolchain/bin/../lib/gcc/avr/4.8.1/../../../../avr/lib/avr5/libc.a(iob.o)
                0x008006f9                __iob
                0x008006ff                PROVIDE (__bss_end, .)
                0x00005b94                __data_load_start = LOADADDR (.data)
                0x00005d36                __data_load_end = (__data_load_start + SIZEOF (.data))

.noinit         0x008006ff        0x0
                0x008006ff                PROVIDE (__noinit_start, .)
 *(.noinit*)
                0x008006ff                PROVIDE (__noinit_end, .)
                0x008006ff                _end = .
                0x008006ff                PROVIDE (__heap_start, .)

.eeprom         0x00810000       0x37
 *(.eeprom*)
 .eeprom        0x00810000       0x37 ./main.o
                0x00810000                etelNumber
                0x0081000f                eSensorIDs
                0x0081002f                TempDiffSupplyReturnMax
                0x00810030                TempDiffSupplyReturnMin
                0x00810031                TempSupplyMax
                0x00810032                TempSupplyMin
                0x00810033                TempOutDoorMax
                0x00810034                TempOutDoorMin
                0x00810035                TempInDoorMax
                0x00810036                TempInDoorMin
                0x00810037                __eeprom_end = .

.fuse           0x00820000        0x3
 *(.fuse)
 .fuse          0x00820000        0x3 ./main.o
                0x00820000                __fuse
 *(.lfuse)
 *(.hfuse)
 *(.efuse)

.lock
 *(.lock*)

.signature
 *(.signature*)

.user_signatures
 *(.user_signatures*)

.stab           0x00000000      0x510
 *(.stab)
 .stab          0x00000000      0x510 ./keypad/adc.o

.stabstr        0x00000000       0x21
 *(.stabstr)
 .stabstr       0x00000000       0x21 ./keypad/adc.o

.stab.excl
 *(.stab.excl)

.stab.exclstr
 *(.stab.exclstr)

.stab.index
 *(.stab.index)

.stab.indexstr
 *(.stab.indexstr)

.comment        0x00000000       0x5c
 *(.comment)
 .comment       0x00000000       0x30 ./main.o
                                 0x31 (size before relaxing)
 .comment       0x00000000       0x31 ./uart/uart.o
 .comment       0x00000000       0x31 ./uart/uart_addon.o
 .comment       0x00000000       0x31 ./timer/timer.o
 .comment       0x00000000       0x31 ./onewire/1WireMaxim.o
 .comment       0x00000000       0x31 ./onewire/onewire.o
 .comment       0x00000000       0x31 ./lcd/lcd.o
 .comment       0x00000000       0x31 ./keypad/keyadc.o
 .comment       0x00000000       0x31 ./gsm-sms/sms.o
 .comment       0x00000000       0x31 ./extint/extint.o
 .comment       0x00000000       0x31 ./ds18x20/crc8.o
 .comment       0x00000000       0x31 ./ds18x20/ds18x20.o
 .comment       0x00000000       0x31 /AtmelAvrToolchain/bin/../lib/gcc/avr/4.8.1/../../../../avr/lib/avr5/libc.a(malloc.o)
 .comment       0x00000000       0x31 /AtmelAvrToolchain/bin/../lib/gcc/avr/4.8.1/../../../../avr/lib/avr5/libc.a(strtok.o)
 .comment       0x00000000       0x31 /AtmelAvrToolchain/bin/../lib/gcc/avr/4.8.1/../../../../avr/lib/avr5/libc.a(iob.o)
 .comment       0x00000000       0x31 /AtmelAvrToolchain/bin/../lib/gcc/avr/4.8.1/../../../../avr/lib/avr5/libc.a(printf.o)
 .comment       0x00000000       0x31 /AtmelAvrToolchain/bin/../lib/gcc/avr/4.8.1/../../../../avr/lib/avr5/libc.a(printf_p.o)
 .comment       0x00000000       0x31 /AtmelAvrToolchain/bin/../lib/gcc/avr/4.8.1/../../../../avr/lib/avr5/libc.a(putchar.o)
 .comment       0x00000000       0x31 /AtmelAvrToolchain/bin/../lib/gcc/avr/4.8.1/../../../../avr/lib/avr5/libc.a(puts.o)
 .comment       0x00000000       0x31 /AtmelAvrToolchain/bin/../lib/gcc/avr/4.8.1/../../../../avr/lib/avr5/libc.a(sprintf_p.o)
 .comment       0x00000030       0x2c /AtmelAvrToolchain/bin/../lib/gcc/avr/4.8.1/../../../../avr/lib/avr5/libc.a(vfprintf_std.o)
                                 0x2d (size before relaxing)
 .comment       0x00000000       0x31 /AtmelAvrToolchain/bin/../lib/gcc/avr/4.8.1/../../../../avr/lib/avr5/libc.a(fputc.o)

.note.gnu.build-id
 *(.note.gnu.build-id)

.debug
 *(.debug)

.line
 *(.line)

.debug_srcinfo
 *(.debug_srcinfo)

.debug_sfnames
 *(.debug_sfnames)

.debug_aranges  0x00000000      0x4d0
 *(.debug_aranges)
 .debug_aranges
                0x00000000       0xd0 ./main.o
 .debug_aranges
                0x000000d0       0x60 ./uart/uart.o
 .debug_aranges
                0x00000130       0x20 ./uart/uart_addon.o
 .debug_aranges
                0x00000150       0x48 ./timer/timer.o
 .debug_aranges
                0x00000198       0x70 ./onewire/1WireMaxim.o
 .debug_aranges
                0x00000208       0x78 ./onewire/onewire.o
 .debug_aranges
                0x00000280       0xe8 ./lcd/lcd.o
 .debug_aranges
                0x00000368       0x28 ./keypad/keyadc.o
 .debug_aranges
                0x00000390       0x78 ./gsm-sms/sms.o
 .debug_aranges
                0x00000408       0x48 ./extint/extint.o
 .debug_aranges
                0x00000450       0x20 ./ds18x20/crc8.o
 .debug_aranges
                0x00000470       0x60 ./ds18x20/ds18x20.o

.debug_pubnames
 *(.debug_pubnames)

.debug_info     0x00000000     0x6bd8
 *(.debug_info .gnu.linkonce.wi.*)
 .debug_info    0x00000000     0x27d5 ./main.o
 .debug_info    0x000027d5      0x32e ./uart/uart.o
 .debug_info    0x00002b03      0x1d8 ./uart/uart_addon.o
 .debug_info    0x00002cdb      0x1cb ./timer/timer.o
 .debug_info    0x00002ea6      0x731 ./onewire/1WireMaxim.o
 .debug_info    0x000035d7      0x637 ./onewire/onewire.o
 .debug_info    0x00003c0e     0x12a8 ./lcd/lcd.o
 .debug_info    0x00004eb6       0x8e ./keypad/keyadc.o
 .debug_info    0x00004f44     0x12d0 ./gsm-sms/sms.o
 .debug_info    0x00006214      0x129 ./extint/extint.o
 .debug_info    0x0000633d      0x104 ./ds18x20/crc8.o
 .debug_info    0x00006441      0x797 ./ds18x20/ds18x20.o

.debug_abbrev   0x00000000     0x1983
 *(.debug_abbrev)
 .debug_abbrev  0x00000000      0x4e8 ./main.o
 .debug_abbrev  0x000004e8      0x143 ./uart/uart.o
 .debug_abbrev  0x0000062b      0x16d ./uart/uart_addon.o
 .debug_abbrev  0x00000798       0xfe ./timer/timer.o
 .debug_abbrev  0x00000896      0x27e ./onewire/1WireMaxim.o
 .debug_abbrev  0x00000b14      0x2a9 ./onewire/onewire.o
 .debug_abbrev  0x00000dbd      0x43d ./lcd/lcd.o
 .debug_abbrev  0x000011fa       0x44 ./keypad/keyadc.o
 .debug_abbrev  0x0000123e      0x38c ./gsm-sms/sms.o
 .debug_abbrev  0x000015ca       0x8b ./extint/extint.o
 .debug_abbrev  0x00001655       0x8b ./ds18x20/crc8.o
 .debug_abbrev  0x000016e0      0x2a3 ./ds18x20/ds18x20.o

.debug_line     0x00000000     0x1ccc
 *(.debug_line .debug_line.* .debug_line_end)
 .debug_line    0x00000000      0x9d0 ./main.o
 .debug_line    0x000009d0      0x123 ./uart/uart.o
 .debug_line    0x00000af3       0x83 ./uart/uart_addon.o
 .debug_line    0x00000b76      0x11d ./timer/timer.o
 .debug_line    0x00000c93      0x26e ./onewire/1WireMaxim.o
 .debug_line    0x00000f01      0x1cf ./onewire/onewire.o
 .debug_line    0x000010d0      0x49f ./lcd/lcd.o
 .debug_line    0x0000156f       0x51 ./keypad/keyadc.o
 .debug_line    0x000015c0      0x349 ./gsm-sms/sms.o
 .debug_line    0x00001909       0xd1 ./extint/extint.o
 .debug_line    0x000019da       0x7e ./ds18x20/crc8.o
 .debug_line    0x00001a58      0x274 ./ds18x20/ds18x20.o

.debug_frame    0x00000000     0x1068
 *(.debug_frame)
 .debug_frame   0x00000000      0x414 ./main.o
 .debug_frame   0x00000414      0x100 ./uart/uart.o
 .debug_frame   0x00000514       0x34 ./uart/uart_addon.o
 .debug_frame   0x00000548       0xc8 ./timer/timer.o
 .debug_frame   0x00000610      0x13c ./onewire/1WireMaxim.o
 .debug_frame   0x0000074c      0x118 ./onewire/onewire.o
 .debug_frame   0x00000864      0x354 ./lcd/lcd.o
 .debug_frame   0x00000bb8       0x34 ./keypad/keyadc.o
 .debug_frame   0x00000bec      0x270 ./gsm-sms/sms.o
 .debug_frame   0x00000e5c       0x94 ./extint/extint.o
 .debug_frame   0x00000ef0       0x24 ./ds18x20/crc8.o
 .debug_frame   0x00000f14      0x154 ./ds18x20/ds18x20.o

.debug_str      0x00000000     0x1499
 *(.debug_str)
 .debug_str     0x00000000      0xbd2 ./main.o
                                0xd2c (size before relaxing)
 .debug_str     0x00000bd2      0x103 ./uart/uart.o
                                0x279 (size before relaxing)
 .debug_str     0x00000cd5       0x45 ./uart/uart_addon.o
                                0x1b1 (size before relaxing)
 .debug_str     0x00000d1a       0x46 ./timer/timer.o
                                0x1fb (size before relaxing)
 .debug_str     0x00000d60      0x18c ./onewire/1WireMaxim.o
                                0x35d (size before relaxing)
 .debug_str     0x00000eec      0x10d ./onewire/onewire.o
                                0x301 (size before relaxing)
 .debug_str     0x00000ff9      0x1a7 ./lcd/lcd.o
                                0x493 (size before relaxing)
 .debug_str     0x000011a0       0x2b ./keypad/keyadc.o
                                0x173 (size before relaxing)
 .debug_str     0x000011cb      0x14d ./gsm-sms/sms.o
                                0x3ae (size before relaxing)
 .debug_str     0x00001318       0x38 ./extint/extint.o
                                0x1da (size before relaxing)
 .debug_str     0x00001350       0x4e ./ds18x20/crc8.o
                                0x1b1 (size before relaxing)
 .debug_str     0x0000139e       0xfb ./ds18x20/ds18x20.o
                                0x3a8 (size before relaxing)

.debug_loc      0x00000000     0x5a73
 *(.debug_loc)
 .debug_loc     0x00000000     0x1f9d ./main.o
 .debug_loc     0x00001f9d      0x334 ./uart/uart.o
 .debug_loc     0x000022d1       0x93 ./uart/uart_addon.o
 .debug_loc     0x00002364      0x17c ./timer/timer.o
 .debug_loc     0x000024e0      0x735 ./onewire/1WireMaxim.o
 .debug_loc     0x00002c15      0x3d9 ./onewire/onewire.o
 .debug_loc     0x00002fee      0xf82 ./lcd/lcd.o
 .debug_loc     0x00003f70      0xff8 ./gsm-sms/sms.o
 .debug_loc     0x00004f68       0x78 ./extint/extint.o
 .debug_loc     0x00004fe0      0x1c0 ./ds18x20/crc8.o
 .debug_loc     0x000051a0      0x8d3 ./ds18x20/ds18x20.o

.debug_macinfo
 *(.debug_macinfo)

.debug_weaknames
 *(.debug_weaknames)

.debug_funcnames
 *(.debug_funcnames)

.debug_typenames
 *(.debug_typenames)

.debug_varnames
 *(.debug_varnames)

.debug_pubtypes
 *(.debug_pubtypes)

.debug_ranges   0x00000000      0x4a8
 *(.debug_ranges)
 .debug_ranges  0x00000000       0xc0 ./main.o
 .debug_ranges  0x000000c0       0x68 ./uart/uart.o
 .debug_ranges  0x00000128       0x10 ./uart/uart_addon.o
 .debug_ranges  0x00000138       0x38 ./timer/timer.o
 .debug_ranges  0x00000170       0x60 ./onewire/1WireMaxim.o
 .debug_ranges  0x000001d0       0x68 ./onewire/onewire.o
 .debug_ranges  0x00000238      0x158 ./lcd/lcd.o
 .debug_ranges  0x00000390       0x18 ./keypad/keyadc.o
 .debug_ranges  0x000003a8       0x68 ./gsm-sms/sms.o
 .debug_ranges  0x00000410       0x38 ./extint/extint.o
 .debug_ranges  0x00000448       0x10 ./ds18x20/crc8.o
 .debug_ranges  0x00000458       0x50 ./ds18x20/ds18x20.o

.debug_macro
 *(.debug_macro)
OUTPUT(A328Pn3310DS18x20_n.elf elf32-avr)
LOAD linker stubs
