Archive member included because of file (symbol)

/AtmelAvrToolchain/bin/../lib/gcc/avr/4.8.1/avr5/libgcc.a(_divmodhi4.o)
                              ./uart/uart.o (__divmodhi4)
/AtmelAvrToolchain/bin/../lib/gcc/avr/4.8.1/avr5/libgcc.a(_exit.o)
                              /AtmelAvrToolchain/bin/../lib/gcc/avr/4.8.1/../../../../avr/lib/avr5/crtm328p.o (exit)
/AtmelAvrToolchain/bin/../lib/gcc/avr/4.8.1/avr5/libgcc.a(_tablejump.o)
                              ./main.o (__tablejump2__)
/AtmelAvrToolchain/bin/../lib/gcc/avr/4.8.1/avr5/libgcc.a(_copy_data.o)
                              ./main.o (__do_copy_data)
/AtmelAvrToolchain/bin/../lib/gcc/avr/4.8.1/avr5/libgcc.a(_clear_bss.o)
                              ./main.o (__do_clear_bss)
/AtmelAvrToolchain/bin/../lib/gcc/avr/4.8.1/avr5/libgcc.a(_umulhisi3.o)
                              ./timer/timer.o (__umulhisi3)
/AtmelAvrToolchain/bin/../lib/gcc/avr/4.8.1/avr5/libgcc.a(_udivmodhi4.o)
                              /AtmelAvrToolchain/bin/../lib/gcc/avr/4.8.1/avr5/libgcc.a(_divmodhi4.o) (__udivmodhi4)
/AtmelAvrToolchain/bin/../lib/gcc/avr/4.8.1/../../../../avr/lib/avr5/libc.a(malloc.o)
                              ./main.o (malloc)
/AtmelAvrToolchain/bin/../lib/gcc/avr/4.8.1/../../../../avr/lib/avr5/libc.a(abort.o)
                              ./main.o (abort)
/AtmelAvrToolchain/bin/../lib/gcc/avr/4.8.1/../../../../avr/lib/avr5/libc.a(atoi.o)
                              ./main.o (atoi)
/AtmelAvrToolchain/bin/../lib/gcc/avr/4.8.1/../../../../avr/lib/avr5/libc.a(strncpy_P.o)
                              ./main.o (strncpy_P)
/AtmelAvrToolchain/bin/../lib/gcc/avr/4.8.1/../../../../avr/lib/avr5/libc.a(strtok.o)
                              ./gsm-sms/sms.o (strtok)
/AtmelAvrToolchain/bin/../lib/gcc/avr/4.8.1/../../../../avr/lib/avr5/libc.a(memcmp.o)
                              ./main.o (memcmp)
/AtmelAvrToolchain/bin/../lib/gcc/avr/4.8.1/../../../../avr/lib/avr5/libc.a(strcpy.o)
                              ./gsm-sms/sms.o (strcpy)
/AtmelAvrToolchain/bin/../lib/gcc/avr/4.8.1/../../../../avr/lib/avr5/libc.a(strncat.o)
                              ./main.o (strncat)
/AtmelAvrToolchain/bin/../lib/gcc/avr/4.8.1/../../../../avr/lib/avr5/libc.a(strncpy.o)
                              ./main.o (strncpy)
/AtmelAvrToolchain/bin/../lib/gcc/avr/4.8.1/../../../../avr/lib/avr5/libc.a(strstr.o)
                              ./gsm-sms/sms.o (strstr)
/AtmelAvrToolchain/bin/../lib/gcc/avr/4.8.1/../../../../avr/lib/avr5/libc.a(strtok_r.o)
                              /AtmelAvrToolchain/bin/../lib/gcc/avr/4.8.1/../../../../avr/lib/avr5/libc.a(strtok.o) (strtok_r)
/AtmelAvrToolchain/bin/../lib/gcc/avr/4.8.1/../../../../avr/lib/avr5/libc.a(itoa_ncheck.o)
                              ./uart/uart_addon.o (__itoa_ncheck)
/AtmelAvrToolchain/bin/../lib/gcc/avr/4.8.1/../../../../avr/lib/avr5/libc.a(mul10.o)
                              /AtmelAvrToolchain/bin/../lib/gcc/avr/4.8.1/../../../../avr/lib/avr5/libc.a(atoi.o) (__mulhi_const_10)
/AtmelAvrToolchain/bin/../lib/gcc/avr/4.8.1/../../../../avr/lib/avr5/libc.a(utoa_ncheck.o)
                              /AtmelAvrToolchain/bin/../lib/gcc/avr/4.8.1/../../../../avr/lib/avr5/libc.a(itoa_ncheck.o) (__utoa_common)
/AtmelAvrToolchain/bin/../lib/gcc/avr/4.8.1/../../../../avr/lib/avr5/libc.a(iob.o)
                              ./main.o (__iob)
/AtmelAvrToolchain/bin/../lib/gcc/avr/4.8.1/../../../../avr/lib/avr5/libc.a(printf.o)
                              ./main.o (printf)
/AtmelAvrToolchain/bin/../lib/gcc/avr/4.8.1/../../../../avr/lib/avr5/libc.a(printf_p.o)
                              ./main.o (printf_P)
/AtmelAvrToolchain/bin/../lib/gcc/avr/4.8.1/../../../../avr/lib/avr5/libc.a(putchar.o)
                              ./main.o (putchar)
/AtmelAvrToolchain/bin/../lib/gcc/avr/4.8.1/../../../../avr/lib/avr5/libc.a(puts.o)
                              ./gsm-sms/sms.o (puts)
/AtmelAvrToolchain/bin/../lib/gcc/avr/4.8.1/../../../../avr/lib/avr5/libc.a(sprintf_p.o)
                              ./main.o (sprintf_P)
/AtmelAvrToolchain/bin/../lib/gcc/avr/4.8.1/../../../../avr/lib/avr5/libc.a(vfprintf_std.o)
                              /AtmelAvrToolchain/bin/../lib/gcc/avr/4.8.1/../../../../avr/lib/avr5/libc.a(printf.o) (vfprintf)
/AtmelAvrToolchain/bin/../lib/gcc/avr/4.8.1/../../../../avr/lib/avr5/libc.a(eerd_block_atmega328p.o)
                              ./main.o (__eerd_block_m328p)
/AtmelAvrToolchain/bin/../lib/gcc/avr/4.8.1/../../../../avr/lib/avr5/libc.a(eerd_byte_atmega328p.o)
                              ./main.o (__eerd_byte_m328p)
/AtmelAvrToolchain/bin/../lib/gcc/avr/4.8.1/../../../../avr/lib/avr5/libc.a(eeupd_block_atmega328p.o)
                              ./main.o (__eeupd_block_m328p)
/AtmelAvrToolchain/bin/../lib/gcc/avr/4.8.1/../../../../avr/lib/avr5/libc.a(eeupd_byte_atmega328p.o)
                              ./main.o (__eeupd_byte_m328p)
/AtmelAvrToolchain/bin/../lib/gcc/avr/4.8.1/../../../../avr/lib/avr5/libc.a(eewr_block_atmega328p.o)
                              ./main.o (__eewr_block_m328p)
/AtmelAvrToolchain/bin/../lib/gcc/avr/4.8.1/../../../../avr/lib/avr5/libc.a(eewr_byte_atmega328p.o)
                              /AtmelAvrToolchain/bin/../lib/gcc/avr/4.8.1/../../../../avr/lib/avr5/libc.a(eewr_block_atmega328p.o) (__eewr_r18_m328p)
/AtmelAvrToolchain/bin/../lib/gcc/avr/4.8.1/../../../../avr/lib/avr5/libc.a(strnlen_P.o)
                              /AtmelAvrToolchain/bin/../lib/gcc/avr/4.8.1/../../../../avr/lib/avr5/libc.a(vfprintf_std.o) (strnlen_P)
/AtmelAvrToolchain/bin/../lib/gcc/avr/4.8.1/../../../../avr/lib/avr5/libc.a(strnlen.o)
                              /AtmelAvrToolchain/bin/../lib/gcc/avr/4.8.1/../../../../avr/lib/avr5/libc.a(vfprintf_std.o) (strnlen)
/AtmelAvrToolchain/bin/../lib/gcc/avr/4.8.1/../../../../avr/lib/avr5/libc.a(strrev.o)
                              /AtmelAvrToolchain/bin/../lib/gcc/avr/4.8.1/../../../../avr/lib/avr5/libc.a(utoa_ncheck.o) (strrev)
/AtmelAvrToolchain/bin/../lib/gcc/avr/4.8.1/../../../../avr/lib/avr5/libc.a(fputc.o)
                              /AtmelAvrToolchain/bin/../lib/gcc/avr/4.8.1/../../../../avr/lib/avr5/libc.a(putchar.o) (fputc)
/AtmelAvrToolchain/bin/../lib/gcc/avr/4.8.1/../../../../avr/lib/avr5/libc.a(ultoa_invert.o)
                              /AtmelAvrToolchain/bin/../lib/gcc/avr/4.8.1/../../../../avr/lib/avr5/libc.a(vfprintf_std.o) (__ultoa_invert)
/AtmelAvrToolchain/bin/../lib/gcc/avr/4.8.1/avr5/libgcc.a(_prologue.o)
                              /AtmelAvrToolchain/bin/../lib/gcc/avr/4.8.1/../../../../avr/lib/avr5/libc.a(printf.o) (__prologue_saves__)
/AtmelAvrToolchain/bin/../lib/gcc/avr/4.8.1/avr5/libgcc.a(_epilogue.o)
                              /AtmelAvrToolchain/bin/../lib/gcc/avr/4.8.1/../../../../avr/lib/avr5/libc.a(printf.o) (__epilogue_restores__)

Allocating common symbols
Common symbol       size              file

OW_OUT              0x2               ./onewire/onewire.o
rTempInDoorMin      0x1               ./main.o
rTempInDoorMax      0x1               ./main.o
OW_PIN_MASK         0x1               ./onewire/onewire.o
rTempDiffSupplyReturnMax
                    0x1               ./main.o
temper              0x4               ./main.o
PrefHeatting        0x1               ./main.o
wbuffer             0x1f              ./main.o
nSensors            0x1               ./main.o
rTempOutDoorMin     0x1               ./main.o
LCDCache            0x360             ./lcd/lcd.o
rSensorIDs          0x2               ./main.o
OW_IN               0x2               ./onewire/onewire.o
ROM_NO              0x8               ./onewire/1WireMaxim.o
temp_for_hour       0x1               ./main.o
__brkval            0x2               /AtmelAvrToolchain/bin/../lib/gcc/avr/4.8.1/../../../../avr/lib/avr5/libc.a(malloc.o)
telNumber           0xf               ./main.o
OW_PIN              0x1               ./onewire/onewire.o
ReadyWATCHDOG       0x1               ./main.o
LastFamilyDiscrepancy
                    0x1               ./onewire/1WireMaxim.o
OW_DDR              0x2               ./onewire/onewire.o
rTempSupplyMin      0x1               ./main.o
rTempSupplyMax      0x1               ./main.o
rTempDiffSupplyReturnMin
                    0x1               ./main.o
LastDeviceFlag      0x1               ./onewire/1WireMaxim.o
crc8m               0x1               ./onewire/1WireMaxim.o
LastDiscrepancy     0x1               ./onewire/1WireMaxim.o
__flp               0x2               /AtmelAvrToolchain/bin/../lib/gcc/avr/4.8.1/../../../../avr/lib/avr5/libc.a(malloc.o)
CheckNoReadySNCounter
                    0x1               ./timer/timer.o
__iob               0x6               /AtmelAvrToolchain/bin/../lib/gcc/avr/4.8.1/../../../../avr/lib/avr5/libc.a(iob.o)
TimeKeyPressed      0x1               ./timer/timer.o
rTempOutDoorMax     0x1               ./main.o

Memory Configuration

Name             Origin             Length             Attributes
text             0x00000000         0x00020000         xr
data             0x00800060         0x0000ffa0         rw !x
eeprom           0x00810000         0x00010000         rw !x
fuse             0x00820000         0x00000400         rw !x
lock             0x00830000         0x00000400         rw !x
signature        0x00840000         0x00000400         rw !x
user_signatures  0x00850000         0x00000400         rw !x
*default*        0x00000000         0xffffffff

Linker script and memory map

Address of section .data set to 0x800100
LOAD /AtmelAvrToolchain/bin/../lib/gcc/avr/4.8.1/../../../../avr/lib/avr5/crtm328p.o
LOAD ./main.o
LOAD ./uart/uart.o
LOAD ./uart/uart_addon.o
LOAD ./timer/timer.o
LOAD ./onewire/1WireMaxim.o
LOAD ./onewire/onewire.o
LOAD ./lcd/lcd.o
LOAD ./keypad/adc.o
LOAD ./keypad/keyadc.o
LOAD ./gsm-sms/sms.o
LOAD ./extint/extint.o
LOAD ./ds18x20/crc8.o
LOAD ./ds18x20/ds18x20.o
START GROUP
LOAD /AtmelAvrToolchain/bin/../lib/gcc/avr/4.8.1/avr5/libgcc.a
LOAD /AtmelAvrToolchain/bin/../lib/gcc/avr/4.8.1/../../../../avr/lib/avr5/libm.a
LOAD /AtmelAvrToolchain/bin/../lib/gcc/avr/4.8.1/../../../../avr/lib/avr5/libc.a
END GROUP

.hash
 *(.hash)

.dynsym
 *(.dynsym)

.dynstr
 *(.dynstr)

.gnu.version
 *(.gnu.version)

.gnu.version_d
 *(.gnu.version_d)

.gnu.version_r
 *(.gnu.version_r)

.rel.init
 *(.rel.init)

.rela.init
 *(.rela.init)

.rel.text
 *(.rel.text)
 *(.rel.text.*)
 *(.rel.gnu.linkonce.t*)

.rela.text
 *(.rela.text)
 *(.rela.text.*)
 *(.rela.gnu.linkonce.t*)

.rel.fini
 *(.rel.fini)

.rela.fini
 *(.rela.fini)

.rel.rodata
 *(.rel.rodata)
 *(.rel.rodata.*)
 *(.rel.gnu.linkonce.r*)

.rela.rodata
 *(.rela.rodata)
 *(.rela.rodata.*)
 *(.rela.gnu.linkonce.r*)

.rel.data
 *(.rel.data)
 *(.rel.data.*)
 *(.rel.gnu.linkonce.d*)

.rela.data
 *(.rela.data)
 *(.rela.data.*)
 *(.rela.gnu.linkonce.d*)

.rel.ctors
 *(.rel.ctors)

.rela.ctors
 *(.rela.ctors)

.rel.dtors
 *(.rel.dtors)

.rela.dtors
 *(.rela.dtors)

.rel.got
 *(.rel.got)

.rela.got
 *(.rela.got)

.rel.bss
 *(.rel.bss)

.rela.bss
 *(.rela.bss)

.rel.plt
 *(.rel.plt)

.rela.plt
 *(.rela.plt)

.text           0x00000000     0x5d78
 *(.vectors)
 .vectors       0x00000000       0x68 /AtmelAvrToolchain/bin/../lib/gcc/avr/4.8.1/../../../../avr/lib/avr5/crtm328p.o
                0x00000000                __vectors
                0x00000000                __vector_default
 *(.vectors)
 *(.progmem.gcc*)
 .progmem.gcc_sw_table.main
                0x00000068       0x5e ./main.o
                0x000000c6                . = ALIGN (0x2)
                0x000000c6                __trampolines_start = .
 *(.trampolines)
 .trampolines   0x000000c6        0x0 linker stubs
 *(.trampolines*)
                0x000000c6                __trampolines_end = .
 *(.progmem*)
 .progmem.data.__c.3188
                0x000000c6       0x13 ./main.o
 .progmem.data.__c.3171
                0x000000d9       0x13 ./main.o
 .progmem.data.__c.3169
                0x000000ec        0x5 ./main.o
 .progmem.data.__c.3144
                0x000000f1        0x7 ./main.o
 .progmem.data.__c.3142
                0x000000f8        0x7 ./main.o
 .progmem.data.__c.3140
                0x000000ff        0x7 ./main.o
 .progmem.data.__c.3138
                0x00000106        0x7 ./main.o
 .progmem.data.__c.3136
                0x0000010d        0x7 ./main.o
 .progmem.data.__c.3094
                0x00000114        0x9 ./main.o
 .progmem.data.__c.3092
                0x0000011d        0x9 ./main.o
 .progmem.data.__c.3090
                0x00000126        0x9 ./main.o
 .progmem.data.__c.3088
                0x0000012f        0x9 ./main.o
 .progmem.data.__c.3086
                0x00000138       0x12 ./main.o
 .progmem.data.__c.3076
                0x0000014a        0x3 ./main.o
 .progmem.data.__c.3036
                0x0000014d        0x3 ./main.o
 .progmem.data.__c.3033
                0x00000150        0x5 ./main.o
 .progmem.data.__c.3030
                0x00000155        0x5 ./main.o
 .progmem.data.__c.3026
                0x0000015a        0x5 ./main.o
 .progmem.data.__c.3022
                0x0000015f       0x10 ./main.o
 .progmem.data.__c.3019
                0x0000016f        0xd ./main.o
 .progmem.data.__c.3015
                0x0000017c        0x9 ./main.o
 .progmem.data.__c.3012
                0x00000185        0x8 ./main.o
 .progmem.data.__c.3009
                0x0000018d        0x5 ./main.o
 .progmem.data.__c.3007
                0x00000192        0x7 ./main.o
 .progmem.data.__c.3005
                0x00000199        0x7 ./main.o
 .progmem.data.__c.3002
                0x000001a0        0x5 ./main.o
 .progmem.data.__c.3000
                0x000001a5        0x7 ./main.o
 .progmem.data.__c.2998
                0x000001ac        0x7 ./main.o
 .progmem.data.__c.2995
                0x000001b3        0x5 ./main.o
 .progmem.data.__c.2993
                0x000001b8        0x7 ./main.o
 .progmem.data.__c.2991
                0x000001bf        0x7 ./main.o
 .progmem.data.__c.2988
                0x000001c6        0x5 ./main.o
 .progmem.data.__c.2986
                0x000001cb        0x7 ./main.o
 .progmem.data.__c.2984
                0x000001d2        0x7 ./main.o
 .progmem.data.__c.2981
                0x000001d9        0x5 ./main.o
 .progmem.data.__c.2979
                0x000001de        0x7 ./main.o
 .progmem.data.__c.2977
                0x000001e5        0x7 ./main.o
 .progmem.data.__c.2974
                0x000001ec        0x5 ./main.o
 .progmem.data.__c.2972
                0x000001f1        0x7 ./main.o
 .progmem.data.__c.2970
                0x000001f8        0x7 ./main.o
 .progmem.data.__c.2967
                0x000001ff        0x5 ./main.o
 .progmem.data.__c.2965
                0x00000204        0x7 ./main.o
 .progmem.data.__c.2963
                0x0000020b        0x7 ./main.o
 .progmem.data.__c.2959
                0x00000212        0x5 ./main.o
 .progmem.data.__c.2957
                0x00000217        0x7 ./main.o
 .progmem.data.__c.2955
                0x0000021e        0x7 ./main.o
 .progmem.data.__c.2951
                0x00000225        0x9 ./main.o
 .progmem.data.__c.2949
                0x0000022e        0x9 ./main.o
 .progmem.data.__c.2947
                0x00000237        0x9 ./main.o
 .progmem.data.__c.2945
                0x00000240        0x9 ./main.o
 .progmem.data.__c.2943
                0x00000249        0x9 ./main.o
 .progmem.data.__c.2941
                0x00000252        0x9 ./main.o
 .progmem.data.__c.2939
                0x0000025b        0x9 ./main.o
 .progmem.data.__c.2937
                0x00000264        0x8 ./main.o
 .progmem.data.__c.2934
                0x0000026c        0x7 ./main.o
 .progmem.data.__c.2932
                0x00000273        0xb ./main.o
 .progmem.data.__c.2930
                0x0000027e        0xb ./main.o
 .progmem.data.__c.2928
                0x00000289        0xb ./main.o
 .progmem.data.__c.2926
                0x00000294        0xa ./main.o
 .progmem.data.__c.2923
                0x0000029e        0x7 ./main.o
 .progmem.data.__c.2918
                0x000002a5        0x3 ./main.o
 .progmem.data.__c.2914
                0x000002a8        0x4 ./main.o
 .progmem.data.__c.2912
                0x000002ac        0xa ./main.o
 .progmem.data.__c.2906
                0x000002b6        0x9 ./main.o
 .progmem.data.__c.2904
                0x000002bf        0x7 ./main.o
 .progmem.data.__c.2901
                0x000002c6        0x9 ./main.o
 .progmem.data.__c.2899
                0x000002cf        0x7 ./main.o
 .progmem.data.__c.2896
                0x000002d6        0x9 ./main.o
 .progmem.data.__c.2894
                0x000002df        0x7 ./main.o
 .progmem.data.__c.2890
                0x000002e6        0x9 ./main.o
 .progmem.data.__c.2888
                0x000002ef        0x7 ./main.o
 .progmem.data.__c.2883
                0x000002f6        0x9 ./main.o
 .progmem.data.__c.2880
                0x000002ff        0x4 ./main.o
 .progmem.data.__c.2878
                0x00000303        0x7 ./main.o
 .progmem.data.__c.2874
                0x0000030a        0x8 ./main.o
 .progmem.data.__c.2870
                0x00000312        0x9 ./main.o
 .progmem.data.__c.2868
                0x0000031b        0x9 ./main.o
 .progmem.data.__c.2865
                0x00000324        0x9 ./main.o
 .progmem.data.__c.2861
                0x0000032d        0x9 ./main.o
 .progmem.data.__c.2859
                0x00000336        0xa ./main.o
 .progmem.data.__c.2857
                0x00000340        0xa ./main.o
 .progmem.data.__c.2855
                0x0000034a        0x7 ./main.o
 .progmem.data.__c.2853
                0x00000351        0xd ./main.o
 .progmem.data.__c.2851
                0x0000035e        0xa ./main.o
 .progmem.data.__c.2849
                0x00000368        0xb ./main.o
 .progmem.data.__c.2847
                0x00000373        0xa ./main.o
 .progmem.data.__c.2827
                0x0000037d        0x7 ./main.o
 .progmem.data.__c.2825
                0x00000384        0x8 ./main.o
 .progmem.data.__c.2823
                0x0000038c        0x8 ./main.o
 .progmem.data.__c.2821
                0x00000394        0x7 ./main.o
 .progmem.data.__c.2819
                0x0000039b        0xc ./main.o
 .progmem.data.__c.2817
                0x000003a7        0x8 ./main.o
 .progmem.data.__c.2809
                0x000003af        0x3 ./main.o
 .progmem.data.__c.2807
                0x000003b2        0x3 ./main.o
 .progmem.data.__c.2785
                0x000003b5        0x2 ./main.o
 .progmem.data.__c.2783
                0x000003b7        0x2 ./main.o
 .progmem.data.notReadyStr
                0x000003b9        0xc ./main.o
 .progmem.data.startPowerGoneStr
                0x000003c5        0xf ./main.o
 .progmem.data.startRegulatorStr
                0x000003d4       0x16 ./main.o
 .progmem.data.errStr
                0x000003ea        0x4 ./main.o
 .progmem.data.clearStr
                0x000003ee        0x6 ./main.o
 .progmem.data.telStr
                0x000003f4        0x6 ./main.o
 .progmem.data.EXT
                0x000003fa        0x5 ./main.o
 .progmem.data.PAR
                0x000003ff        0x5 ./main.o
 .progmem.data.DS1822
                0x00000404        0x8 ./main.o
 .progmem.data.DS18B20
                0x0000040c        0x9 ./main.o
 .progmem.data.DS18S20
                0x00000415        0x9 ./main.o
 .progmem.data.Sensorsfound
                0x0000041e        0xe ./main.o
 .progmem.data.temperStr
                0x0000042c        0x8 ./main.o
 .progmem.data.missingStr
                0x00000434        0x8 ./main.o
 .progmem.data.absenceStr
                0x0000043c        0x8 ./main.o
 .progmem.data.sensorStr
                0x00000444        0x7 ./main.o
 .progmem.data.alarmStr
                0x0000044b        0x6 ./main.o
 .progmem.data.secondStr
                0x00000451        0x7 ./main.o
 .progmem.data.hourStr
                0x00000458        0x5 ./main.o
 .progmem.data.minuteStr
                0x0000045d        0x7 ./main.o
 .progmem.data.timeStr
                0x00000464        0x5 ./main.o
 .progmem.data.saveStr
                0x00000469        0x5 ./main.o
 .progmem.data.toeepromStr
                0x0000046e        0xa ./main.o
 .progmem.data.diffStr
                0x00000478        0x5 ./main.o
 .progmem.data.tempStr
                0x0000047d        0x5 ./main.o
 .progmem.data.maxStr
                0x00000482        0x4 ./main.o
 .progmem.data.minStr
                0x00000486        0x4 ./main.o
 .progmem.data.assignStr
                0x0000048a        0x8 ./main.o
 .progmem.data.viewStr
                0x00000492        0x5 ./main.o
 .progmem.data.setStr
                0x00000497        0x4 ./main.o
 .progmem.data.checksumStr
                0x0000049b        0x9 ./main.o
 .progmem.data.nsupdownStr
                0x000004a4        0xf ./main.o
 .progmem.data.returnStr
                0x000004b3        0x7 ./main.o
 .progmem.data.supplyStr
                0x000004ba        0x7 ./main.o
 .progmem.data.outdoorStr
                0x000004c1        0x8 ./main.o
 .progmem.data.indoorStr
                0x000004c9        0x7 ./main.o
 .progmem.data.snStr
                0x000004d0        0x3 ./main.o
 .progmem.data.nextStr
                0x000004d3        0x7 ./main.o
 .progmem.data.exitStr
                0x000004da        0x7 ./main.o
 .progmem.data.helloStr2
                0x000004e1        0xa ./main.o
 .progmem.data.helloStr1
                0x000004eb        0x5 ./main.o
 .progmem.data.okStr
                0x000004f0        0x3 ./main.o
 .progmem.data.font
                0x000004f3      0x4fb ./lcd/lcd.o
 .progmem.data.__c.2382
                0x000009ee        0x9 ./gsm-sms/sms.o
 .progmem.data.__c.2354
                0x000009f7        0x3 ./gsm-sms/sms.o
 .progmem.data.__c.2352
                0x000009fa        0xa ./gsm-sms/sms.o
 .progmem.data.__c.2334
                0x00000a04        0x2 ./gsm-sms/sms.o
 .progmem.data.__c.2332
                0x00000a06        0x9 ./gsm-sms/sms.o
                0x00000a10                . = ALIGN (0x2)
 *fill*         0x00000a0f        0x1 
 *(.jumptables)
 *(.jumptables*)
 *(.lowtext)
 *(.lowtext*)
                0x00000a10                __ctors_start = .
 *(.ctors)
                0x00000a10                __ctors_end = .
                0x00000a10                __dtors_start = .
 *(.dtors)
                0x00000a10                __dtors_end = .
 SORT(*)(.ctors)
 SORT(*)(.dtors)
 *(.init0)
 .init0         0x00000a10        0x0 /AtmelAvrToolchain/bin/../lib/gcc/avr/4.8.1/../../../../avr/lib/avr5/crtm328p.o
                0x00000a10                __init
 *(.init0)
 *(.init1)
 *(.init1)
 *(.init2)
 .init2         0x00000a10        0xc /AtmelAvrToolchain/bin/../lib/gcc/avr/4.8.1/../../../../avr/lib/avr5/crtm328p.o
 *(.init2)
 *(.init3)
 *(.init3)
 *(.init4)
 .init4         0x00000a1c       0x16 /AtmelAvrToolchain/bin/../lib/gcc/avr/4.8.1/avr5/libgcc.a(_copy_data.o)
                0x00000a1c                __do_copy_data
 .init4         0x00000a32       0x10 /AtmelAvrToolchain/bin/../lib/gcc/avr/4.8.1/avr5/libgcc.a(_clear_bss.o)
                0x00000a32                __do_clear_bss
 *(.init4)
 *(.init5)
 *(.init5)
 *(.init6)
 *(.init6)
 *(.init7)
 *(.init7)
 *(.init8)
 *(.init8)
 *(.init9)
 .init9         0x00000a42        0x8 /AtmelAvrToolchain/bin/../lib/gcc/avr/4.8.1/../../../../avr/lib/avr5/crtm328p.o
 *(.init9)
 *(.text)
 .text          0x00000a4a        0x4 /AtmelAvrToolchain/bin/../lib/gcc/avr/4.8.1/../../../../avr/lib/avr5/crtm328p.o
                0x00000a4a                __vector_22
                0x00000a4a                __vector_24
                0x00000a4a                __vector_12
                0x00000a4a                __bad_interrupt
                0x00000a4a                __vector_3
                0x00000a4a                __vector_25
                0x00000a4a                __vector_11
                0x00000a4a                __vector_13
                0x00000a4a                __vector_17
                0x00000a4a                __vector_7
                0x00000a4a                __vector_5
                0x00000a4a                __vector_4
                0x00000a4a                __vector_15
                0x00000a4a                __vector_8
                0x00000a4a                __vector_14
                0x00000a4a                __vector_10
                0x00000a4a                __vector_16
                0x00000a4a                __vector_20
 .text          0x00000a4e        0x0 ./main.o
 .text          0x00000a4e        0x0 ./uart/uart.o
 .text          0x00000a4e        0x0 ./uart/uart_addon.o
 .text          0x00000a4e        0x0 ./timer/timer.o
 .text          0x00000a4e        0x0 ./onewire/1WireMaxim.o
 .text          0x00000a4e        0x0 ./onewire/onewire.o
 .text          0x00000a4e        0x0 ./lcd/lcd.o
 .text          0x00000a4e      0x11e ./keypad/adc.o
                0x00000a4e                IntAdc
                0x00000a8a                IntAnalogComp
                0x00000aac                InitAnalogComp
                0x00000ac4                InitAdc
                0x00000b04                GetKeyCode
                0x00000b46                resetKbd
 .text          0x00000b6c        0x0 ./keypad/keyadc.o
 .text          0x00000b6c        0x0 ./gsm-sms/sms.o
 .text          0x00000b6c        0x0 ./extint/extint.o
 .text          0x00000b6c        0x0 ./ds18x20/crc8.o
 .text          0x00000b6c        0x0 ./ds18x20/ds18x20.o
 .text          0x00000b6c        0x0 /AtmelAvrToolchain/bin/../lib/gcc/avr/4.8.1/avr5/libgcc.a(_divmodhi4.o)
 .text          0x00000b6c        0x0 /AtmelAvrToolchain/bin/../lib/gcc/avr/4.8.1/avr5/libgcc.a(_exit.o)
 .text          0x00000b6c        0x0 /AtmelAvrToolchain/bin/../lib/gcc/avr/4.8.1/avr5/libgcc.a(_tablejump.o)
 .text          0x00000b6c        0x0 /AtmelAvrToolchain/bin/../lib/gcc/avr/4.8.1/avr5/libgcc.a(_copy_data.o)
 .text          0x00000b6c        0x0 /AtmelAvrToolchain/bin/../lib/gcc/avr/4.8.1/avr5/libgcc.a(_clear_bss.o)
 .text          0x00000b6c        0x0 /AtmelAvrToolchain/bin/../lib/gcc/avr/4.8.1/avr5/libgcc.a(_umulhisi3.o)
 .text          0x00000b6c        0x0 /AtmelAvrToolchain/bin/../lib/gcc/avr/4.8.1/avr5/libgcc.a(_udivmodhi4.o)
 .text          0x00000b6c        0x0 /AtmelAvrToolchain/bin/../lib/gcc/avr/4.8.1/../../../../avr/lib/avr5/libc.a(malloc.o)
 .text          0x00000b6c        0x0 /AtmelAvrToolchain/bin/../lib/gcc/avr/4.8.1/../../../../avr/lib/avr5/libc.a(abort.o)
 .text          0x00000b6c        0x0 /AtmelAvrToolchain/bin/../lib/gcc/avr/4.8.1/../../../../avr/lib/avr5/libc.a(atoi.o)
 .text          0x00000b6c        0x0 /AtmelAvrToolchain/bin/../lib/gcc/avr/4.8.1/../../../../avr/lib/avr5/libc.a(strncpy_P.o)
 .text          0x00000b6c        0x0 /AtmelAvrToolchain/bin/../lib/gcc/avr/4.8.1/../../../../avr/lib/avr5/libc.a(strtok.o)
 .text          0x00000b6c        0x0 /AtmelAvrToolchain/bin/../lib/gcc/avr/4.8.1/../../../../avr/lib/avr5/libc.a(memcmp.o)
 .text          0x00000b6c        0x0 /AtmelAvrToolchain/bin/../lib/gcc/avr/4.8.1/../../../../avr/lib/avr5/libc.a(strcpy.o)
 .text          0x00000b6c        0x0 /AtmelAvrToolchain/bin/../lib/gcc/avr/4.8.1/../../../../avr/lib/avr5/libc.a(strncat.o)
 .text          0x00000b6c        0x0 /AtmelAvrToolchain/bin/../lib/gcc/avr/4.8.1/../../../../avr/lib/avr5/libc.a(strncpy.o)
 .text          0x00000b6c        0x0 /AtmelAvrToolchain/bin/../lib/gcc/avr/4.8.1/../../../../avr/lib/avr5/libc.a(strstr.o)
 .text          0x00000b6c        0x0 /AtmelAvrToolchain/bin/../lib/gcc/avr/4.8.1/../../../../avr/lib/avr5/libc.a(strtok_r.o)
 .text          0x00000b6c        0x0 /AtmelAvrToolchain/bin/../lib/gcc/avr/4.8.1/../../../../avr/lib/avr5/libc.a(itoa_ncheck.o)
 .text          0x00000b6c        0x0 /AtmelAvrToolchain/bin/../lib/gcc/avr/4.8.1/../../../../avr/lib/avr5/libc.a(mul10.o)
 .text          0x00000b6c        0x0 /AtmelAvrToolchain/bin/../lib/gcc/avr/4.8.1/../../../../avr/lib/avr5/libc.a(utoa_ncheck.o)
 .text          0x00000b6c        0x0 /AtmelAvrToolchain/bin/../lib/gcc/avr/4.8.1/../../../../avr/lib/avr5/libc.a(iob.o)
 .text          0x00000b6c        0x0 /AtmelAvrToolchain/bin/../lib/gcc/avr/4.8.1/../../../../avr/lib/avr5/libc.a(printf.o)
 .text          0x00000b6c        0x0 /AtmelAvrToolchain/bin/../lib/gcc/avr/4.8.1/../../../../avr/lib/avr5/libc.a(printf_p.o)
 .text          0x00000b6c        0x0 /AtmelAvrToolchain/bin/../lib/gcc/avr/4.8.1/../../../../avr/lib/avr5/libc.a(putchar.o)
 .text          0x00000b6c        0x0 /AtmelAvrToolchain/bin/../lib/gcc/avr/4.8.1/../../../../avr/lib/avr5/libc.a(puts.o)
 .text          0x00000b6c        0x0 /AtmelAvrToolchain/bin/../lib/gcc/avr/4.8.1/../../../../avr/lib/avr5/libc.a(sprintf_p.o)
 .text          0x00000b6c        0x0 /AtmelAvrToolchain/bin/../lib/gcc/avr/4.8.1/../../../../avr/lib/avr5/libc.a(vfprintf_std.o)
 .text          0x00000b6c        0x0 /AtmelAvrToolchain/bin/../lib/gcc/avr/4.8.1/../../../../avr/lib/avr5/libc.a(eerd_block_atmega328p.o)
 .text          0x00000b6c        0x0 /AtmelAvrToolchain/bin/../lib/gcc/avr/4.8.1/../../../../avr/lib/avr5/libc.a(eerd_byte_atmega328p.o)
 .text          0x00000b6c        0x0 /AtmelAvrToolchain/bin/../lib/gcc/avr/4.8.1/../../../../avr/lib/avr5/libc.a(eeupd_block_atmega328p.o)
 .text          0x00000b6c        0x0 /AtmelAvrToolchain/bin/../lib/gcc/avr/4.8.1/../../../../avr/lib/avr5/libc.a(eeupd_byte_atmega328p.o)
 .text          0x00000b6c        0x0 /AtmelAvrToolchain/bin/../lib/gcc/avr/4.8.1/../../../../avr/lib/avr5/libc.a(eewr_block_atmega328p.o)
 .text          0x00000b6c        0x0 /AtmelAvrToolchain/bin/../lib/gcc/avr/4.8.1/../../../../avr/lib/avr5/libc.a(eewr_byte_atmega328p.o)
 .text          0x00000b6c        0x0 /AtmelAvrToolchain/bin/../lib/gcc/avr/4.8.1/../../../../avr/lib/avr5/libc.a(strnlen_P.o)
 .text          0x00000b6c        0x0 /AtmelAvrToolchain/bin/../lib/gcc/avr/4.8.1/../../../../avr/lib/avr5/libc.a(strnlen.o)
 .text          0x00000b6c        0x0 /AtmelAvrToolchain/bin/../lib/gcc/avr/4.8.1/../../../../avr/lib/avr5/libc.a(strrev.o)
 .text          0x00000b6c        0x0 /AtmelAvrToolchain/bin/../lib/gcc/avr/4.8.1/../../../../avr/lib/avr5/libc.a(fputc.o)
 .text          0x00000b6c        0x0 /AtmelAvrToolchain/bin/../lib/gcc/avr/4.8.1/../../../../avr/lib/avr5/libc.a(ultoa_invert.o)
 .text          0x00000b6c        0x0 /AtmelAvrToolchain/bin/../lib/gcc/avr/4.8.1/avr5/libgcc.a(_prologue.o)
 .text          0x00000b6c        0x0 /AtmelAvrToolchain/bin/../lib/gcc/avr/4.8.1/avr5/libgcc.a(_epilogue.o)
                0x00000b6c                . = ALIGN (0x2)
 *(.text.*)
 .text.search_sensors_n
                0x00000b6c       0x98 ./main.o
 .text.LcdPutTemp
                0x00000c04       0x4a ./main.o
                0x00000c04                LcdPutTemp
 .text.ShutOffADC
                0x00000c4e       0x16 ./main.o
                0x00000c4e                ShutOffADC
 .text.test_SN_sensors
                0x00000c64       0x5e ./main.o
                0x00000c64                test_SN_sensors
 .text.copyrSNsTogSNs
                0x00000cc2       0x2c ./main.o
                0x00000cc2                copyrSNsTogSNs
 .text.LcdPowerGoneStr
                0x00000cee       0x40 ./main.o
                0x00000cee                LcdPowerGoneStr
 .text.DisplayTemperature
                0x00000d2e      0x17a ./main.o
                0x00000d2e                DisplayTemperature
 .text.DoWatchDog
                0x00000ea8       0x36 ./main.o
                0x00000ea8                DoWatchDog
 .text.getTemperature
                0x00000ede       0x92 ./main.o
                0x00000ede                getTemperature
 .text.manageTemperatureEvent
                0x00000f70      0x1d4 ./main.o
                0x00000f70                manageTemperatureEvent
 .text.ValidSensorCode
                0x00001144       0x28 ./main.o
                0x00001144                ValidSensorCode
 .text.checkPresenceSN
                0x0000116c       0x98 ./main.o
                0x0000116c                checkPresenceSN
 .text.manage_new_sensors
                0x00001204      0x37a ./main.o
                0x00001204                manage_new_sensors
 .text.resetSensNumber
                0x0000157e       0x1a ./main.o
                0x0000157e                resetSensNumber
 .text.sms_noready_sens
                0x00001598      0x142 ./main.o
                0x00001598                sms_noready_sens
 .text.sms_pumpStarted
                0x000016da       0x54 ./main.o
                0x000016da                sms_pumpStarted
 .text.sms_powerGone
                0x0000172e       0xae ./main.o
                0x0000172e                sms_powerGone
 .text.ManageOutdoorTempEvent
                0x000017dc       0x3a ./main.o
                0x000017dc                ManageOutdoorTempEvent
 .text.TestNoReadySensors
                0x00001816       0xe4 ./main.o
                0x00001816                TestNoReadySensors
 .text.ClearEEPROMSensCodes
                0x000018fa       0x44 ./main.o
                0x000018fa                ClearEEPROMSensCodes
 .text.main     0x0000193e     0x17d0 ./main.o
                0x0000193e                main
 .text.__vector_18
                0x0000310e       0x56 ./uart/uart.o
                0x0000310e                __vector_18
 .text.__vector_19
                0x00003164       0x54 ./uart/uart.o
                0x00003164                __vector_19
 .text.uart_init
                0x000031b8       0x32 ./uart/uart.o
                0x000031b8                uart_init
 .text.uart_getc
                0x000031ea       0x36 ./uart/uart.o
                0x000031ea                uart_getc
 .text.uart_putc
                0x00003220       0x2a ./uart/uart.o
                0x00003220                uart_putc
 .text.uart_puts
                0x0000324a       0x1e ./uart/uart.o
                0x0000324a                uart_puts
 .text.uart_puts_p
                0x00003268       0x24 ./uart/uart.o
                0x00003268                uart_puts_p
 .text.uart_available
                0x0000328c       0x1a ./uart/uart.o
                0x0000328c                uart_available
 .text.uart_flush
                0x000032a6        0xa ./uart/uart.o
                0x000032a6                uart_flush
 .text.uart_put_int
                0x000032b0       0x36 ./uart/uart_addon.o
                0x000032b0                uart_put_int
 .text.WDT_off  0x000032e6       0x1a ./timer/timer.o
                0x000032e6                WDT_off
 .text.__vector_6
                0x00003300       0x1a ./timer/timer.o
                0x00003300                __vector_6
 .text.WDT_setup
                0x0000331a       0x18 ./timer/timer.o
                0x0000331a                WDT_setup
 .text.init_clock
                0x00003332       0x52 ./timer/timer.o
                0x00003332                init_clock
 .text.not_leap
                0x00003384       0x5a ./timer/timer.o
                0x00003384                not_leap
 .text.__vector_9
                0x000033de      0x13a ./timer/timer.o
                0x000033de                __vector_9
 .text.ResetDiscrepancy
                0x00003518        0xe ./onewire/1WireMaxim.o
                0x00003518                ResetDiscrepancy
 .text.OWReset  0x00003526       0xb6 ./onewire/1WireMaxim.o
                0x00003526                OWReset
 .text.OWWriteBit
                0x000035dc       0x78 ./onewire/1WireMaxim.o
                0x000035dc                OWWriteBit
 .text.OWWriteByte
                0x00003654       0x3c ./onewire/1WireMaxim.o
                0x00003654                OWWriteByte
 .text.OWReadBit
                0x00003690       0x6e ./onewire/1WireMaxim.o
                0x00003690                OWReadBit
 .text.OWMatchRom
                0x000036fe       0x2c ./onewire/1WireMaxim.o
                0x000036fe                OWMatchRom
 .text.docrc8   0x0000372a       0x16 ./onewire/1WireMaxim.o
                0x0000372a                docrc8
 .text.OWSearch
                0x00003740      0x124 ./onewire/1WireMaxim.o
                0x00003740                OWSearch
 .text.OWFirst  0x00003864       0x12 ./onewire/1WireMaxim.o
                0x00003864                OWFirst
 .text.OWNext   0x00003876        0x6 ./onewire/1WireMaxim.o
                0x00003876                OWNext
 .text.OWVerify
                0x0000387c       0xbe ./onewire/1WireMaxim.o
                0x0000387c                OWVerify
 .text.ow_set_bus
                0x0000393a       0x2e ./onewire/onewire.o
                0x0000393a                ow_set_bus
 .text.ow_input_pin_state
                0x00003968       0x12 ./onewire/onewire.o
                0x00003968                ow_input_pin_state
 .text.ow_parasite_enable
                0x0000397a       0x26 ./onewire/onewire.o
                0x0000397a                ow_parasite_enable
 .text.ow_bit_io_intern
                0x000039a0       0xc2 ./onewire/onewire.o
 .text.ow_parasite_disable
                0x00003a62       0x16 ./onewire/onewire.o
                0x00003a62                ow_parasite_disable
 .text.ow_bit_io
                0x00003a78        0xa ./onewire/onewire.o
                0x00003a78                ow_bit_io
 .text.ow_byte_wr
                0x00003a82       0x22 ./onewire/onewire.o
                0x00003a82                ow_byte_wr
 .text.ow_byte_wr_with_parasite_enable
                0x00003aa4       0x34 ./onewire/onewire.o
                0x00003aa4                ow_byte_wr_with_parasite_enable
 .text.ow_command_intern
                0x00003ad8       0x5a ./onewire/onewire.o
 .text.ow_byte_rd
                0x00003b32        0x8 ./onewire/onewire.o
                0x00003b32                ow_byte_rd
 .text.ow_command
                0x00003b3a        0x8 ./onewire/onewire.o
                0x00003b3a                ow_command
 .text.ow_command_with_parasite_enable
                0x00003b42        0x8 ./onewire/onewire.o
                0x00003b42                ow_command_with_parasite_enable
 .text.LCD_send_bit
                0x00003b4a       0x28 ./lcd/lcd.o
                0x00003b4a                LCD_send_bit
 .text.LCD_send_byte
                0x00003b72       0x34 ./lcd/lcd.o
                0x00003b72                LCD_send_byte
 .text.LCD_send_command
                0x00003ba6        0x8 ./lcd/lcd.o
                0x00003ba6                LCD_send_command
 .text.LCD_send_data
                0x00003bae        0x8 ./lcd/lcd.o
                0x00003bae                LCD_send_data
 .text.LCD_Clear_Screen
                0x00003bb6       0x32 ./lcd/lcd.o
                0x00003bb6                LCD_Clear_Screen
 .text.LCD_initialize2
                0x00003be8       0xa8 ./lcd/lcd.o
                0x00003be8                LCD_initialize2
 .text.LCD_Update
                0x00003c90       0xe8 ./lcd/lcd.o
                0x00003c90                LCD_Update
 .text.LCD_UpdateBox
                0x00003d78       0x52 ./lcd/lcd.o
                0x00003d78                LCD_UpdateBox
 .text.LCD_Clear
                0x00003dca       0x3e ./lcd/lcd.o
                0x00003dca                LCD_Clear
 .text.LCD_drawPixel
                0x00003e08       0xd2 ./lcd/lcd.o
                0x00003e08                LCD_drawPixel
 .text.LCD_set_position2
                0x00003eda       0x40 ./lcd/lcd.o
                0x00003eda                LCD_set_position2
 .text.LCD_drawLine
                0x00003f1a      0x12e ./lcd/lcd.o
                0x00003f1a                LCD_drawLine
 .text.LCD_drawFastVLine
                0x00004048       0x1c ./lcd/lcd.o
                0x00004048                LCD_drawFastVLine
 .text.LCD_fillRect
                0x00004064       0x50 ./lcd/lcd.o
                0x00004064                LCD_fillRect
 .text.LCD_drawChar
                0x000040b4      0x1ac ./lcd/lcd.o
                0x000040b4                LCD_drawChar
 .text.LCD_write2
                0x00004260       0xc0 ./lcd/lcd.o
                0x00004260                LCD_write2
 .text.LCD_draw_string2
                0x00004320       0x2a ./lcd/lcd.o
                0x00004320                LCD_draw_string2
 .text.LCD_draw_string3
                0x0000434a       0x1c ./lcd/lcd.o
                0x0000434a                LCD_draw_string3
 .text.LCD_drawFastHLine
                0x00004366       0x1a ./lcd/lcd.o
                0x00004366                LCD_drawFastHLine
 .text.LCD_setTextSize
                0x00004380        0xc ./lcd/lcd.o
                0x00004380                LCD_setTextSize
 .text.NoneFunc
                0x0000438c        0x2 ./lcd/lcd.o
                0x0000438c                NoneFunc
 .text.LcdPutInt
                0x0000438e       0x3a ./lcd/lcd.o
                0x0000438e                LcdPutInt
 .text.LcdNextStr
                0x000043c8       0x28 ./lcd/lcd.o
                0x000043c8                LcdNextStr
 .text.LcdFirstLine
                0x000043f0        0xa ./lcd/lcd.o
                0x000043f0                LcdFirstLine
 .text.ReturnXPos
                0x000043fa       0x56 ./lcd/lcd.o
                0x000043fa                ReturnXPos
 .text.LcdWrite
                0x00004450       0x18 ./lcd/lcd.o
                0x00004450                LcdWrite
 .text.__vector_21
                0x00004468        0x4 ./keypad/keyadc.o
                0x00004468                __vector_21
 .text.__vector_23
                0x0000446c        0x4 ./keypad/keyadc.o
                0x0000446c                __vector_23
 .text.gsm_init
                0x00004470       0x12 ./gsm-sms/sms.o
                0x00004470                gsm_init
 .text.gsm_del_sms
                0x00004482       0x3c ./gsm-sms/sms.o
                0x00004482                gsm_del_sms
 .text.gsm_read_token
                0x000044be       0xb6 ./gsm-sms/sms.o
                0x000044be                gsm_read_token
 .text.gsm_remove_char
                0x00004574       0x74 ./gsm-sms/sms.o
                0x00004574                gsm_remove_char
 .text.gsm_command
                0x000045e8       0x2a ./gsm-sms/sms.o
                0x000045e8                gsm_command
 .text.gsm_text_sms
                0x00004612        0xa ./gsm-sms/sms.o
                0x00004612                gsm_text_sms
 .text.gsm_flush_buffer
                0x0000461c       0x12 ./gsm-sms/sms.o
                0x0000461c                gsm_flush_buffer
 .text.gsm_readline
                0x0000462e       0x7e ./gsm-sms/sms.o
                0x0000462e                gsm_readline
 .text.gsm_read_sms
                0x000046ac      0x16e ./gsm-sms/sms.o
                0x000046ac                gsm_read_sms
 .text.gsm_check_new_sms
                0x0000481a      0x16a ./gsm-sms/sms.o
                0x0000481a                gsm_check_new_sms
 .text.gsm_send_sms
                0x00004984      0x26e ./gsm-sms/sms.o
                0x00004984                gsm_send_sms
 .text.gsm_SIM_mem_used
                0x00004bf2      0x10c ./gsm-sms/sms.o
                0x00004bf2                gsm_SIM_mem_used
 .text.ExtInt0Enable
                0x00004cfe       0x16 ./extint/extint.o
                0x00004cfe                ExtInt0Enable
 .text.ExtInt0Disable
                0x00004d14        0x6 ./extint/extint.o
                0x00004d14                ExtInt0Disable
 .text.__vector_1
                0x00004d1a       0x2c ./extint/extint.o
                0x00004d1a                __vector_1
 .text.ExtInt1Enable
                0x00004d46       0x1e ./extint/extint.o
                0x00004d46                ExtInt1Enable
 .text.ExtInt1Disable
                0x00004d64        0x6 ./extint/extint.o
                0x00004d64                ExtInt1Disable
 .text.__vector_2
                0x00004d6a       0x3c ./extint/extint.o
                0x00004d6a                __vector_2
 .text.crc8     0x00004da6       0x3a ./ds18x20/crc8.o
                0x00004da6                crc8
 .text.DS18X20_raw_to_decicelsius
                0x00004de0       0xe0 ./ds18x20/ds18x20.o
 .text.read_scratchpad
                0x00004ec0       0x5e ./ds18x20/ds18x20.o
 .text.send_power_10ms
                0x00004f1e       0x1a ./ds18x20/ds18x20.o
                0x00004f1e                send_power_10ms
 .text.DS18X20_get_power_status
                0x00004f38       0x3a ./ds18x20/ds18x20.o
                0x00004f38                DS18X20_get_power_status
 .text.DS18X20_start_meas
                0x00004f72       0x52 ./ds18x20/ds18x20.o
                0x00004f72                DS18X20_start_meas
 .text.DS18X20_conversion_in_progress
                0x00004fc4       0x1a ./ds18x20/ds18x20.o
                0x00004fc4                DS18X20_conversion_in_progress
 .text.DS18X20_format_from_decicelsius
                0x00004fde      0x10a ./ds18x20/ds18x20.o
                0x00004fde                DS18X20_format_from_decicelsius
 .text.DS18X20_read_decicelsius
                0x000050e8       0x76 ./ds18x20/ds18x20.o
                0x000050e8                DS18X20_read_decicelsius
 .text.DS18X20_read_decicelsius_single
                0x0000515e       0x64 ./ds18x20/ds18x20.o
                0x0000515e                DS18X20_read_decicelsius_single
 .text.libgcc.mul
                0x000051c2        0x0 /AtmelAvrToolchain/bin/../lib/gcc/avr/4.8.1/avr5/libgcc.a(_divmodhi4.o)
 .text.libgcc.div
                0x000051c2       0x28 /AtmelAvrToolchain/bin/../lib/gcc/avr/4.8.1/avr5/libgcc.a(_divmodhi4.o)
                0x000051c2                __divmodhi4
                0x000051c2                _div
 .text.libgcc   0x000051ea        0x0 /AtmelAvrToolchain/bin/../lib/gcc/avr/4.8.1/avr5/libgcc.a(_divmodhi4.o)
 .text.libgcc.prologue
                0x000051ea        0x0 /AtmelAvrToolchain/bin/../lib/gcc/avr/4.8.1/avr5/libgcc.a(_divmodhi4.o)
 .text.libgcc.builtins
                0x000051ea        0x0 /AtmelAvrToolchain/bin/../lib/gcc/avr/4.8.1/avr5/libgcc.a(_divmodhi4.o)
 .text.libgcc.fmul
                0x000051ea        0x0 /AtmelAvrToolchain/bin/../lib/gcc/avr/4.8.1/avr5/libgcc.a(_divmodhi4.o)
 .text.libgcc.fixed
                0x000051ea        0x0 /AtmelAvrToolchain/bin/../lib/gcc/avr/4.8.1/avr5/libgcc.a(_divmodhi4.o)
 .text.libgcc.mul
                0x000051ea        0x0 /AtmelAvrToolchain/bin/../lib/gcc/avr/4.8.1/avr5/libgcc.a(_exit.o)
 .text.libgcc.div
                0x000051ea        0x0 /AtmelAvrToolchain/bin/../lib/gcc/avr/4.8.1/avr5/libgcc.a(_exit.o)
 .text.libgcc   0x000051ea        0x0 /AtmelAvrToolchain/bin/../lib/gcc/avr/4.8.1/avr5/libgcc.a(_exit.o)
 .text.libgcc.prologue
                0x000051ea        0x0 /AtmelAvrToolchain/bin/../lib/gcc/avr/4.8.1/avr5/libgcc.a(_exit.o)
 .text.libgcc.builtins
                0x000051ea        0x0 /AtmelAvrToolchain/bin/../lib/gcc/avr/4.8.1/avr5/libgcc.a(_exit.o)
 .text.libgcc.fmul
                0x000051ea        0x0 /AtmelAvrToolchain/bin/../lib/gcc/avr/4.8.1/avr5/libgcc.a(_exit.o)
 .text.libgcc.fixed
                0x000051ea        0x0 /AtmelAvrToolchain/bin/../lib/gcc/avr/4.8.1/avr5/libgcc.a(_exit.o)
 .text.libgcc.mul
                0x000051ea        0x0 /AtmelAvrToolchain/bin/../lib/gcc/avr/4.8.1/avr5/libgcc.a(_tablejump.o)
 .text.libgcc.div
                0x000051ea        0x0 /AtmelAvrToolchain/bin/../lib/gcc/avr/4.8.1/avr5/libgcc.a(_tablejump.o)
 .text.libgcc   0x000051ea        0xc /AtmelAvrToolchain/bin/../lib/gcc/avr/4.8.1/avr5/libgcc.a(_tablejump.o)
                0x000051ea                __tablejump2__
                0x000051ee                __tablejump__
 .text.libgcc.prologue
                0x000051f6        0x0 /AtmelAvrToolchain/bin/../lib/gcc/avr/4.8.1/avr5/libgcc.a(_tablejump.o)
 .text.libgcc.builtins
                0x000051f6        0x0 /AtmelAvrToolchain/bin/../lib/gcc/avr/4.8.1/avr5/libgcc.a(_tablejump.o)
 .text.libgcc.fmul
                0x000051f6        0x0 /AtmelAvrToolchain/bin/../lib/gcc/avr/4.8.1/avr5/libgcc.a(_tablejump.o)
 .text.libgcc.fixed
                0x000051f6        0x0 /AtmelAvrToolchain/bin/../lib/gcc/avr/4.8.1/avr5/libgcc.a(_tablejump.o)
 .text.libgcc.mul
                0x000051f6        0x0 /AtmelAvrToolchain/bin/../lib/gcc/avr/4.8.1/avr5/libgcc.a(_copy_data.o)
 .text.libgcc.div
                0x000051f6        0x0 /AtmelAvrToolchain/bin/../lib/gcc/avr/4.8.1/avr5/libgcc.a(_copy_data.o)
 .text.libgcc   0x000051f6        0x0 /AtmelAvrToolchain/bin/../lib/gcc/avr/4.8.1/avr5/libgcc.a(_copy_data.o)
 .text.libgcc.prologue
                0x000051f6        0x0 /AtmelAvrToolchain/bin/../lib/gcc/avr/4.8.1/avr5/libgcc.a(_copy_data.o)
 .text.libgcc.builtins
                0x000051f6        0x0 /AtmelAvrToolchain/bin/../lib/gcc/avr/4.8.1/avr5/libgcc.a(_copy_data.o)
 .text.libgcc.fmul
                0x000051f6        0x0 /AtmelAvrToolchain/bin/../lib/gcc/avr/4.8.1/avr5/libgcc.a(_copy_data.o)
 .text.libgcc.fixed
                0x000051f6        0x0 /AtmelAvrToolchain/bin/../lib/gcc/avr/4.8.1/avr5/libgcc.a(_copy_data.o)
 .text.libgcc.mul
                0x000051f6        0x0 /AtmelAvrToolchain/bin/../lib/gcc/avr/4.8.1/avr5/libgcc.a(_clear_bss.o)
 .text.libgcc.div
                0x000051f6        0x0 /AtmelAvrToolchain/bin/../lib/gcc/avr/4.8.1/avr5/libgcc.a(_clear_bss.o)
 .text.libgcc   0x000051f6        0x0 /AtmelAvrToolchain/bin/../lib/gcc/avr/4.8.1/avr5/libgcc.a(_clear_bss.o)
 .text.libgcc.prologue
                0x000051f6        0x0 /AtmelAvrToolchain/bin/../lib/gcc/avr/4.8.1/avr5/libgcc.a(_clear_bss.o)
 .text.libgcc.builtins
                0x000051f6        0x0 /AtmelAvrToolchain/bin/../lib/gcc/avr/4.8.1/avr5/libgcc.a(_clear_bss.o)
 .text.libgcc.fmul
                0x000051f6        0x0 /AtmelAvrToolchain/bin/../lib/gcc/avr/4.8.1/avr5/libgcc.a(_clear_bss.o)
 .text.libgcc.fixed
                0x000051f6        0x0 /AtmelAvrToolchain/bin/../lib/gcc/avr/4.8.1/avr5/libgcc.a(_clear_bss.o)
 .text.libgcc.mul
                0x000051f6       0x1e /AtmelAvrToolchain/bin/../lib/gcc/avr/4.8.1/avr5/libgcc.a(_umulhisi3.o)
                0x000051f6                __umulhisi3
 .text.libgcc.div
                0x00005214        0x0 /AtmelAvrToolchain/bin/../lib/gcc/avr/4.8.1/avr5/libgcc.a(_umulhisi3.o)
 .text.libgcc   0x00005214        0x0 /AtmelAvrToolchain/bin/../lib/gcc/avr/4.8.1/avr5/libgcc.a(_umulhisi3.o)
 .text.libgcc.prologue
                0x00005214        0x0 /AtmelAvrToolchain/bin/../lib/gcc/avr/4.8.1/avr5/libgcc.a(_umulhisi3.o)
 .text.libgcc.builtins
                0x00005214        0x0 /AtmelAvrToolchain/bin/../lib/gcc/avr/4.8.1/avr5/libgcc.a(_umulhisi3.o)
 .text.libgcc.fmul
                0x00005214        0x0 /AtmelAvrToolchain/bin/../lib/gcc/avr/4.8.1/avr5/libgcc.a(_umulhisi3.o)
 .text.libgcc.fixed
                0x00005214        0x0 /AtmelAvrToolchain/bin/../lib/gcc/avr/4.8.1/avr5/libgcc.a(_umulhisi3.o)
 .text.libgcc.mul
                0x00005214        0x0 /AtmelAvrToolchain/bin/../lib/gcc/avr/4.8.1/avr5/libgcc.a(_udivmodhi4.o)
 .text.libgcc.div
                0x00005214       0x28 /AtmelAvrToolchain/bin/../lib/gcc/avr/4.8.1/avr5/libgcc.a(_udivmodhi4.o)
                0x00005214                __udivmodhi4
 .text.libgcc   0x0000523c        0x0 /AtmelAvrToolchain/bin/../lib/gcc/avr/4.8.1/avr5/libgcc.a(_udivmodhi4.o)
 .text.libgcc.prologue
                0x0000523c        0x0 /AtmelAvrToolchain/bin/../lib/gcc/avr/4.8.1/avr5/libgcc.a(_udivmodhi4.o)
 .text.libgcc.builtins
                0x0000523c        0x0 /AtmelAvrToolchain/bin/../lib/gcc/avr/4.8.1/avr5/libgcc.a(_udivmodhi4.o)
 .text.libgcc.fmul
                0x0000523c        0x0 /AtmelAvrToolchain/bin/../lib/gcc/avr/4.8.1/avr5/libgcc.a(_udivmodhi4.o)
 .text.libgcc.fixed
                0x0000523c        0x0 /AtmelAvrToolchain/bin/../lib/gcc/avr/4.8.1/avr5/libgcc.a(_udivmodhi4.o)
 .text.avr-libc
                0x0000523c      0x24e /AtmelAvrToolchain/bin/../lib/gcc/avr/4.8.1/../../../../avr/lib/avr5/libc.a(malloc.o)
                0x0000523c                malloc
                0x0000536c                free
 .text.avr-libc
                0x0000548a        0xa /AtmelAvrToolchain/bin/../lib/gcc/avr/4.8.1/../../../../avr/lib/avr5/libc.a(abort.o)
                0x0000548a                abort
 .text.avr-libc
                0x00005494       0x3c /AtmelAvrToolchain/bin/../lib/gcc/avr/4.8.1/../../../../avr/lib/avr5/libc.a(atoi.o)
                0x00005494                atoi
 .text.avr-libc
                0x000054d0       0x1e /AtmelAvrToolchain/bin/../lib/gcc/avr/4.8.1/../../../../avr/lib/avr5/libc.a(strncpy_P.o)
                0x000054d0                strncpy_P
 .text.avr-libc
                0x000054ee        0xa /AtmelAvrToolchain/bin/../lib/gcc/avr/4.8.1/../../../../avr/lib/avr5/libc.a(strtok.o)
                0x000054ee                strtok
 .text.avr-libc
                0x000054f8       0x1a /AtmelAvrToolchain/bin/../lib/gcc/avr/4.8.1/../../../../avr/lib/avr5/libc.a(memcmp.o)
                0x000054f8                memcmp
 .text.avr-libc
                0x00005512        0xe /AtmelAvrToolchain/bin/../lib/gcc/avr/4.8.1/../../../../avr/lib/avr5/libc.a(strcpy.o)
                0x00005512                strcpy
 .text.avr-libc
                0x00005520       0x20 /AtmelAvrToolchain/bin/../lib/gcc/avr/4.8.1/../../../../avr/lib/avr5/libc.a(strncat.o)
                0x00005520                strncat
 .text.avr-libc
                0x00005540       0x1e /AtmelAvrToolchain/bin/../lib/gcc/avr/4.8.1/../../../../avr/lib/avr5/libc.a(strncpy.o)
                0x00005540                strncpy
 .text.avr-libc
                0x0000555e       0x34 /AtmelAvrToolchain/bin/../lib/gcc/avr/4.8.1/../../../../avr/lib/avr5/libc.a(strstr.o)
                0x0000555e                strstr
 .text.avr-libc
                0x00005592       0x4e /AtmelAvrToolchain/bin/../lib/gcc/avr/4.8.1/../../../../avr/lib/avr5/libc.a(strtok_r.o)
                0x00005592                strtok_r
 .text.avr-libc
                0x000055e0       0x16 /AtmelAvrToolchain/bin/../lib/gcc/avr/4.8.1/../../../../avr/lib/avr5/libc.a(itoa_ncheck.o)
                0x000055e0                __itoa_ncheck
 .text.avr-libc
                0x000055f6       0x10 /AtmelAvrToolchain/bin/../lib/gcc/avr/4.8.1/../../../../avr/lib/avr5/libc.a(mul10.o)
                0x000055f6                __mulhi_const_10
 .text.avr-libc
                0x00005606       0x34 /AtmelAvrToolchain/bin/../lib/gcc/avr/4.8.1/../../../../avr/lib/avr5/libc.a(utoa_ncheck.o)
                0x00005606                __utoa_ncheck
                0x00005608                __utoa_common
 .text.avr-libc
                0x0000563a       0x28 /AtmelAvrToolchain/bin/../lib/gcc/avr/4.8.1/../../../../avr/lib/avr5/libc.a(printf.o)
                0x0000563a                printf
 .text.avr-libc
                0x00005662       0x44 /AtmelAvrToolchain/bin/../lib/gcc/avr/4.8.1/../../../../avr/lib/avr5/libc.a(printf_p.o)
                0x00005662                printf_P
 .text.avr-libc
                0x000056a6        0xe /AtmelAvrToolchain/bin/../lib/gcc/avr/4.8.1/../../../../avr/lib/avr5/libc.a(putchar.o)
                0x000056a6                putchar
 .text.avr-libc
                0x000056b4       0x5a /AtmelAvrToolchain/bin/../lib/gcc/avr/4.8.1/../../../../avr/lib/avr5/libc.a(puts.o)
                0x000056b4                puts
 .text.avr-libc
                0x0000570e       0x44 /AtmelAvrToolchain/bin/../lib/gcc/avr/4.8.1/../../../../avr/lib/avr5/libc.a(sprintf_p.o)
                0x0000570e                sprintf_P
 .text.avr-libc
                0x00005752      0x3a4 /AtmelAvrToolchain/bin/../lib/gcc/avr/4.8.1/../../../../avr/lib/avr5/libc.a(vfprintf_std.o)
                0x00005752                vfprintf
 .text.avr-libc
                0x00005af6       0x20 /AtmelAvrToolchain/bin/../lib/gcc/avr/4.8.1/../../../../avr/lib/avr5/libc.a(eerd_block_atmega328p.o)
                0x00005af6                __eerd_block_m328p
                0x00005afa                __eerd_blraw_m328p
 .text.avr-libc
                0x00005b16       0x10 /AtmelAvrToolchain/bin/../lib/gcc/avr/4.8.1/../../../../avr/lib/avr5/libc.a(eerd_byte_atmega328p.o)
                0x00005b16                __eerd_byte_m328p
 .text.avr-libc
                0x00005b26       0x20 /AtmelAvrToolchain/bin/../lib/gcc/avr/4.8.1/../../../../avr/lib/avr5/libc.a(eeupd_block_atmega328p.o)
                0x00005b26                __eeupd_block_m328p
 .text.avr-libc
                0x00005b46       0x24 /AtmelAvrToolchain/bin/../lib/gcc/avr/4.8.1/../../../../avr/lib/avr5/libc.a(eeupd_byte_atmega328p.o)
                0x00005b46                __eeupd_byte_m328p
                0x00005b48                __eeupd_r18_m328p
 .text.avr-libc
                0x00005b6a       0x14 /AtmelAvrToolchain/bin/../lib/gcc/avr/4.8.1/../../../../avr/lib/avr5/libc.a(eewr_block_atmega328p.o)
                0x00005b6a                __eewr_block_m328p
 .text.avr-libc
                0x00005b7e       0x1c /AtmelAvrToolchain/bin/../lib/gcc/avr/4.8.1/../../../../avr/lib/avr5/libc.a(eewr_byte_atmega328p.o)
                0x00005b7e                __eewr_byte_m328p
                0x00005b80                __eewr_r18_m328p
 .text.avr-libc
                0x00005b9a       0x16 /AtmelAvrToolchain/bin/../lib/gcc/avr/4.8.1/../../../../avr/lib/avr5/libc.a(strnlen_P.o)
                0x00005b9a                strnlen_P
 .text.avr-libc
                0x00005bb0       0x16 /AtmelAvrToolchain/bin/../lib/gcc/avr/4.8.1/../../../../avr/lib/avr5/libc.a(strnlen.o)
                0x00005bb0                strnlen
 .text.avr-libc
                0x00005bc6       0x20 /AtmelAvrToolchain/bin/../lib/gcc/avr/4.8.1/../../../../avr/lib/avr5/libc.a(strrev.o)
                0x00005bc6                strrev
 .text.avr-libc
                0x00005be6       0x64 /AtmelAvrToolchain/bin/../lib/gcc/avr/4.8.1/../../../../avr/lib/avr5/libc.a(fputc.o)
                0x00005be6                fputc
 .text.avr-libc
                0x00005c4a       0xbc /AtmelAvrToolchain/bin/../lib/gcc/avr/4.8.1/../../../../avr/lib/avr5/libc.a(ultoa_invert.o)
                0x00005c4a                __ultoa_invert
 .text.libgcc.mul
                0x00005d06        0x0 /AtmelAvrToolchain/bin/../lib/gcc/avr/4.8.1/avr5/libgcc.a(_prologue.o)
 .text.libgcc.div
                0x00005d06        0x0 /AtmelAvrToolchain/bin/../lib/gcc/avr/4.8.1/avr5/libgcc.a(_prologue.o)
 .text.libgcc   0x00005d06        0x0 /AtmelAvrToolchain/bin/../lib/gcc/avr/4.8.1/avr5/libgcc.a(_prologue.o)
 .text.libgcc.prologue
                0x00005d06       0x38 /AtmelAvrToolchain/bin/../lib/gcc/avr/4.8.1/avr5/libgcc.a(_prologue.o)
                0x00005d06                __prologue_saves__
 .text.libgcc.builtins
                0x00005d3e        0x0 /AtmelAvrToolchain/bin/../lib/gcc/avr/4.8.1/avr5/libgcc.a(_prologue.o)
 .text.libgcc.fmul
                0x00005d3e        0x0 /AtmelAvrToolchain/bin/../lib/gcc/avr/4.8.1/avr5/libgcc.a(_prologue.o)
 .text.libgcc.fixed
                0x00005d3e        0x0 /AtmelAvrToolchain/bin/../lib/gcc/avr/4.8.1/avr5/libgcc.a(_prologue.o)
 .text.libgcc.mul
                0x00005d3e        0x0 /AtmelAvrToolchain/bin/../lib/gcc/avr/4.8.1/avr5/libgcc.a(_epilogue.o)
 .text.libgcc.div
                0x00005d3e        0x0 /AtmelAvrToolchain/bin/../lib/gcc/avr/4.8.1/avr5/libgcc.a(_epilogue.o)
 .text.libgcc   0x00005d3e        0x0 /AtmelAvrToolchain/bin/../lib/gcc/avr/4.8.1/avr5/libgcc.a(_epilogue.o)
 .text.libgcc.prologue
                0x00005d3e       0x36 /AtmelAvrToolchain/bin/../lib/gcc/avr/4.8.1/avr5/libgcc.a(_epilogue.o)
                0x00005d3e                __epilogue_restores__
 .text.libgcc.builtins
                0x00005d74        0x0 /AtmelAvrToolchain/bin/../lib/gcc/avr/4.8.1/avr5/libgcc.a(_epilogue.o)
 .text.libgcc.fmul
                0x00005d74        0x0 /AtmelAvrToolchain/bin/../lib/gcc/avr/4.8.1/avr5/libgcc.a(_epilogue.o)
 .text.libgcc.fixed
                0x00005d74        0x0 /AtmelAvrToolchain/bin/../lib/gcc/avr/4.8.1/avr5/libgcc.a(_epilogue.o)
                0x00005d74                . = ALIGN (0x2)
 *(.fini9)
 .fini9         0x00005d74        0x0 /AtmelAvrToolchain/bin/../lib/gcc/avr/4.8.1/avr5/libgcc.a(_exit.o)
                0x00005d74                exit
                0x00005d74                _exit
 *(.fini9)
 *(.fini8)
 *(.fini8)
 *(.fini7)
 *(.fini7)
 *(.fini6)
 *(.fini6)
 *(.fini5)
 *(.fini5)
 *(.fini4)
 *(.fini4)
 *(.fini3)
 *(.fini3)
 *(.fini2)
 *(.fini2)
 *(.fini1)
 *(.fini1)
 *(.fini0)
 .fini0         0x00005d74        0x4 /AtmelAvrToolchain/bin/../lib/gcc/avr/4.8.1/avr5/libgcc.a(_exit.o)
 *(.fini0)
                0x00005d78                _etext = .

.data           0x00800100      0x1a2 load address 0x00005d78
                0x00800100                PROVIDE (__data_start, .)
 *(.data)
 .data          0x00800100        0x0 /AtmelAvrToolchain/bin/../lib/gcc/avr/4.8.1/../../../../avr/lib/avr5/crtm328p.o
 .data          0x00800100        0x0 ./main.o
 .data          0x00800100        0x0 ./uart/uart.o
 .data          0x00800100        0x0 ./uart/uart_addon.o
 .data          0x00800100        0x0 ./timer/timer.o
 .data          0x00800100        0x0 ./onewire/1WireMaxim.o
 .data          0x00800100        0x0 ./onewire/onewire.o
 .data          0x00800100        0x0 ./lcd/lcd.o
 .data          0x00800100        0x2 ./keypad/adc.o
                0x00800100                AdcVal
                0x00800101                KeyPressed
 .data          0x00800102        0x0 ./keypad/keyadc.o
 .data          0x00800102        0x0 ./gsm-sms/sms.o
 .data          0x00800102        0x0 ./extint/extint.o
 .data          0x00800102        0x0 ./ds18x20/crc8.o
 .data          0x00800102        0x0 ./ds18x20/ds18x20.o
 .data          0x00800102        0x0 /AtmelAvrToolchain/bin/../lib/gcc/avr/4.8.1/avr5/libgcc.a(_divmodhi4.o)
 .data          0x00800102        0x0 /AtmelAvrToolchain/bin/../lib/gcc/avr/4.8.1/avr5/libgcc.a(_exit.o)
 .data          0x00800102        0x0 /AtmelAvrToolchain/bin/../lib/gcc/avr/4.8.1/avr5/libgcc.a(_tablejump.o)
 .data          0x00800102        0x0 /AtmelAvrToolchain/bin/../lib/gcc/avr/4.8.1/avr5/libgcc.a(_copy_data.o)
 .data          0x00800102        0x0 /AtmelAvrToolchain/bin/../lib/gcc/avr/4.8.1/avr5/libgcc.a(_clear_bss.o)
 .data          0x00800102        0x0 /AtmelAvrToolchain/bin/../lib/gcc/avr/4.8.1/avr5/libgcc.a(_umulhisi3.o)
 .data          0x00800102        0x0 /AtmelAvrToolchain/bin/../lib/gcc/avr/4.8.1/avr5/libgcc.a(_udivmodhi4.o)
 .data          0x00800102        0x6 /AtmelAvrToolchain/bin/../lib/gcc/avr/4.8.1/../../../../avr/lib/avr5/libc.a(malloc.o)
                0x00800102                __malloc_heap_end
                0x00800104                __malloc_heap_start
                0x00800106                __malloc_margin
 .data          0x00800108        0x0 /AtmelAvrToolchain/bin/../lib/gcc/avr/4.8.1/../../../../avr/lib/avr5/libc.a(abort.o)
 .data          0x00800108        0x0 /AtmelAvrToolchain/bin/../lib/gcc/avr/4.8.1/../../../../avr/lib/avr5/libc.a(atoi.o)
 .data          0x00800108        0x0 /AtmelAvrToolchain/bin/../lib/gcc/avr/4.8.1/../../../../avr/lib/avr5/libc.a(strncpy_P.o)
 .data          0x00800108        0x0 /AtmelAvrToolchain/bin/../lib/gcc/avr/4.8.1/../../../../avr/lib/avr5/libc.a(strtok.o)
 .data          0x00800108        0x0 /AtmelAvrToolchain/bin/../lib/gcc/avr/4.8.1/../../../../avr/lib/avr5/libc.a(memcmp.o)
 .data          0x00800108        0x0 /AtmelAvrToolchain/bin/../lib/gcc/avr/4.8.1/../../../../avr/lib/avr5/libc.a(strcpy.o)
 .data          0x00800108        0x0 /AtmelAvrToolchain/bin/../lib/gcc/avr/4.8.1/../../../../avr/lib/avr5/libc.a(strncat.o)
 .data          0x00800108        0x0 /AtmelAvrToolchain/bin/../lib/gcc/avr/4.8.1/../../../../avr/lib/avr5/libc.a(strncpy.o)
 .data          0x00800108        0x0 /AtmelAvrToolchain/bin/../lib/gcc/avr/4.8.1/../../../../avr/lib/avr5/libc.a(strstr.o)
 .data          0x00800108        0x0 /AtmelAvrToolchain/bin/../lib/gcc/avr/4.8.1/../../../../avr/lib/avr5/libc.a(strtok_r.o)
 .data          0x00800108        0x0 /AtmelAvrToolchain/bin/../lib/gcc/avr/4.8.1/../../../../avr/lib/avr5/libc.a(itoa_ncheck.o)
 .data          0x00800108        0x0 /AtmelAvrToolchain/bin/../lib/gcc/avr/4.8.1/../../../../avr/lib/avr5/libc.a(mul10.o)
 .data          0x00800108        0x0 /AtmelAvrToolchain/bin/../lib/gcc/avr/4.8.1/../../../../avr/lib/avr5/libc.a(utoa_ncheck.o)
 .data          0x00800108        0x0 /AtmelAvrToolchain/bin/../lib/gcc/avr/4.8.1/../../../../avr/lib/avr5/libc.a(iob.o)
 .data          0x00800108        0x0 /AtmelAvrToolchain/bin/../lib/gcc/avr/4.8.1/../../../../avr/lib/avr5/libc.a(printf.o)
 .data          0x00800108        0x0 /AtmelAvrToolchain/bin/../lib/gcc/avr/4.8.1/../../../../avr/lib/avr5/libc.a(printf_p.o)
 .data          0x00800108        0x0 /AtmelAvrToolchain/bin/../lib/gcc/avr/4.8.1/../../../../avr/lib/avr5/libc.a(putchar.o)
 .data          0x00800108        0x0 /AtmelAvrToolchain/bin/../lib/gcc/avr/4.8.1/../../../../avr/lib/avr5/libc.a(puts.o)
 .data          0x00800108        0x0 /AtmelAvrToolchain/bin/../lib/gcc/avr/4.8.1/../../../../avr/lib/avr5/libc.a(sprintf_p.o)
 .data          0x00800108        0x0 /AtmelAvrToolchain/bin/../lib/gcc/avr/4.8.1/../../../../avr/lib/avr5/libc.a(vfprintf_std.o)
 .data          0x00800108        0x0 /AtmelAvrToolchain/bin/../lib/gcc/avr/4.8.1/../../../../avr/lib/avr5/libc.a(eerd_block_atmega328p.o)
 .data          0x00800108        0x0 /AtmelAvrToolchain/bin/../lib/gcc/avr/4.8.1/../../../../avr/lib/avr5/libc.a(eerd_byte_atmega328p.o)
 .data          0x00800108        0x0 /AtmelAvrToolchain/bin/../lib/gcc/avr/4.8.1/../../../../avr/lib/avr5/libc.a(eeupd_block_atmega328p.o)
 .data          0x00800108        0x0 /AtmelAvrToolchain/bin/../lib/gcc/avr/4.8.1/../../../../avr/lib/avr5/libc.a(eeupd_byte_atmega328p.o)
 .data          0x00800108        0x0 /AtmelAvrToolchain/bin/../lib/gcc/avr/4.8.1/../../../../avr/lib/avr5/libc.a(eewr_block_atmega328p.o)
 .data          0x00800108        0x0 /AtmelAvrToolchain/bin/../lib/gcc/avr/4.8.1/../../../../avr/lib/avr5/libc.a(eewr_byte_atmega328p.o)
 .data          0x00800108        0x0 /AtmelAvrToolchain/bin/../lib/gcc/avr/4.8.1/../../../../avr/lib/avr5/libc.a(strnlen_P.o)
 .data          0x00800108        0x0 /AtmelAvrToolchain/bin/../lib/gcc/avr/4.8.1/../../../../avr/lib/avr5/libc.a(strnlen.o)
 .data          0x00800108        0x0 /AtmelAvrToolchain/bin/../lib/gcc/avr/4.8.1/../../../../avr/lib/avr5/libc.a(strrev.o)
 .data          0x00800108        0x0 /AtmelAvrToolchain/bin/../lib/gcc/avr/4.8.1/../../../../avr/lib/avr5/libc.a(fputc.o)
 .data          0x00800108        0x0 /AtmelAvrToolchain/bin/../lib/gcc/avr/4.8.1/../../../../avr/lib/avr5/libc.a(ultoa_invert.o)
 .data          0x00800108        0x0 /AtmelAvrToolchain/bin/../lib/gcc/avr/4.8.1/avr5/libgcc.a(_prologue.o)
 .data          0x00800108        0x0 /AtmelAvrToolchain/bin/../lib/gcc/avr/4.8.1/avr5/libgcc.a(_epilogue.o)
 *(.data*)
 .data.mausure_temperature_ok
                0x00800108        0x1 ./main.o
 .data.lcd_str  0x00800109        0xe ./main.o
 .data.tAsync   0x00800117        0x7 ./timer/timer.o
                0x00800117                tAsync
 .data.textsize
                0x0080011e        0x1 ./lcd/lcd.o
 .data.yUpdateMax
                0x0080011f        0x1 ./lcd/lcd.o
                0x0080011f                yUpdateMax
 .data.xUpdateMax
                0x00800120        0x1 ./lcd/lcd.o
                0x00800120                xUpdateMax
 .data.gsm_send_byte
                0x00800121        0x2 ./gsm-sms/sms.o
                0x00800121                gsm_send_byte
 .data.gsm_get_byte
                0x00800123        0x2 ./gsm-sms/sms.o
                0x00800123                gsm_get_byte
 *(.rodata)
 *(.rodata*)
 .rodata.str1.1
                0x00800125       0x24 ./main.o
                                 0x41 (size before relaxing)
 .rodata.dscrc_table
                0x00800149      0x100 ./onewire/1WireMaxim.o
 .rodata.str1.1
                0x00800249       0x58 ./gsm-sms/sms.o
 *(.gnu.linkonce.d*)
                0x008002a2                . = ALIGN (0x2)
 *fill*         0x008002a1        0x1 
                0x008002a2                _edata = .
                0x008002a2                PROVIDE (__data_end, .)

.bss            0x008002a2      0x459
                0x008002a2                PROVIDE (__bss_start, .)
 *(.bss)
 .bss           0x008002a2        0x0 /AtmelAvrToolchain/bin/../lib/gcc/avr/4.8.1/../../../../avr/lib/avr5/crtm328p.o
 .bss           0x008002a2        0x0 ./main.o
 .bss           0x008002a2        0x0 ./uart/uart.o
 .bss           0x008002a2        0x0 ./uart/uart_addon.o
 .bss           0x008002a2        0x0 ./timer/timer.o
 .bss           0x008002a2        0x0 ./onewire/1WireMaxim.o
 .bss           0x008002a2        0x0 ./onewire/onewire.o
 .bss           0x008002a2        0x0 ./lcd/lcd.o
 .bss           0x008002a2        0x0 ./keypad/adc.o
 .bss           0x008002a2        0x0 ./keypad/keyadc.o
 .bss           0x008002a2        0x0 ./gsm-sms/sms.o
 .bss           0x008002a2        0x0 ./extint/extint.o
 .bss           0x008002a2        0x0 ./ds18x20/crc8.o
 .bss           0x008002a2        0x0 ./ds18x20/ds18x20.o
 .bss           0x008002a2        0x0 /AtmelAvrToolchain/bin/../lib/gcc/avr/4.8.1/avr5/libgcc.a(_divmodhi4.o)
 .bss           0x008002a2        0x0 /AtmelAvrToolchain/bin/../lib/gcc/avr/4.8.1/avr5/libgcc.a(_exit.o)
 .bss           0x008002a2        0x0 /AtmelAvrToolchain/bin/../lib/gcc/avr/4.8.1/avr5/libgcc.a(_tablejump.o)
 .bss           0x008002a2        0x0 /AtmelAvrToolchain/bin/../lib/gcc/avr/4.8.1/avr5/libgcc.a(_copy_data.o)
 .bss           0x008002a2        0x0 /AtmelAvrToolchain/bin/../lib/gcc/avr/4.8.1/avr5/libgcc.a(_clear_bss.o)
 .bss           0x008002a2        0x0 /AtmelAvrToolchain/bin/../lib/gcc/avr/4.8.1/avr5/libgcc.a(_umulhisi3.o)
 .bss           0x008002a2        0x0 /AtmelAvrToolchain/bin/../lib/gcc/avr/4.8.1/avr5/libgcc.a(_udivmodhi4.o)
 .bss           0x008002a2        0x0 /AtmelAvrToolchain/bin/../lib/gcc/avr/4.8.1/../../../../avr/lib/avr5/libc.a(malloc.o)
 .bss           0x008002a2        0x0 /AtmelAvrToolchain/bin/../lib/gcc/avr/4.8.1/../../../../avr/lib/avr5/libc.a(abort.o)
 .bss           0x008002a2        0x0 /AtmelAvrToolchain/bin/../lib/gcc/avr/4.8.1/../../../../avr/lib/avr5/libc.a(atoi.o)
 .bss           0x008002a2        0x0 /AtmelAvrToolchain/bin/../lib/gcc/avr/4.8.1/../../../../avr/lib/avr5/libc.a(strncpy_P.o)
 .bss           0x008002a2        0x2 /AtmelAvrToolchain/bin/../lib/gcc/avr/4.8.1/../../../../avr/lib/avr5/libc.a(strtok.o)
 .bss           0x008002a4        0x0 /AtmelAvrToolchain/bin/../lib/gcc/avr/4.8.1/../../../../avr/lib/avr5/libc.a(memcmp.o)
 .bss           0x008002a4        0x0 /AtmelAvrToolchain/bin/../lib/gcc/avr/4.8.1/../../../../avr/lib/avr5/libc.a(strcpy.o)
 .bss           0x008002a4        0x0 /AtmelAvrToolchain/bin/../lib/gcc/avr/4.8.1/../../../../avr/lib/avr5/libc.a(strncat.o)
 .bss           0x008002a4        0x0 /AtmelAvrToolchain/bin/../lib/gcc/avr/4.8.1/../../../../avr/lib/avr5/libc.a(strncpy.o)
 .bss           0x008002a4        0x0 /AtmelAvrToolchain/bin/../lib/gcc/avr/4.8.1/../../../../avr/lib/avr5/libc.a(strstr.o)
 .bss           0x008002a4        0x0 /AtmelAvrToolchain/bin/../lib/gcc/avr/4.8.1/../../../../avr/lib/avr5/libc.a(strtok_r.o)
 .bss           0x008002a4        0x0 /AtmelAvrToolchain/bin/../lib/gcc/avr/4.8.1/../../../../avr/lib/avr5/libc.a(itoa_ncheck.o)
 .bss           0x008002a4        0x0 /AtmelAvrToolchain/bin/../lib/gcc/avr/4.8.1/../../../../avr/lib/avr5/libc.a(mul10.o)
 .bss           0x008002a4        0x0 /AtmelAvrToolchain/bin/../lib/gcc/avr/4.8.1/../../../../avr/lib/avr5/libc.a(utoa_ncheck.o)
 .bss           0x008002a4        0x0 /AtmelAvrToolchain/bin/../lib/gcc/avr/4.8.1/../../../../avr/lib/avr5/libc.a(iob.o)
 .bss           0x008002a4        0x0 /AtmelAvrToolchain/bin/../lib/gcc/avr/4.8.1/../../../../avr/lib/avr5/libc.a(printf.o)
 .bss           0x008002a4        0x0 /AtmelAvrToolchain/bin/../lib/gcc/avr/4.8.1/../../../../avr/lib/avr5/libc.a(printf_p.o)
 .bss           0x008002a4        0x0 /AtmelAvrToolchain/bin/../lib/gcc/avr/4.8.1/../../../../avr/lib/avr5/libc.a(putchar.o)
 .bss           0x008002a4        0x0 /AtmelAvrToolchain/bin/../lib/gcc/avr/4.8.1/../../../../avr/lib/avr5/libc.a(puts.o)
 .bss           0x008002a4        0x0 /AtmelAvrToolchain/bin/../lib/gcc/avr/4.8.1/../../../../avr/lib/avr5/libc.a(sprintf_p.o)
 .bss           0x008002a4        0x0 /AtmelAvrToolchain/bin/../lib/gcc/avr/4.8.1/../../../../avr/lib/avr5/libc.a(vfprintf_std.o)
 .bss           0x008002a4        0x0 /AtmelAvrToolchain/bin/../lib/gcc/avr/4.8.1/../../../../avr/lib/avr5/libc.a(eerd_block_atmega328p.o)
 .bss           0x008002a4        0x0 /AtmelAvrToolchain/bin/../lib/gcc/avr/4.8.1/../../../../avr/lib/avr5/libc.a(eerd_byte_atmega328p.o)
 .bss           0x008002a4        0x0 /AtmelAvrToolchain/bin/../lib/gcc/avr/4.8.1/../../../../avr/lib/avr5/libc.a(eeupd_block_atmega328p.o)
 .bss           0x008002a4        0x0 /AtmelAvrToolchain/bin/../lib/gcc/avr/4.8.1/../../../../avr/lib/avr5/libc.a(eeupd_byte_atmega328p.o)
 .bss           0x008002a4        0x0 /AtmelAvrToolchain/bin/../lib/gcc/avr/4.8.1/../../../../avr/lib/avr5/libc.a(eewr_block_atmega328p.o)
 .bss           0x008002a4        0x0 /AtmelAvrToolchain/bin/../lib/gcc/avr/4.8.1/../../../../avr/lib/avr5/libc.a(eewr_byte_atmega328p.o)
 .bss           0x008002a4        0x0 /AtmelAvrToolchain/bin/../lib/gcc/avr/4.8.1/../../../../avr/lib/avr5/libc.a(strnlen_P.o)
 .bss           0x008002a4        0x0 /AtmelAvrToolchain/bin/../lib/gcc/avr/4.8.1/../../../../avr/lib/avr5/libc.a(strnlen.o)
 .bss           0x008002a4        0x0 /AtmelAvrToolchain/bin/../lib/gcc/avr/4.8.1/../../../../avr/lib/avr5/libc.a(strrev.o)
 .bss           0x008002a4        0x0 /AtmelAvrToolchain/bin/../lib/gcc/avr/4.8.1/../../../../avr/lib/avr5/libc.a(fputc.o)
 .bss           0x008002a4        0x0 /AtmelAvrToolchain/bin/../lib/gcc/avr/4.8.1/../../../../avr/lib/avr5/libc.a(ultoa_invert.o)
 .bss           0x008002a4        0x0 /AtmelAvrToolchain/bin/../lib/gcc/avr/4.8.1/avr5/libgcc.a(_prologue.o)
 .bss           0x008002a4        0x0 /AtmelAvrToolchain/bin/../lib/gcc/avr/4.8.1/avr5/libgcc.a(_epilogue.o)
 *(.bss*)
 .bss.fl        0x008002a4        0x1 ./main.o
 .bss.MenuPhase
                0x008002a5        0x1 ./main.o
 .bss.LastPhase
                0x008002a6        0x1 ./main.o
 .bss.MainLoopPhase
                0x008002a7        0x1 ./main.o
 .bss.TempAct   0x008002a8        0x2 ./main.o
 .bss.gSensorIDs
                0x008002aa       0x20 ./main.o
 .bss.oldDisplaySens
                0x008002ca        0x1 ./main.o
 .bss.kg        0x008002cb        0x1 ./main.o
 .bss.noready_sens
                0x008002cc        0x4 ./main.o
 .bss.btest_new_sensors
                0x008002d0        0x1 ./main.o
 .bss.nwSen_Phase
                0x008002d1        0x1 ./main.o
 .bss.sn_noready_counter
                0x008002d2        0x4 ./main.o
 .bss.sn_presence
                0x008002d6        0x4 ./main.o
 .bss.TLastWatchDog
                0x008002da        0x1 ./main.o
                0x008002da                TLastWatchDog
 .bss.WATCHDOG_STATE
                0x008002db        0x1 ./main.o
                0x008002db                WATCHDOG_STATE
 .bss.UART_LastRxError
                0x008002dc        0x1 ./uart/uart.o
 .bss.UART_RxTail
                0x008002dd        0x1 ./uart/uart.o
 .bss.UART_RxHead
                0x008002de        0x1 ./uart/uart.o
 .bss.UART_TxTail
                0x008002df        0x1 ./uart/uart.o
 .bss.UART_TxHead
                0x008002e0        0x1 ./uart/uart.o
 .bss.UART_RxBuf
                0x008002e1       0x20 ./uart/uart.o
 .bss.UART_TxBuf
                0x00800301       0x20 ./uart/uart.o
 .bss.wait_powergone
                0x00800321        0x1 ./timer/timer.o
                0x00800321                wait_powergone
 .bss.Cursor_Y  0x00800322        0x1 ./lcd/lcd.o
 .bss.Cursor_X  0x00800323        0x1 ./lcd/lcd.o
 .bss.yUpdateMin
                0x00800324        0x1 ./lcd/lcd.o
                0x00800324                yUpdateMin
 .bss.xUpdateMin
                0x00800325        0x1 ./lcd/lcd.o
                0x00800325                xUpdateMin
 .bss.y         0x00800326        0x2 ./lcd/lcd.o
                0x00800326                y
 .bss.x         0x00800328        0x2 ./lcd/lcd.o
                0x00800328                x
 .bss.index.2312
                0x0080032a        0xf ./gsm-sms/sms.o
 .bss.powergone
                0x00800339        0x1 ./extint/extint.o
                0x00800339                powergone
 .bss.extstate  0x0080033a        0x1 ./extint/extint.o
                0x0080033a                extstate
 *(COMMON)
 COMMON         0x0080033b       0x40 ./main.o
                0x0080033b                rTempInDoorMin
                0x0080033c                rTempInDoorMax
                0x0080033d                rTempDiffSupplyReturnMax
                0x0080033e                temper
                0x00800342                PrefHeatting
                0x00800343                wbuffer
                0x00800362                nSensors
                0x00800363                rTempOutDoorMin
                0x00800364                rSensorIDs
                0x00800366                temp_for_hour
                0x00800367                telNumber
                0x00800376                ReadyWATCHDOG
                0x00800377                rTempSupplyMin
                0x00800378                rTempSupplyMax
                0x00800379                rTempDiffSupplyReturnMin
                0x0080037a                rTempOutDoorMax
 COMMON         0x0080037b        0x2 ./timer/timer.o
                0x0080037b                CheckNoReadySNCounter
                0x0080037c                TimeKeyPressed
 COMMON         0x0080037d        0xc ./onewire/1WireMaxim.o
                0x0080037d                ROM_NO
                0x00800385                LastFamilyDiscrepancy
                0x00800386                LastDeviceFlag
                0x00800387                crc8m
                0x00800388                LastDiscrepancy
 COMMON         0x00800389        0x8 ./onewire/onewire.o
                0x00800389                OW_OUT
                0x0080038b                OW_PIN_MASK
                0x0080038c                OW_IN
                0x0080038e                OW_PIN
                0x0080038f                OW_DDR
 COMMON         0x00800391      0x360 ./lcd/lcd.o
                0x00800391                LCDCache
 COMMON         0x008006f1        0x4 /AtmelAvrToolchain/bin/../lib/gcc/avr/4.8.1/../../../../avr/lib/avr5/libc.a(malloc.o)
                0x008006f1                __brkval
                0x008006f3                __flp
 COMMON         0x008006f5        0x6 /AtmelAvrToolchain/bin/../lib/gcc/avr/4.8.1/../../../../avr/lib/avr5/libc.a(iob.o)
                0x008006f5                __iob
                0x008006fb                PROVIDE (__bss_end, .)
                0x00005d78                __data_load_start = LOADADDR (.data)
                0x00005f1a                __data_load_end = (__data_load_start + SIZEOF (.data))

.noinit         0x008006fb        0x0
                0x008006fb                PROVIDE (__noinit_start, .)
 *(.noinit*)
                0x008006fb                PROVIDE (__noinit_end, .)
                0x008006fb                _end = .
                0x008006fb                PROVIDE (__heap_start, .)

.eeprom         0x00810000       0x37
 *(.eeprom*)
 .eeprom        0x00810000       0x37 ./main.o
                0x00810000                etelNumber
                0x0081000f                eSensorIDs
                0x0081002f                TempDiffSupplyReturnMax
                0x00810030                TempDiffSupplyReturnMin
                0x00810031                TempSupplyMax
                0x00810032                TempSupplyMin
                0x00810033                TempOutDoorMax
                0x00810034                TempOutDoorMin
                0x00810035                TempInDoorMax
                0x00810036                TempInDoorMin
                0x00810037                __eeprom_end = .

.fuse           0x00820000        0x3
 *(.fuse)
 .fuse          0x00820000        0x3 ./main.o
                0x00820000                __fuse
 *(.lfuse)
 *(.hfuse)
 *(.efuse)

.lock
 *(.lock*)

.signature
 *(.signature*)

.user_signatures
 *(.user_signatures*)

.stab
 *(.stab)

.stabstr
 *(.stabstr)

.stab.excl
 *(.stab.excl)

.stab.exclstr
 *(.stab.exclstr)

.stab.index
 *(.stab.index)

.stab.indexstr
 *(.stab.indexstr)

.comment        0x00000000       0x5c
 *(.comment)
 .comment       0x00000000       0x30 ./main.o
                                 0x31 (size before relaxing)
 .comment       0x00000000       0x31 ./uart/uart.o
 .comment       0x00000000       0x31 ./uart/uart_addon.o
 .comment       0x00000000       0x31 ./timer/timer.o
 .comment       0x00000000       0x31 ./onewire/1WireMaxim.o
 .comment       0x00000000       0x31 ./onewire/onewire.o
 .comment       0x00000000       0x31 ./lcd/lcd.o
 .comment       0x00000000       0x31 ./keypad/keyadc.o
 .comment       0x00000000       0x31 ./gsm-sms/sms.o
 .comment       0x00000000       0x31 ./extint/extint.o
 .comment       0x00000000       0x31 ./ds18x20/crc8.o
 .comment       0x00000000       0x31 ./ds18x20/ds18x20.o
 .comment       0x00000000       0x31 /AtmelAvrToolchain/bin/../lib/gcc/avr/4.8.1/../../../../avr/lib/avr5/libc.a(malloc.o)
 .comment       0x00000000       0x31 /AtmelAvrToolchain/bin/../lib/gcc/avr/4.8.1/../../../../avr/lib/avr5/libc.a(strtok.o)
 .comment       0x00000000       0x31 /AtmelAvrToolchain/bin/../lib/gcc/avr/4.8.1/../../../../avr/lib/avr5/libc.a(iob.o)
 .comment       0x00000000       0x31 /AtmelAvrToolchain/bin/../lib/gcc/avr/4.8.1/../../../../avr/lib/avr5/libc.a(printf.o)
 .comment       0x00000000       0x31 /AtmelAvrToolchain/bin/../lib/gcc/avr/4.8.1/../../../../avr/lib/avr5/libc.a(printf_p.o)
 .comment       0x00000000       0x31 /AtmelAvrToolchain/bin/../lib/gcc/avr/4.8.1/../../../../avr/lib/avr5/libc.a(putchar.o)
 .comment       0x00000000       0x31 /AtmelAvrToolchain/bin/../lib/gcc/avr/4.8.1/../../../../avr/lib/avr5/libc.a(puts.o)
 .comment       0x00000000       0x31 /AtmelAvrToolchain/bin/../lib/gcc/avr/4.8.1/../../../../avr/lib/avr5/libc.a(sprintf_p.o)
 .comment       0x00000030       0x2c /AtmelAvrToolchain/bin/../lib/gcc/avr/4.8.1/../../../../avr/lib/avr5/libc.a(vfprintf_std.o)
                                 0x2d (size before relaxing)
 .comment       0x00000000       0x31 /AtmelAvrToolchain/bin/../lib/gcc/avr/4.8.1/../../../../avr/lib/avr5/libc.a(fputc.o)

.note.gnu.build-id
 *(.note.gnu.build-id)

.debug
 *(.debug)

.line
 *(.line)

.debug_srcinfo
 *(.debug_srcinfo)

.debug_sfnames
 *(.debug_sfnames)

.debug_aranges
 *(.debug_aranges)

.debug_pubnames
 *(.debug_pubnames)

.debug_info
 *(.debug_info .gnu.linkonce.wi.*)

.debug_abbrev
 *(.debug_abbrev)

.debug_line
 *(.debug_line .debug_line.* .debug_line_end)

.debug_frame
 *(.debug_frame)

.debug_str
 *(.debug_str)

.debug_loc
 *(.debug_loc)

.debug_macinfo
 *(.debug_macinfo)

.debug_weaknames
 *(.debug_weaknames)

.debug_funcnames
 *(.debug_funcnames)

.debug_typenames
 *(.debug_typenames)

.debug_varnames
 *(.debug_varnames)

.debug_pubtypes
 *(.debug_pubtypes)

.debug_ranges
 *(.debug_ranges)

.debug_macro
 *(.debug_macro)
OUTPUT(A328Pn3310DS18x20_n.elf elf32-avr)
LOAD linker stubs
