Archive member included because of file (symbol)

/avr8-gnu-toolchain-linux_x86/bin/../lib/gcc/avr/4.8.1/avr5/libgcc.a(_divmodhi4.o)
                              ./uart/uart.o (__divmodhi4)
/avr8-gnu-toolchain-linux_x86/bin/../lib/gcc/avr/4.8.1/avr5/libgcc.a(_exit.o)
                              /avr8-gnu-toolchain-linux_x86/bin/../lib/gcc/avr/4.8.1/../../../../avr/lib/avr5/crtm328p.o (exit)
/avr8-gnu-toolchain-linux_x86/bin/../lib/gcc/avr/4.8.1/avr5/libgcc.a(_tablejump.o)
                              ./main.o (__tablejump2__)
/avr8-gnu-toolchain-linux_x86/bin/../lib/gcc/avr/4.8.1/avr5/libgcc.a(_copy_data.o)
                              ./main.o (__do_copy_data)
/avr8-gnu-toolchain-linux_x86/bin/../lib/gcc/avr/4.8.1/avr5/libgcc.a(_clear_bss.o)
                              ./main.o (__do_clear_bss)
/avr8-gnu-toolchain-linux_x86/bin/../lib/gcc/avr/4.8.1/avr5/libgcc.a(_umulhisi3.o)
                              ./timer/timer.o (__umulhisi3)
/avr8-gnu-toolchain-linux_x86/bin/../lib/gcc/avr/4.8.1/avr5/libgcc.a(_udivmodhi4.o)
                              /avr8-gnu-toolchain-linux_x86/bin/../lib/gcc/avr/4.8.1/avr5/libgcc.a(_divmodhi4.o) (__udivmodhi4)
/avr8-gnu-toolchain-linux_x86/bin/../lib/gcc/avr/4.8.1/../../../../avr/lib/avr5/libc.a(malloc.o)
                              ./main.o (malloc)
/avr8-gnu-toolchain-linux_x86/bin/../lib/gcc/avr/4.8.1/../../../../avr/lib/avr5/libc.a(abort.o)
                              ./main.o (abort)
/avr8-gnu-toolchain-linux_x86/bin/../lib/gcc/avr/4.8.1/../../../../avr/lib/avr5/libc.a(atoi.o)
                              ./main.o (atoi)
/avr8-gnu-toolchain-linux_x86/bin/../lib/gcc/avr/4.8.1/../../../../avr/lib/avr5/libc.a(strncpy_P.o)
                              ./main.o (strncpy_P)
/avr8-gnu-toolchain-linux_x86/bin/../lib/gcc/avr/4.8.1/../../../../avr/lib/avr5/libc.a(strtok.o)
                              ./gsm-sms/sms.o (strtok)
/avr8-gnu-toolchain-linux_x86/bin/../lib/gcc/avr/4.8.1/../../../../avr/lib/avr5/libc.a(memcmp.o)
                              ./main.o (memcmp)
/avr8-gnu-toolchain-linux_x86/bin/../lib/gcc/avr/4.8.1/../../../../avr/lib/avr5/libc.a(strcpy.o)
                              ./gsm-sms/sms.o (strcpy)
/avr8-gnu-toolchain-linux_x86/bin/../lib/gcc/avr/4.8.1/../../../../avr/lib/avr5/libc.a(strncat.o)
                              ./main.o (strncat)
/avr8-gnu-toolchain-linux_x86/bin/../lib/gcc/avr/4.8.1/../../../../avr/lib/avr5/libc.a(strncpy.o)
                              ./main.o (strncpy)
/avr8-gnu-toolchain-linux_x86/bin/../lib/gcc/avr/4.8.1/../../../../avr/lib/avr5/libc.a(strstr.o)
                              ./gsm-sms/sms.o (strstr)
/avr8-gnu-toolchain-linux_x86/bin/../lib/gcc/avr/4.8.1/../../../../avr/lib/avr5/libc.a(strtok_r.o)
                              /avr8-gnu-toolchain-linux_x86/bin/../lib/gcc/avr/4.8.1/../../../../avr/lib/avr5/libc.a(strtok.o) (strtok_r)
/avr8-gnu-toolchain-linux_x86/bin/../lib/gcc/avr/4.8.1/../../../../avr/lib/avr5/libc.a(itoa_ncheck.o)
                              ./uart/uart_addon.o (__itoa_ncheck)
/avr8-gnu-toolchain-linux_x86/bin/../lib/gcc/avr/4.8.1/../../../../avr/lib/avr5/libc.a(mul10.o)
                              /avr8-gnu-toolchain-linux_x86/bin/../lib/gcc/avr/4.8.1/../../../../avr/lib/avr5/libc.a(atoi.o) (__mulhi_const_10)
/avr8-gnu-toolchain-linux_x86/bin/../lib/gcc/avr/4.8.1/../../../../avr/lib/avr5/libc.a(utoa_ncheck.o)
                              /avr8-gnu-toolchain-linux_x86/bin/../lib/gcc/avr/4.8.1/../../../../avr/lib/avr5/libc.a(itoa_ncheck.o) (__utoa_common)
/avr8-gnu-toolchain-linux_x86/bin/../lib/gcc/avr/4.8.1/../../../../avr/lib/avr5/libc.a(iob.o)
                              ./main.o (__iob)
/avr8-gnu-toolchain-linux_x86/bin/../lib/gcc/avr/4.8.1/../../../../avr/lib/avr5/libc.a(printf.o)
                              ./main.o (printf)
/avr8-gnu-toolchain-linux_x86/bin/../lib/gcc/avr/4.8.1/../../../../avr/lib/avr5/libc.a(printf_p.o)
                              ./main.o (printf_P)
/avr8-gnu-toolchain-linux_x86/bin/../lib/gcc/avr/4.8.1/../../../../avr/lib/avr5/libc.a(putchar.o)
                              ./main.o (putchar)
/avr8-gnu-toolchain-linux_x86/bin/../lib/gcc/avr/4.8.1/../../../../avr/lib/avr5/libc.a(puts.o)
                              ./gsm-sms/sms.o (puts)
/avr8-gnu-toolchain-linux_x86/bin/../lib/gcc/avr/4.8.1/../../../../avr/lib/avr5/libc.a(sprintf_p.o)
                              ./main.o (sprintf_P)
/avr8-gnu-toolchain-linux_x86/bin/../lib/gcc/avr/4.8.1/../../../../avr/lib/avr5/libc.a(vfprintf_std.o)
                              /avr8-gnu-toolchain-linux_x86/bin/../lib/gcc/avr/4.8.1/../../../../avr/lib/avr5/libc.a(printf.o) (vfprintf)
/avr8-gnu-toolchain-linux_x86/bin/../lib/gcc/avr/4.8.1/../../../../avr/lib/avr5/libc.a(eerd_block_atmega328p.o)
                              ./main.o (__eerd_block_m328p)
/avr8-gnu-toolchain-linux_x86/bin/../lib/gcc/avr/4.8.1/../../../../avr/lib/avr5/libc.a(eerd_byte_atmega328p.o)
                              ./main.o (__eerd_byte_m328p)
/avr8-gnu-toolchain-linux_x86/bin/../lib/gcc/avr/4.8.1/../../../../avr/lib/avr5/libc.a(eeupd_block_atmega328p.o)
                              ./main.o (__eeupd_block_m328p)
/avr8-gnu-toolchain-linux_x86/bin/../lib/gcc/avr/4.8.1/../../../../avr/lib/avr5/libc.a(eeupd_byte_atmega328p.o)
                              ./main.o (__eeupd_byte_m328p)
/avr8-gnu-toolchain-linux_x86/bin/../lib/gcc/avr/4.8.1/../../../../avr/lib/avr5/libc.a(eewr_block_atmega328p.o)
                              ./main.o (__eewr_block_m328p)
/avr8-gnu-toolchain-linux_x86/bin/../lib/gcc/avr/4.8.1/../../../../avr/lib/avr5/libc.a(eewr_byte_atmega328p.o)
                              /avr8-gnu-toolchain-linux_x86/bin/../lib/gcc/avr/4.8.1/../../../../avr/lib/avr5/libc.a(eewr_block_atmega328p.o) (__eewr_r18_m328p)
/avr8-gnu-toolchain-linux_x86/bin/../lib/gcc/avr/4.8.1/../../../../avr/lib/avr5/libc.a(strnlen_P.o)
                              /avr8-gnu-toolchain-linux_x86/bin/../lib/gcc/avr/4.8.1/../../../../avr/lib/avr5/libc.a(vfprintf_std.o) (strnlen_P)
/avr8-gnu-toolchain-linux_x86/bin/../lib/gcc/avr/4.8.1/../../../../avr/lib/avr5/libc.a(strnlen.o)
                              /avr8-gnu-toolchain-linux_x86/bin/../lib/gcc/avr/4.8.1/../../../../avr/lib/avr5/libc.a(vfprintf_std.o) (strnlen)
/avr8-gnu-toolchain-linux_x86/bin/../lib/gcc/avr/4.8.1/../../../../avr/lib/avr5/libc.a(strrev.o)
                              /avr8-gnu-toolchain-linux_x86/bin/../lib/gcc/avr/4.8.1/../../../../avr/lib/avr5/libc.a(utoa_ncheck.o) (strrev)
/avr8-gnu-toolchain-linux_x86/bin/../lib/gcc/avr/4.8.1/../../../../avr/lib/avr5/libc.a(fputc.o)
                              /avr8-gnu-toolchain-linux_x86/bin/../lib/gcc/avr/4.8.1/../../../../avr/lib/avr5/libc.a(putchar.o) (fputc)
/avr8-gnu-toolchain-linux_x86/bin/../lib/gcc/avr/4.8.1/../../../../avr/lib/avr5/libc.a(ultoa_invert.o)
                              /avr8-gnu-toolchain-linux_x86/bin/../lib/gcc/avr/4.8.1/../../../../avr/lib/avr5/libc.a(vfprintf_std.o) (__ultoa_invert)
/avr8-gnu-toolchain-linux_x86/bin/../lib/gcc/avr/4.8.1/avr5/libgcc.a(_prologue.o)
                              /avr8-gnu-toolchain-linux_x86/bin/../lib/gcc/avr/4.8.1/../../../../avr/lib/avr5/libc.a(printf.o) (__prologue_saves__)
/avr8-gnu-toolchain-linux_x86/bin/../lib/gcc/avr/4.8.1/avr5/libgcc.a(_epilogue.o)
                              /avr8-gnu-toolchain-linux_x86/bin/../lib/gcc/avr/4.8.1/../../../../avr/lib/avr5/libc.a(printf.o) (__epilogue_restores__)

Allocating common symbols
Common symbol       size              file

OW_OUT              0x2               ./onewire/onewire.o
rTempInDoorMin      0x1               ./main.o
rTempInDoorMax      0x1               ./main.o
OW_PIN_MASK         0x1               ./onewire/onewire.o
rTempDiffSupplyReturnMax
                    0x1               ./main.o
temper              0x4               ./main.o
PrefHeatting        0x1               ./main.o
wbuffer             0x1f              ./main.o
nSensors            0x1               ./main.o
rTempOutDoorMin     0x1               ./main.o
LCDCache            0x360             ./lcd/lcd.o
rSensorIDs          0x2               ./main.o
OW_IN               0x2               ./onewire/onewire.o
ROM_NO              0x8               ./onewire/1WireMaxim.o
temp_for_hour       0x1               ./main.o
__brkval            0x2               /avr8-gnu-toolchain-linux_x86/bin/../lib/gcc/avr/4.8.1/../../../../avr/lib/avr5/libc.a(malloc.o)
telNumber           0xf               ./main.o
OW_PIN              0x1               ./onewire/onewire.o
ReadyWATCHDOG       0x1               ./main.o
LastFamilyDiscrepancy
                    0x1               ./onewire/1WireMaxim.o
OW_DDR              0x2               ./onewire/onewire.o
rTempSupplyMin      0x1               ./main.o
rTempSupplyMax      0x1               ./main.o
rTempDiffSupplyReturnMin
                    0x1               ./main.o
LastDeviceFlag      0x1               ./onewire/1WireMaxim.o
crc8m               0x1               ./onewire/1WireMaxim.o
LastDiscrepancy     0x1               ./onewire/1WireMaxim.o
__flp               0x2               /avr8-gnu-toolchain-linux_x86/bin/../lib/gcc/avr/4.8.1/../../../../avr/lib/avr5/libc.a(malloc.o)
CheckNoReadySNCounter
                    0x1               ./timer/timer.o
__iob               0x6               /avr8-gnu-toolchain-linux_x86/bin/../lib/gcc/avr/4.8.1/../../../../avr/lib/avr5/libc.a(iob.o)
TimeKeyPressed      0x1               ./timer/timer.o
rTempOutDoorMax     0x1               ./main.o

Memory Configuration

Name             Origin             Length             Attributes
text             0x00000000         0x00020000         xr
data             0x00800060         0x0000ffa0         rw !x
eeprom           0x00810000         0x00010000         rw !x
fuse             0x00820000         0x00000400         rw !x
lock             0x00830000         0x00000400         rw !x
signature        0x00840000         0x00000400         rw !x
user_signatures  0x00850000         0x00000400         rw !x
*default*        0x00000000         0xffffffff

Linker script and memory map

Address of section .data set to 0x800100
LOAD /avr8-gnu-toolchain-linux_x86/bin/../lib/gcc/avr/4.8.1/../../../../avr/lib/avr5/crtm328p.o
LOAD ./main.o
LOAD ./uart/uart.o
LOAD ./uart/uart_addon.o
LOAD ./timer/timer.o
LOAD ./onewire/1WireMaxim.o
LOAD ./onewire/onewire.o
LOAD ./lcd/lcd.o
LOAD ./keypad/adc.o
LOAD ./keypad/keyadc.o
LOAD ./gsm-sms/sms.o
LOAD ./extint/extint.o
LOAD ./ds18x20/crc8.o
LOAD ./ds18x20/ds18x20.o
START GROUP
LOAD /avr8-gnu-toolchain-linux_x86/bin/../lib/gcc/avr/4.8.1/avr5/libgcc.a
LOAD /avr8-gnu-toolchain-linux_x86/bin/../lib/gcc/avr/4.8.1/../../../../avr/lib/avr5/libm.a
LOAD /avr8-gnu-toolchain-linux_x86/bin/../lib/gcc/avr/4.8.1/../../../../avr/lib/avr5/libc.a
END GROUP

.hash
 *(.hash)

.dynsym
 *(.dynsym)

.dynstr
 *(.dynstr)

.gnu.version
 *(.gnu.version)

.gnu.version_d
 *(.gnu.version_d)

.gnu.version_r
 *(.gnu.version_r)

.rel.init
 *(.rel.init)

.rela.init
 *(.rela.init)

.rel.text
 *(.rel.text)
 *(.rel.text.*)
 *(.rel.gnu.linkonce.t*)

.rela.text
 *(.rela.text)
 *(.rela.text.*)
 *(.rela.gnu.linkonce.t*)

.rel.fini
 *(.rel.fini)

.rela.fini
 *(.rela.fini)

.rel.rodata
 *(.rel.rodata)
 *(.rel.rodata.*)
 *(.rel.gnu.linkonce.r*)

.rela.rodata
 *(.rela.rodata)
 *(.rela.rodata.*)
 *(.rela.gnu.linkonce.r*)

.rel.data
 *(.rel.data)
 *(.rel.data.*)
 *(.rel.gnu.linkonce.d*)

.rela.data
 *(.rela.data)
 *(.rela.data.*)
 *(.rela.gnu.linkonce.d*)

.rel.ctors
 *(.rel.ctors)

.rela.ctors
 *(.rela.ctors)

.rel.dtors
 *(.rel.dtors)

.rela.dtors
 *(.rela.dtors)

.rel.got
 *(.rel.got)

.rela.got
 *(.rela.got)

.rel.bss
 *(.rel.bss)

.rela.bss
 *(.rela.bss)

.rel.plt
 *(.rel.plt)

.rela.plt
 *(.rela.plt)

.text           0x00000000     0x5d78
 *(.vectors)
 .vectors       0x00000000       0x68 /avr8-gnu-toolchain-linux_x86/bin/../lib/gcc/avr/4.8.1/../../../../avr/lib/avr5/crtm328p.o
                0x00000000                __vectors
                0x00000000                __vector_default
 *(.vectors)
 *(.progmem.gcc*)
 .progmem.gcc_sw_table
                0x00000068       0x5e ./main.o
                0x000000c6                . = ALIGN (0x2)
                0x000000c6                __trampolines_start = .
 *(.trampolines)
 .trampolines   0x000000c6        0x0 linker stubs
 *(.trampolines*)
                0x000000c6                __trampolines_end = .
 *(.progmem*)
 .progmem.data  0x000000c6      0x42d ./main.o
 .progmem.data  0x000004f3      0x4fb ./lcd/lcd.o
 .progmem.data  0x000009ee       0x21 ./gsm-sms/sms.o
                0x00000a10                . = ALIGN (0x2)
 *fill*         0x00000a0f        0x1 
 *(.jumptables)
 *(.jumptables*)
 *(.lowtext)
 *(.lowtext*)
                0x00000a10                __ctors_start = .
 *(.ctors)
                0x00000a10                __ctors_end = .
                0x00000a10                __dtors_start = .
 *(.dtors)
                0x00000a10                __dtors_end = .
 SORT(*)(.ctors)
 SORT(*)(.dtors)
 *(.init0)
 .init0         0x00000a10        0x0 /avr8-gnu-toolchain-linux_x86/bin/../lib/gcc/avr/4.8.1/../../../../avr/lib/avr5/crtm328p.o
                0x00000a10                __init
 *(.init0)
 *(.init1)
 *(.init1)
 *(.init2)
 .init2         0x00000a10        0xc /avr8-gnu-toolchain-linux_x86/bin/../lib/gcc/avr/4.8.1/../../../../avr/lib/avr5/crtm328p.o
 *(.init2)
 *(.init3)
 *(.init3)
 *(.init4)
 .init4         0x00000a1c       0x16 /avr8-gnu-toolchain-linux_x86/bin/../lib/gcc/avr/4.8.1/avr5/libgcc.a(_copy_data.o)
                0x00000a1c                __do_copy_data
 .init4         0x00000a32       0x10 /avr8-gnu-toolchain-linux_x86/bin/../lib/gcc/avr/4.8.1/avr5/libgcc.a(_clear_bss.o)
                0x00000a32                __do_clear_bss
 *(.init4)
 *(.init5)
 *(.init5)
 *(.init6)
 *(.init6)
 *(.init7)
 *(.init7)
 *(.init8)
 *(.init8)
 *(.init9)
 .init9         0x00000a42        0x8 /avr8-gnu-toolchain-linux_x86/bin/../lib/gcc/avr/4.8.1/../../../../avr/lib/avr5/crtm328p.o
 *(.init9)
 *(.text)
 .text          0x00000a4a        0x4 /avr8-gnu-toolchain-linux_x86/bin/../lib/gcc/avr/4.8.1/../../../../avr/lib/avr5/crtm328p.o
                0x00000a4a                __vector_22
                0x00000a4a                __vector_24
                0x00000a4a                __vector_12
                0x00000a4a                __bad_interrupt
                0x00000a4a                __vector_3
                0x00000a4a                __vector_25
                0x00000a4a                __vector_11
                0x00000a4a                __vector_13
                0x00000a4a                __vector_17
                0x00000a4a                __vector_7
                0x00000a4a                __vector_5
                0x00000a4a                __vector_4
                0x00000a4a                __vector_15
                0x00000a4a                __vector_8
                0x00000a4a                __vector_14
                0x00000a4a                __vector_10
                0x00000a4a                __vector_16
                0x00000a4a                __vector_20
 .text          0x00000a4e     0x25a2 ./main.o
                0x00000ae6                LcdPutTemp
                0x00000b30                ShutOffADC
                0x00000b46                test_SN_sensors
                0x00000ba4                copyrSNsTogSNs
                0x00000bd0                LcdPowerGoneStr
                0x00000c10                DisplayTemperature
                0x00000d8a                DoWatchDog
                0x00000dc0                getTemperature
                0x00000e52                manageTemperatureEvent
                0x00001026                ValidSensorCode
                0x0000104e                checkPresenceSN
                0x000010e6                manage_new_sensors
                0x00001460                resetSensNumber
                0x0000147a                sms_noready_sens
                0x000015bc                sms_pumpStarted
                0x00001610                sms_powerGone
                0x000016be                ManageOutdoorTempEvent
                0x000016f8                TestNoReadySensors
                0x000017dc                ClearEEPROMSensCodes
                0x00001820                main
 .text          0x00002ff0      0x1a2 ./uart/uart.o
                0x00002ff0                __vector_18
                0x00003046                __vector_19
                0x0000309a                uart_init
                0x000030cc                uart_getc
                0x00003102                uart_putc
                0x0000312c                uart_puts
                0x0000314a                uart_puts_p
                0x0000316e                uart_available
                0x00003188                uart_flush
 .text          0x00003192       0x36 ./uart/uart_addon.o
                0x00003192                uart_put_int
 .text          0x000031c8      0x232 ./timer/timer.o
                0x000031c8                WDT_off
                0x000031e2                __vector_6
                0x000031fc                WDT_setup
                0x00003214                init_clock
                0x00003266                not_leap
                0x000032c0                __vector_9
 .text          0x000033fa      0x422 ./onewire/1WireMaxim.o
                0x000033fa                ResetDiscrepancy
                0x00003408                OWReset
                0x000034be                OWWriteBit
                0x00003536                OWWriteByte
                0x00003572                OWReadBit
                0x000035e0                OWMatchRom
                0x0000360c                docrc8
                0x00003622                OWSearch
                0x00003746                OWFirst
                0x00003758                OWNext
                0x0000375e                OWVerify
 .text          0x0000381c      0x210 ./onewire/onewire.o
                0x0000381c                ow_set_bus
                0x0000384a                ow_input_pin_state
                0x0000385c                ow_parasite_enable
                0x00003944                ow_parasite_disable
                0x0000395a                ow_bit_io
                0x00003964                ow_byte_wr
                0x00003986                ow_byte_wr_with_parasite_enable
                0x00003a14                ow_byte_rd
                0x00003a1c                ow_command
                0x00003a24                ow_command_with_parasite_enable
 .text          0x00003a2c      0x91e ./lcd/lcd.o
                0x00003a2c                LCD_send_bit
                0x00003a54                LCD_send_byte
                0x00003a88                LCD_send_command
                0x00003a90                LCD_send_data
                0x00003a98                LCD_Clear_Screen
                0x00003aca                LCD_initialize2
                0x00003b72                LCD_Update
                0x00003c5a                LCD_UpdateBox
                0x00003cac                LCD_Clear
                0x00003cea                LCD_drawPixel
                0x00003dbc                LCD_set_position2
                0x00003dfc                LCD_drawLine
                0x00003f2a                LCD_drawFastVLine
                0x00003f46                LCD_fillRect
                0x00003f96                LCD_drawChar
                0x00004142                LCD_write2
                0x00004202                LCD_draw_string2
                0x0000422c                LCD_draw_string3
                0x00004248                LCD_drawFastHLine
                0x00004262                LCD_setTextSize
                0x0000426e                NoneFunc
                0x00004270                LcdPutInt
                0x000042aa                LcdNextStr
                0x000042d2                LcdFirstLine
                0x000042dc                ReturnXPos
                0x00004332                LcdWrite
 .text          0x0000434a      0x11e ./keypad/adc.o
                0x0000434a                IntAdc
                0x00004386                IntAnalogComp
                0x000043a8                InitAnalogComp
                0x000043c0                InitAdc
                0x00004400                GetKeyCode
                0x00004442                resetKbd
 .text          0x00004468        0x8 ./keypad/keyadc.o
                0x00004468                __vector_21
                0x0000446c                __vector_23
 .text          0x00004470      0x88e ./gsm-sms/sms.o
                0x00004470                gsm_init
                0x00004482                gsm_del_sms
                0x000044be                gsm_read_token
                0x00004574                gsm_remove_char
                0x000045e8                gsm_command
                0x00004612                gsm_text_sms
                0x0000461c                gsm_flush_buffer
                0x0000462e                gsm_readline
                0x000046ac                gsm_read_sms
                0x0000481a                gsm_check_new_sms
                0x00004984                gsm_send_sms
                0x00004bf2                gsm_SIM_mem_used
 .text          0x00004cfe       0xa8 ./extint/extint.o
                0x00004cfe                ExtInt0Enable
                0x00004d14                ExtInt0Disable
                0x00004d1a                __vector_1
                0x00004d46                ExtInt1Enable
                0x00004d64                ExtInt1Disable
                0x00004d6a                __vector_2
 .text          0x00004da6       0x3a ./ds18x20/crc8.o
                0x00004da6                crc8
 .text          0x00004de0      0x3e2 ./ds18x20/ds18x20.o
                0x00004f1e                send_power_10ms
                0x00004f38                DS18X20_get_power_status
                0x00004f72                DS18X20_start_meas
                0x00004fc4                DS18X20_conversion_in_progress
                0x00004fde                DS18X20_format_from_decicelsius
                0x000050e8                DS18X20_read_decicelsius
                0x0000515e                DS18X20_read_decicelsius_single
 .text          0x000051c2        0x0 /avr8-gnu-toolchain-linux_x86/bin/../lib/gcc/avr/4.8.1/avr5/libgcc.a(_divmodhi4.o)
 .text          0x000051c2        0x0 /avr8-gnu-toolchain-linux_x86/bin/../lib/gcc/avr/4.8.1/avr5/libgcc.a(_exit.o)
 .text          0x000051c2        0x0 /avr8-gnu-toolchain-linux_x86/bin/../lib/gcc/avr/4.8.1/avr5/libgcc.a(_tablejump.o)
 .text          0x000051c2        0x0 /avr8-gnu-toolchain-linux_x86/bin/../lib/gcc/avr/4.8.1/avr5/libgcc.a(_copy_data.o)
 .text          0x000051c2        0x0 /avr8-gnu-toolchain-linux_x86/bin/../lib/gcc/avr/4.8.1/avr5/libgcc.a(_clear_bss.o)
 .text          0x000051c2        0x0 /avr8-gnu-toolchain-linux_x86/bin/../lib/gcc/avr/4.8.1/avr5/libgcc.a(_umulhisi3.o)
 .text          0x000051c2        0x0 /avr8-gnu-toolchain-linux_x86/bin/../lib/gcc/avr/4.8.1/avr5/libgcc.a(_udivmodhi4.o)
 .text          0x000051c2        0x0 /avr8-gnu-toolchain-linux_x86/bin/../lib/gcc/avr/4.8.1/../../../../avr/lib/avr5/libc.a(malloc.o)
 .text          0x000051c2        0x0 /avr8-gnu-toolchain-linux_x86/bin/../lib/gcc/avr/4.8.1/../../../../avr/lib/avr5/libc.a(abort.o)
 .text          0x000051c2        0x0 /avr8-gnu-toolchain-linux_x86/bin/../lib/gcc/avr/4.8.1/../../../../avr/lib/avr5/libc.a(atoi.o)
 .text          0x000051c2        0x0 /avr8-gnu-toolchain-linux_x86/bin/../lib/gcc/avr/4.8.1/../../../../avr/lib/avr5/libc.a(strncpy_P.o)
 .text          0x000051c2        0x0 /avr8-gnu-toolchain-linux_x86/bin/../lib/gcc/avr/4.8.1/../../../../avr/lib/avr5/libc.a(strtok.o)
 .text          0x000051c2        0x0 /avr8-gnu-toolchain-linux_x86/bin/../lib/gcc/avr/4.8.1/../../../../avr/lib/avr5/libc.a(memcmp.o)
 .text          0x000051c2        0x0 /avr8-gnu-toolchain-linux_x86/bin/../lib/gcc/avr/4.8.1/../../../../avr/lib/avr5/libc.a(strcpy.o)
 .text          0x000051c2        0x0 /avr8-gnu-toolchain-linux_x86/bin/../lib/gcc/avr/4.8.1/../../../../avr/lib/avr5/libc.a(strncat.o)
 .text          0x000051c2        0x0 /avr8-gnu-toolchain-linux_x86/bin/../lib/gcc/avr/4.8.1/../../../../avr/lib/avr5/libc.a(strncpy.o)
 .text          0x000051c2        0x0 /avr8-gnu-toolchain-linux_x86/bin/../lib/gcc/avr/4.8.1/../../../../avr/lib/avr5/libc.a(strstr.o)
 .text          0x000051c2        0x0 /avr8-gnu-toolchain-linux_x86/bin/../lib/gcc/avr/4.8.1/../../../../avr/lib/avr5/libc.a(strtok_r.o)
 .text          0x000051c2        0x0 /avr8-gnu-toolchain-linux_x86/bin/../lib/gcc/avr/4.8.1/../../../../avr/lib/avr5/libc.a(itoa_ncheck.o)
 .text          0x000051c2        0x0 /avr8-gnu-toolchain-linux_x86/bin/../lib/gcc/avr/4.8.1/../../../../avr/lib/avr5/libc.a(mul10.o)
 .text          0x000051c2        0x0 /avr8-gnu-toolchain-linux_x86/bin/../lib/gcc/avr/4.8.1/../../../../avr/lib/avr5/libc.a(utoa_ncheck.o)
 .text          0x000051c2        0x0 /avr8-gnu-toolchain-linux_x86/bin/../lib/gcc/avr/4.8.1/../../../../avr/lib/avr5/libc.a(iob.o)
 .text          0x000051c2        0x0 /avr8-gnu-toolchain-linux_x86/bin/../lib/gcc/avr/4.8.1/../../../../avr/lib/avr5/libc.a(printf.o)
 .text          0x000051c2        0x0 /avr8-gnu-toolchain-linux_x86/bin/../lib/gcc/avr/4.8.1/../../../../avr/lib/avr5/libc.a(printf_p.o)
 .text          0x000051c2        0x0 /avr8-gnu-toolchain-linux_x86/bin/../lib/gcc/avr/4.8.1/../../../../avr/lib/avr5/libc.a(putchar.o)
 .text          0x000051c2        0x0 /avr8-gnu-toolchain-linux_x86/bin/../lib/gcc/avr/4.8.1/../../../../avr/lib/avr5/libc.a(puts.o)
 .text          0x000051c2        0x0 /avr8-gnu-toolchain-linux_x86/bin/../lib/gcc/avr/4.8.1/../../../../avr/lib/avr5/libc.a(sprintf_p.o)
 .text          0x000051c2        0x0 /avr8-gnu-toolchain-linux_x86/bin/../lib/gcc/avr/4.8.1/../../../../avr/lib/avr5/libc.a(vfprintf_std.o)
 .text          0x000051c2        0x0 /avr8-gnu-toolchain-linux_x86/bin/../lib/gcc/avr/4.8.1/../../../../avr/lib/avr5/libc.a(eerd_block_atmega328p.o)
 .text          0x000051c2        0x0 /avr8-gnu-toolchain-linux_x86/bin/../lib/gcc/avr/4.8.1/../../../../avr/lib/avr5/libc.a(eerd_byte_atmega328p.o)
 .text          0x000051c2        0x0 /avr8-gnu-toolchain-linux_x86/bin/../lib/gcc/avr/4.8.1/../../../../avr/lib/avr5/libc.a(eeupd_block_atmega328p.o)
 .text          0x000051c2        0x0 /avr8-gnu-toolchain-linux_x86/bin/../lib/gcc/avr/4.8.1/../../../../avr/lib/avr5/libc.a(eeupd_byte_atmega328p.o)
 .text          0x000051c2        0x0 /avr8-gnu-toolchain-linux_x86/bin/../lib/gcc/avr/4.8.1/../../../../avr/lib/avr5/libc.a(eewr_block_atmega328p.o)
 .text          0x000051c2        0x0 /avr8-gnu-toolchain-linux_x86/bin/../lib/gcc/avr/4.8.1/../../../../avr/lib/avr5/libc.a(eewr_byte_atmega328p.o)
 .text          0x000051c2        0x0 /avr8-gnu-toolchain-linux_x86/bin/../lib/gcc/avr/4.8.1/../../../../avr/lib/avr5/libc.a(strnlen_P.o)
 .text          0x000051c2        0x0 /avr8-gnu-toolchain-linux_x86/bin/../lib/gcc/avr/4.8.1/../../../../avr/lib/avr5/libc.a(strnlen.o)
 .text          0x000051c2        0x0 /avr8-gnu-toolchain-linux_x86/bin/../lib/gcc/avr/4.8.1/../../../../avr/lib/avr5/libc.a(strrev.o)
 .text          0x000051c2        0x0 /avr8-gnu-toolchain-linux_x86/bin/../lib/gcc/avr/4.8.1/../../../../avr/lib/avr5/libc.a(fputc.o)
 .text          0x000051c2        0x0 /avr8-gnu-toolchain-linux_x86/bin/../lib/gcc/avr/4.8.1/../../../../avr/lib/avr5/libc.a(ultoa_invert.o)
 .text          0x000051c2        0x0 /avr8-gnu-toolchain-linux_x86/bin/../lib/gcc/avr/4.8.1/avr5/libgcc.a(_prologue.o)
 .text          0x000051c2        0x0 /avr8-gnu-toolchain-linux_x86/bin/../lib/gcc/avr/4.8.1/avr5/libgcc.a(_epilogue.o)
                0x000051c2                . = ALIGN (0x2)
 *(.text.*)
 .text.libgcc.mul
                0x000051c2        0x0 /avr8-gnu-toolchain-linux_x86/bin/../lib/gcc/avr/4.8.1/avr5/libgcc.a(_divmodhi4.o)
 .text.libgcc.div
                0x000051c2       0x28 /avr8-gnu-toolchain-linux_x86/bin/../lib/gcc/avr/4.8.1/avr5/libgcc.a(_divmodhi4.o)
                0x000051c2                __divmodhi4
                0x000051c2                _div
 .text.libgcc   0x000051ea        0x0 /avr8-gnu-toolchain-linux_x86/bin/../lib/gcc/avr/4.8.1/avr5/libgcc.a(_divmodhi4.o)
 .text.libgcc.prologue
                0x000051ea        0x0 /avr8-gnu-toolchain-linux_x86/bin/../lib/gcc/avr/4.8.1/avr5/libgcc.a(_divmodhi4.o)
 .text.libgcc.builtins
                0x000051ea        0x0 /avr8-gnu-toolchain-linux_x86/bin/../lib/gcc/avr/4.8.1/avr5/libgcc.a(_divmodhi4.o)
 .text.libgcc.fmul
                0x000051ea        0x0 /avr8-gnu-toolchain-linux_x86/bin/../lib/gcc/avr/4.8.1/avr5/libgcc.a(_divmodhi4.o)
 .text.libgcc.fixed
                0x000051ea        0x0 /avr8-gnu-toolchain-linux_x86/bin/../lib/gcc/avr/4.8.1/avr5/libgcc.a(_divmodhi4.o)
 .text.libgcc.mul
                0x000051ea        0x0 /avr8-gnu-toolchain-linux_x86/bin/../lib/gcc/avr/4.8.1/avr5/libgcc.a(_exit.o)
 .text.libgcc.div
                0x000051ea        0x0 /avr8-gnu-toolchain-linux_x86/bin/../lib/gcc/avr/4.8.1/avr5/libgcc.a(_exit.o)
 .text.libgcc   0x000051ea        0x0 /avr8-gnu-toolchain-linux_x86/bin/../lib/gcc/avr/4.8.1/avr5/libgcc.a(_exit.o)
 .text.libgcc.prologue
                0x000051ea        0x0 /avr8-gnu-toolchain-linux_x86/bin/../lib/gcc/avr/4.8.1/avr5/libgcc.a(_exit.o)
 .text.libgcc.builtins
                0x000051ea        0x0 /avr8-gnu-toolchain-linux_x86/bin/../lib/gcc/avr/4.8.1/avr5/libgcc.a(_exit.o)
 .text.libgcc.fmul
                0x000051ea        0x0 /avr8-gnu-toolchain-linux_x86/bin/../lib/gcc/avr/4.8.1/avr5/libgcc.a(_exit.o)
 .text.libgcc.fixed
                0x000051ea        0x0 /avr8-gnu-toolchain-linux_x86/bin/../lib/gcc/avr/4.8.1/avr5/libgcc.a(_exit.o)
 .text.libgcc.mul
                0x000051ea        0x0 /avr8-gnu-toolchain-linux_x86/bin/../lib/gcc/avr/4.8.1/avr5/libgcc.a(_tablejump.o)
 .text.libgcc.div
                0x000051ea        0x0 /avr8-gnu-toolchain-linux_x86/bin/../lib/gcc/avr/4.8.1/avr5/libgcc.a(_tablejump.o)
 .text.libgcc   0x000051ea        0xc /avr8-gnu-toolchain-linux_x86/bin/../lib/gcc/avr/4.8.1/avr5/libgcc.a(_tablejump.o)
                0x000051ea                __tablejump2__
                0x000051ee                __tablejump__
 .text.libgcc.prologue
                0x000051f6        0x0 /avr8-gnu-toolchain-linux_x86/bin/../lib/gcc/avr/4.8.1/avr5/libgcc.a(_tablejump.o)
 .text.libgcc.builtins
                0x000051f6        0x0 /avr8-gnu-toolchain-linux_x86/bin/../lib/gcc/avr/4.8.1/avr5/libgcc.a(_tablejump.o)
 .text.libgcc.fmul
                0x000051f6        0x0 /avr8-gnu-toolchain-linux_x86/bin/../lib/gcc/avr/4.8.1/avr5/libgcc.a(_tablejump.o)
 .text.libgcc.fixed
                0x000051f6        0x0 /avr8-gnu-toolchain-linux_x86/bin/../lib/gcc/avr/4.8.1/avr5/libgcc.a(_tablejump.o)
 .text.libgcc.mul
                0x000051f6        0x0 /avr8-gnu-toolchain-linux_x86/bin/../lib/gcc/avr/4.8.1/avr5/libgcc.a(_copy_data.o)
 .text.libgcc.div
                0x000051f6        0x0 /avr8-gnu-toolchain-linux_x86/bin/../lib/gcc/avr/4.8.1/avr5/libgcc.a(_copy_data.o)
 .text.libgcc   0x000051f6        0x0 /avr8-gnu-toolchain-linux_x86/bin/../lib/gcc/avr/4.8.1/avr5/libgcc.a(_copy_data.o)
 .text.libgcc.prologue
                0x000051f6        0x0 /avr8-gnu-toolchain-linux_x86/bin/../lib/gcc/avr/4.8.1/avr5/libgcc.a(_copy_data.o)
 .text.libgcc.builtins
                0x000051f6        0x0 /avr8-gnu-toolchain-linux_x86/bin/../lib/gcc/avr/4.8.1/avr5/libgcc.a(_copy_data.o)
 .text.libgcc.fmul
                0x000051f6        0x0 /avr8-gnu-toolchain-linux_x86/bin/../lib/gcc/avr/4.8.1/avr5/libgcc.a(_copy_data.o)
 .text.libgcc.fixed
                0x000051f6        0x0 /avr8-gnu-toolchain-linux_x86/bin/../lib/gcc/avr/4.8.1/avr5/libgcc.a(_copy_data.o)
 .text.libgcc.mul
                0x000051f6        0x0 /avr8-gnu-toolchain-linux_x86/bin/../lib/gcc/avr/4.8.1/avr5/libgcc.a(_clear_bss.o)
 .text.libgcc.div
                0x000051f6        0x0 /avr8-gnu-toolchain-linux_x86/bin/../lib/gcc/avr/4.8.1/avr5/libgcc.a(_clear_bss.o)
 .text.libgcc   0x000051f6        0x0 /avr8-gnu-toolchain-linux_x86/bin/../lib/gcc/avr/4.8.1/avr5/libgcc.a(_clear_bss.o)
 .text.libgcc.prologue
                0x000051f6        0x0 /avr8-gnu-toolchain-linux_x86/bin/../lib/gcc/avr/4.8.1/avr5/libgcc.a(_clear_bss.o)
 .text.libgcc.builtins
                0x000051f6        0x0 /avr8-gnu-toolchain-linux_x86/bin/../lib/gcc/avr/4.8.1/avr5/libgcc.a(_clear_bss.o)
 .text.libgcc.fmul
                0x000051f6        0x0 /avr8-gnu-toolchain-linux_x86/bin/../lib/gcc/avr/4.8.1/avr5/libgcc.a(_clear_bss.o)
 .text.libgcc.fixed
                0x000051f6        0x0 /avr8-gnu-toolchain-linux_x86/bin/../lib/gcc/avr/4.8.1/avr5/libgcc.a(_clear_bss.o)
 .text.libgcc.mul
                0x000051f6       0x1e /avr8-gnu-toolchain-linux_x86/bin/../lib/gcc/avr/4.8.1/avr5/libgcc.a(_umulhisi3.o)
                0x000051f6                __umulhisi3
 .text.libgcc.div
                0x00005214        0x0 /avr8-gnu-toolchain-linux_x86/bin/../lib/gcc/avr/4.8.1/avr5/libgcc.a(_umulhisi3.o)
 .text.libgcc   0x00005214        0x0 /avr8-gnu-toolchain-linux_x86/bin/../lib/gcc/avr/4.8.1/avr5/libgcc.a(_umulhisi3.o)
 .text.libgcc.prologue
                0x00005214        0x0 /avr8-gnu-toolchain-linux_x86/bin/../lib/gcc/avr/4.8.1/avr5/libgcc.a(_umulhisi3.o)
 .text.libgcc.builtins
                0x00005214        0x0 /avr8-gnu-toolchain-linux_x86/bin/../lib/gcc/avr/4.8.1/avr5/libgcc.a(_umulhisi3.o)
 .text.libgcc.fmul
                0x00005214        0x0 /avr8-gnu-toolchain-linux_x86/bin/../lib/gcc/avr/4.8.1/avr5/libgcc.a(_umulhisi3.o)
 .text.libgcc.fixed
                0x00005214        0x0 /avr8-gnu-toolchain-linux_x86/bin/../lib/gcc/avr/4.8.1/avr5/libgcc.a(_umulhisi3.o)
 .text.libgcc.mul
                0x00005214        0x0 /avr8-gnu-toolchain-linux_x86/bin/../lib/gcc/avr/4.8.1/avr5/libgcc.a(_udivmodhi4.o)
 .text.libgcc.div
                0x00005214       0x28 /avr8-gnu-toolchain-linux_x86/bin/../lib/gcc/avr/4.8.1/avr5/libgcc.a(_udivmodhi4.o)
                0x00005214                __udivmodhi4
 .text.libgcc   0x0000523c        0x0 /avr8-gnu-toolchain-linux_x86/bin/../lib/gcc/avr/4.8.1/avr5/libgcc.a(_udivmodhi4.o)
 .text.libgcc.prologue
                0x0000523c        0x0 /avr8-gnu-toolchain-linux_x86/bin/../lib/gcc/avr/4.8.1/avr5/libgcc.a(_udivmodhi4.o)
 .text.libgcc.builtins
                0x0000523c        0x0 /avr8-gnu-toolchain-linux_x86/bin/../lib/gcc/avr/4.8.1/avr5/libgcc.a(_udivmodhi4.o)
 .text.libgcc.fmul
                0x0000523c        0x0 /avr8-gnu-toolchain-linux_x86/bin/../lib/gcc/avr/4.8.1/avr5/libgcc.a(_udivmodhi4.o)
 .text.libgcc.fixed
                0x0000523c        0x0 /avr8-gnu-toolchain-linux_x86/bin/../lib/gcc/avr/4.8.1/avr5/libgcc.a(_udivmodhi4.o)
 .text.avr-libc
                0x0000523c      0x24e /avr8-gnu-toolchain-linux_x86/bin/../lib/gcc/avr/4.8.1/../../../../avr/lib/avr5/libc.a(malloc.o)
                0x0000523c                malloc
                0x0000536c                free
 .text.avr-libc
                0x0000548a        0xa /avr8-gnu-toolchain-linux_x86/bin/../lib/gcc/avr/4.8.1/../../../../avr/lib/avr5/libc.a(abort.o)
                0x0000548a                abort
 .text.avr-libc
                0x00005494       0x3c /avr8-gnu-toolchain-linux_x86/bin/../lib/gcc/avr/4.8.1/../../../../avr/lib/avr5/libc.a(atoi.o)
                0x00005494                atoi
 .text.avr-libc
                0x000054d0       0x1e /avr8-gnu-toolchain-linux_x86/bin/../lib/gcc/avr/4.8.1/../../../../avr/lib/avr5/libc.a(strncpy_P.o)
                0x000054d0                strncpy_P
 .text.avr-libc
                0x000054ee        0xa /avr8-gnu-toolchain-linux_x86/bin/../lib/gcc/avr/4.8.1/../../../../avr/lib/avr5/libc.a(strtok.o)
                0x000054ee                strtok
 .text.avr-libc
                0x000054f8       0x1a /avr8-gnu-toolchain-linux_x86/bin/../lib/gcc/avr/4.8.1/../../../../avr/lib/avr5/libc.a(memcmp.o)
                0x000054f8                memcmp
 .text.avr-libc
                0x00005512        0xe /avr8-gnu-toolchain-linux_x86/bin/../lib/gcc/avr/4.8.1/../../../../avr/lib/avr5/libc.a(strcpy.o)
                0x00005512                strcpy
 .text.avr-libc
                0x00005520       0x20 /avr8-gnu-toolchain-linux_x86/bin/../lib/gcc/avr/4.8.1/../../../../avr/lib/avr5/libc.a(strncat.o)
                0x00005520                strncat
 .text.avr-libc
                0x00005540       0x1e /avr8-gnu-toolchain-linux_x86/bin/../lib/gcc/avr/4.8.1/../../../../avr/lib/avr5/libc.a(strncpy.o)
                0x00005540                strncpy
 .text.avr-libc
                0x0000555e       0x34 /avr8-gnu-toolchain-linux_x86/bin/../lib/gcc/avr/4.8.1/../../../../avr/lib/avr5/libc.a(strstr.o)
                0x0000555e                strstr
 .text.avr-libc
                0x00005592       0x4e /avr8-gnu-toolchain-linux_x86/bin/../lib/gcc/avr/4.8.1/../../../../avr/lib/avr5/libc.a(strtok_r.o)
                0x00005592                strtok_r
 .text.avr-libc
                0x000055e0       0x16 /avr8-gnu-toolchain-linux_x86/bin/../lib/gcc/avr/4.8.1/../../../../avr/lib/avr5/libc.a(itoa_ncheck.o)
                0x000055e0                __itoa_ncheck
 .text.avr-libc
                0x000055f6       0x10 /avr8-gnu-toolchain-linux_x86/bin/../lib/gcc/avr/4.8.1/../../../../avr/lib/avr5/libc.a(mul10.o)
                0x000055f6                __mulhi_const_10
 .text.avr-libc
                0x00005606       0x34 /avr8-gnu-toolchain-linux_x86/bin/../lib/gcc/avr/4.8.1/../../../../avr/lib/avr5/libc.a(utoa_ncheck.o)
                0x00005606                __utoa_ncheck
                0x00005608                __utoa_common
 .text.avr-libc
                0x0000563a       0x28 /avr8-gnu-toolchain-linux_x86/bin/../lib/gcc/avr/4.8.1/../../../../avr/lib/avr5/libc.a(printf.o)
                0x0000563a                printf
 .text.avr-libc
                0x00005662       0x44 /avr8-gnu-toolchain-linux_x86/bin/../lib/gcc/avr/4.8.1/../../../../avr/lib/avr5/libc.a(printf_p.o)
                0x00005662                printf_P
 .text.avr-libc
                0x000056a6        0xe /avr8-gnu-toolchain-linux_x86/bin/../lib/gcc/avr/4.8.1/../../../../avr/lib/avr5/libc.a(putchar.o)
                0x000056a6                putchar
 .text.avr-libc
                0x000056b4       0x5a /avr8-gnu-toolchain-linux_x86/bin/../lib/gcc/avr/4.8.1/../../../../avr/lib/avr5/libc.a(puts.o)
                0x000056b4                puts
 .text.avr-libc
                0x0000570e       0x44 /avr8-gnu-toolchain-linux_x86/bin/../lib/gcc/avr/4.8.1/../../../../avr/lib/avr5/libc.a(sprintf_p.o)
                0x0000570e                sprintf_P
 .text.avr-libc
                0x00005752      0x3a4 /avr8-gnu-toolchain-linux_x86/bin/../lib/gcc/avr/4.8.1/../../../../avr/lib/avr5/libc.a(vfprintf_std.o)
                0x00005752                vfprintf
 .text.avr-libc
                0x00005af6       0x20 /avr8-gnu-toolchain-linux_x86/bin/../lib/gcc/avr/4.8.1/../../../../avr/lib/avr5/libc.a(eerd_block_atmega328p.o)
                0x00005af6                __eerd_block_m328p
                0x00005afa                __eerd_blraw_m328p
 .text.avr-libc
                0x00005b16       0x10 /avr8-gnu-toolchain-linux_x86/bin/../lib/gcc/avr/4.8.1/../../../../avr/lib/avr5/libc.a(eerd_byte_atmega328p.o)
                0x00005b16                __eerd_byte_m328p
 .text.avr-libc
                0x00005b26       0x20 /avr8-gnu-toolchain-linux_x86/bin/../lib/gcc/avr/4.8.1/../../../../avr/lib/avr5/libc.a(eeupd_block_atmega328p.o)
                0x00005b26                __eeupd_block_m328p
 .text.avr-libc
                0x00005b46       0x24 /avr8-gnu-toolchain-linux_x86/bin/../lib/gcc/avr/4.8.1/../../../../avr/lib/avr5/libc.a(eeupd_byte_atmega328p.o)
                0x00005b46                __eeupd_byte_m328p
                0x00005b48                __eeupd_r18_m328p
 .text.avr-libc
                0x00005b6a       0x14 /avr8-gnu-toolchain-linux_x86/bin/../lib/gcc/avr/4.8.1/../../../../avr/lib/avr5/libc.a(eewr_block_atmega328p.o)
                0x00005b6a                __eewr_block_m328p
 .text.avr-libc
                0x00005b7e       0x1c /avr8-gnu-toolchain-linux_x86/bin/../lib/gcc/avr/4.8.1/../../../../avr/lib/avr5/libc.a(eewr_byte_atmega328p.o)
                0x00005b7e                __eewr_byte_m328p
                0x00005b80                __eewr_r18_m328p
 .text.avr-libc
                0x00005b9a       0x16 /avr8-gnu-toolchain-linux_x86/bin/../lib/gcc/avr/4.8.1/../../../../avr/lib/avr5/libc.a(strnlen_P.o)
                0x00005b9a                strnlen_P
 .text.avr-libc
                0x00005bb0       0x16 /avr8-gnu-toolchain-linux_x86/bin/../lib/gcc/avr/4.8.1/../../../../avr/lib/avr5/libc.a(strnlen.o)
                0x00005bb0                strnlen
 .text.avr-libc
                0x00005bc6       0x20 /avr8-gnu-toolchain-linux_x86/bin/../lib/gcc/avr/4.8.1/../../../../avr/lib/avr5/libc.a(strrev.o)
                0x00005bc6                strrev
 .text.avr-libc
                0x00005be6       0x64 /avr8-gnu-toolchain-linux_x86/bin/../lib/gcc/avr/4.8.1/../../../../avr/lib/avr5/libc.a(fputc.o)
                0x00005be6                fputc
 .text.avr-libc
                0x00005c4a       0xbc /avr8-gnu-toolchain-linux_x86/bin/../lib/gcc/avr/4.8.1/../../../../avr/lib/avr5/libc.a(ultoa_invert.o)
                0x00005c4a                __ultoa_invert
 .text.libgcc.mul
                0x00005d06        0x0 /avr8-gnu-toolchain-linux_x86/bin/../lib/gcc/avr/4.8.1/avr5/libgcc.a(_prologue.o)
 .text.libgcc.div
                0x00005d06        0x0 /avr8-gnu-toolchain-linux_x86/bin/../lib/gcc/avr/4.8.1/avr5/libgcc.a(_prologue.o)
 .text.libgcc   0x00005d06        0x0 /avr8-gnu-toolchain-linux_x86/bin/../lib/gcc/avr/4.8.1/avr5/libgcc.a(_prologue.o)
 .text.libgcc.prologue
                0x00005d06       0x38 /avr8-gnu-toolchain-linux_x86/bin/../lib/gcc/avr/4.8.1/avr5/libgcc.a(_prologue.o)
                0x00005d06                __prologue_saves__
 .text.libgcc.builtins
                0x00005d3e        0x0 /avr8-gnu-toolchain-linux_x86/bin/../lib/gcc/avr/4.8.1/avr5/libgcc.a(_prologue.o)
 .text.libgcc.fmul
                0x00005d3e        0x0 /avr8-gnu-toolchain-linux_x86/bin/../lib/gcc/avr/4.8.1/avr5/libgcc.a(_prologue.o)
 .text.libgcc.fixed
                0x00005d3e        0x0 /avr8-gnu-toolchain-linux_x86/bin/../lib/gcc/avr/4.8.1/avr5/libgcc.a(_prologue.o)
 .text.libgcc.mul
                0x00005d3e        0x0 /avr8-gnu-toolchain-linux_x86/bin/../lib/gcc/avr/4.8.1/avr5/libgcc.a(_epilogue.o)
 .text.libgcc.div
                0x00005d3e        0x0 /avr8-gnu-toolchain-linux_x86/bin/../lib/gcc/avr/4.8.1/avr5/libgcc.a(_epilogue.o)
 .text.libgcc   0x00005d3e        0x0 /avr8-gnu-toolchain-linux_x86/bin/../lib/gcc/avr/4.8.1/avr5/libgcc.a(_epilogue.o)
 .text.libgcc.prologue
                0x00005d3e       0x36 /avr8-gnu-toolchain-linux_x86/bin/../lib/gcc/avr/4.8.1/avr5/libgcc.a(_epilogue.o)
                0x00005d3e                __epilogue_restores__
 .text.libgcc.builtins
                0x00005d74        0x0 /avr8-gnu-toolchain-linux_x86/bin/../lib/gcc/avr/4.8.1/avr5/libgcc.a(_epilogue.o)
 .text.libgcc.fmul
                0x00005d74        0x0 /avr8-gnu-toolchain-linux_x86/bin/../lib/gcc/avr/4.8.1/avr5/libgcc.a(_epilogue.o)
 .text.libgcc.fixed
                0x00005d74        0x0 /avr8-gnu-toolchain-linux_x86/bin/../lib/gcc/avr/4.8.1/avr5/libgcc.a(_epilogue.o)
                0x00005d74                . = ALIGN (0x2)
 *(.fini9)
 .fini9         0x00005d74        0x0 /avr8-gnu-toolchain-linux_x86/bin/../lib/gcc/avr/4.8.1/avr5/libgcc.a(_exit.o)
                0x00005d74                exit
                0x00005d74                _exit
 *(.fini9)
 *(.fini8)
 *(.fini8)
 *(.fini7)
 *(.fini7)
 *(.fini6)
 *(.fini6)
 *(.fini5)
 *(.fini5)
 *(.fini4)
 *(.fini4)
 *(.fini3)
 *(.fini3)
 *(.fini2)
 *(.fini2)
 *(.fini1)
 *(.fini1)
 *(.fini0)
 .fini0         0x00005d74        0x4 /avr8-gnu-toolchain-linux_x86/bin/../lib/gcc/avr/4.8.1/avr5/libgcc.a(_exit.o)
 *(.fini0)
                0x00005d78                _etext = .

.data           0x00800100      0x1a2 load address 0x00005d78
                0x00800100                PROVIDE (__data_start, .)
 *(.data)
 .data          0x00800100        0x0 /avr8-gnu-toolchain-linux_x86/bin/../lib/gcc/avr/4.8.1/../../../../avr/lib/avr5/crtm328p.o
 .data          0x00800100        0xf ./main.o
 .data          0x0080010f        0x0 ./uart/uart.o
 .data          0x0080010f        0x0 ./uart/uart_addon.o
 .data          0x0080010f        0x7 ./timer/timer.o
                0x0080010f                tAsync
 .data          0x00800116        0x0 ./onewire/1WireMaxim.o
 .data          0x00800116        0x0 ./onewire/onewire.o
 .data          0x00800116        0x3 ./lcd/lcd.o
                0x00800117                yUpdateMax
                0x00800118                xUpdateMax
 .data          0x00800119        0x2 ./keypad/adc.o
                0x00800119                AdcVal
                0x0080011a                KeyPressed
 .data          0x0080011b        0x0 ./keypad/keyadc.o
 .data          0x0080011b        0x4 ./gsm-sms/sms.o
                0x0080011b                gsm_send_byte
                0x0080011d                gsm_get_byte
 .data          0x0080011f        0x0 ./extint/extint.o
 .data          0x0080011f        0x0 ./ds18x20/crc8.o
 .data          0x0080011f        0x0 ./ds18x20/ds18x20.o
 .data          0x0080011f        0x0 /avr8-gnu-toolchain-linux_x86/bin/../lib/gcc/avr/4.8.1/avr5/libgcc.a(_divmodhi4.o)
 .data          0x0080011f        0x0 /avr8-gnu-toolchain-linux_x86/bin/../lib/gcc/avr/4.8.1/avr5/libgcc.a(_exit.o)
 .data          0x0080011f        0x0 /avr8-gnu-toolchain-linux_x86/bin/../lib/gcc/avr/4.8.1/avr5/libgcc.a(_tablejump.o)
 .data          0x0080011f        0x0 /avr8-gnu-toolchain-linux_x86/bin/../lib/gcc/avr/4.8.1/avr5/libgcc.a(_copy_data.o)
 .data          0x0080011f        0x0 /avr8-gnu-toolchain-linux_x86/bin/../lib/gcc/avr/4.8.1/avr5/libgcc.a(_clear_bss.o)
 .data          0x0080011f        0x0 /avr8-gnu-toolchain-linux_x86/bin/../lib/gcc/avr/4.8.1/avr5/libgcc.a(_umulhisi3.o)
 .data          0x0080011f        0x0 /avr8-gnu-toolchain-linux_x86/bin/../lib/gcc/avr/4.8.1/avr5/libgcc.a(_udivmodhi4.o)
 .data          0x0080011f        0x6 /avr8-gnu-toolchain-linux_x86/bin/../lib/gcc/avr/4.8.1/../../../../avr/lib/avr5/libc.a(malloc.o)
                0x0080011f                __malloc_heap_end
                0x00800121                __malloc_heap_start
                0x00800123                __malloc_margin
 .data          0x00800125        0x0 /avr8-gnu-toolchain-linux_x86/bin/../lib/gcc/avr/4.8.1/../../../../avr/lib/avr5/libc.a(abort.o)
 .data          0x00800125        0x0 /avr8-gnu-toolchain-linux_x86/bin/../lib/gcc/avr/4.8.1/../../../../avr/lib/avr5/libc.a(atoi.o)
 .data          0x00800125        0x0 /avr8-gnu-toolchain-linux_x86/bin/../lib/gcc/avr/4.8.1/../../../../avr/lib/avr5/libc.a(strncpy_P.o)
 .data          0x00800125        0x0 /avr8-gnu-toolchain-linux_x86/bin/../lib/gcc/avr/4.8.1/../../../../avr/lib/avr5/libc.a(strtok.o)
 .data          0x00800125        0x0 /avr8-gnu-toolchain-linux_x86/bin/../lib/gcc/avr/4.8.1/../../../../avr/lib/avr5/libc.a(memcmp.o)
 .data          0x00800125        0x0 /avr8-gnu-toolchain-linux_x86/bin/../lib/gcc/avr/4.8.1/../../../../avr/lib/avr5/libc.a(strcpy.o)
 .data          0x00800125        0x0 /avr8-gnu-toolchain-linux_x86/bin/../lib/gcc/avr/4.8.1/../../../../avr/lib/avr5/libc.a(strncat.o)
 .data          0x00800125        0x0 /avr8-gnu-toolchain-linux_x86/bin/../lib/gcc/avr/4.8.1/../../../../avr/lib/avr5/libc.a(strncpy.o)
 .data          0x00800125        0x0 /avr8-gnu-toolchain-linux_x86/bin/../lib/gcc/avr/4.8.1/../../../../avr/lib/avr5/libc.a(strstr.o)
 .data          0x00800125        0x0 /avr8-gnu-toolchain-linux_x86/bin/../lib/gcc/avr/4.8.1/../../../../avr/lib/avr5/libc.a(strtok_r.o)
 .data          0x00800125        0x0 /avr8-gnu-toolchain-linux_x86/bin/../lib/gcc/avr/4.8.1/../../../../avr/lib/avr5/libc.a(itoa_ncheck.o)
 .data          0x00800125        0x0 /avr8-gnu-toolchain-linux_x86/bin/../lib/gcc/avr/4.8.1/../../../../avr/lib/avr5/libc.a(mul10.o)
 .data          0x00800125        0x0 /avr8-gnu-toolchain-linux_x86/bin/../lib/gcc/avr/4.8.1/../../../../avr/lib/avr5/libc.a(utoa_ncheck.o)
 .data          0x00800125        0x0 /avr8-gnu-toolchain-linux_x86/bin/../lib/gcc/avr/4.8.1/../../../../avr/lib/avr5/libc.a(iob.o)
 .data          0x00800125        0x0 /avr8-gnu-toolchain-linux_x86/bin/../lib/gcc/avr/4.8.1/../../../../avr/lib/avr5/libc.a(printf.o)
 .data          0x00800125        0x0 /avr8-gnu-toolchain-linux_x86/bin/../lib/gcc/avr/4.8.1/../../../../avr/lib/avr5/libc.a(printf_p.o)
 .data          0x00800125        0x0 /avr8-gnu-toolchain-linux_x86/bin/../lib/gcc/avr/4.8.1/../../../../avr/lib/avr5/libc.a(putchar.o)
 .data          0x00800125        0x0 /avr8-gnu-toolchain-linux_x86/bin/../lib/gcc/avr/4.8.1/../../../../avr/lib/avr5/libc.a(puts.o)
 .data          0x00800125        0x0 /avr8-gnu-toolchain-linux_x86/bin/../lib/gcc/avr/4.8.1/../../../../avr/lib/avr5/libc.a(sprintf_p.o)
 .data          0x00800125        0x0 /avr8-gnu-toolchain-linux_x86/bin/../lib/gcc/avr/4.8.1/../../../../avr/lib/avr5/libc.a(vfprintf_std.o)
 .data          0x00800125        0x0 /avr8-gnu-toolchain-linux_x86/bin/../lib/gcc/avr/4.8.1/../../../../avr/lib/avr5/libc.a(eerd_block_atmega328p.o)
 .data          0x00800125        0x0 /avr8-gnu-toolchain-linux_x86/bin/../lib/gcc/avr/4.8.1/../../../../avr/lib/avr5/libc.a(eerd_byte_atmega328p.o)
 .data          0x00800125        0x0 /avr8-gnu-toolchain-linux_x86/bin/../lib/gcc/avr/4.8.1/../../../../avr/lib/avr5/libc.a(eeupd_block_atmega328p.o)
 .data          0x00800125        0x0 /avr8-gnu-toolchain-linux_x86/bin/../lib/gcc/avr/4.8.1/../../../../avr/lib/avr5/libc.a(eeupd_byte_atmega328p.o)
 .data          0x00800125        0x0 /avr8-gnu-toolchain-linux_x86/bin/../lib/gcc/avr/4.8.1/../../../../avr/lib/avr5/libc.a(eewr_block_atmega328p.o)
 .data          0x00800125        0x0 /avr8-gnu-toolchain-linux_x86/bin/../lib/gcc/avr/4.8.1/../../../../avr/lib/avr5/libc.a(eewr_byte_atmega328p.o)
 .data          0x00800125        0x0 /avr8-gnu-toolchain-linux_x86/bin/../lib/gcc/avr/4.8.1/../../../../avr/lib/avr5/libc.a(strnlen_P.o)
 .data          0x00800125        0x0 /avr8-gnu-toolchain-linux_x86/bin/../lib/gcc/avr/4.8.1/../../../../avr/lib/avr5/libc.a(strnlen.o)
 .data          0x00800125        0x0 /avr8-gnu-toolchain-linux_x86/bin/../lib/gcc/avr/4.8.1/../../../../avr/lib/avr5/libc.a(strrev.o)
 .data          0x00800125        0x0 /avr8-gnu-toolchain-linux_x86/bin/../lib/gcc/avr/4.8.1/../../../../avr/lib/avr5/libc.a(fputc.o)
 .data          0x00800125        0x0 /avr8-gnu-toolchain-linux_x86/bin/../lib/gcc/avr/4.8.1/../../../../avr/lib/avr5/libc.a(ultoa_invert.o)
 .data          0x00800125        0x0 /avr8-gnu-toolchain-linux_x86/bin/../lib/gcc/avr/4.8.1/avr5/libgcc.a(_prologue.o)
 .data          0x00800125        0x0 /avr8-gnu-toolchain-linux_x86/bin/../lib/gcc/avr/4.8.1/avr5/libgcc.a(_epilogue.o)
 *(.data*)
 *(.rodata)
 .rodata        0x00800125      0x100 ./onewire/1WireMaxim.o
 *(.rodata*)
 .rodata.str1.1
                0x00800225       0x24 ./main.o
                                 0x41 (size before relaxing)
 .rodata.str1.1
                0x00800249       0x58 ./gsm-sms/sms.o
 *(.gnu.linkonce.d*)
                0x008002a2                . = ALIGN (0x2)
 *fill*         0x008002a1        0x1 
                0x008002a2                _edata = .
                0x008002a2                PROVIDE (__data_end, .)

.bss            0x008002a2      0x459
                0x008002a2                PROVIDE (__bss_start, .)
 *(.bss)
 .bss           0x008002a2        0x0 /avr8-gnu-toolchain-linux_x86/bin/../lib/gcc/avr/4.8.1/../../../../avr/lib/avr5/crtm328p.o
 .bss           0x008002a2       0x38 ./main.o
                0x008002a2                TLastWatchDog
                0x008002a3                WATCHDOG_STATE
 .bss           0x008002da       0x45 ./uart/uart.o
 .bss           0x0080031f        0x0 ./uart/uart_addon.o
 .bss           0x0080031f        0x1 ./timer/timer.o
                0x0080031f                wait_powergone
 .bss           0x00800320        0x0 ./onewire/1WireMaxim.o
 .bss           0x00800320        0x0 ./onewire/onewire.o
 .bss           0x00800320        0x8 ./lcd/lcd.o
                0x00800320                yUpdateMin
                0x00800321                xUpdateMin
                0x00800322                y
                0x00800324                x
 .bss           0x00800328        0x0 ./keypad/adc.o
 .bss           0x00800328        0x0 ./keypad/keyadc.o
 .bss           0x00800328        0xf ./gsm-sms/sms.o
 .bss           0x00800337        0x2 ./extint/extint.o
                0x00800337                powergone
                0x00800338                extstate
 .bss           0x00800339        0x0 ./ds18x20/crc8.o
 .bss           0x00800339        0x0 ./ds18x20/ds18x20.o
 .bss           0x00800339        0x0 /avr8-gnu-toolchain-linux_x86/bin/../lib/gcc/avr/4.8.1/avr5/libgcc.a(_divmodhi4.o)
 .bss           0x00800339        0x0 /avr8-gnu-toolchain-linux_x86/bin/../lib/gcc/avr/4.8.1/avr5/libgcc.a(_exit.o)
 .bss           0x00800339        0x0 /avr8-gnu-toolchain-linux_x86/bin/../lib/gcc/avr/4.8.1/avr5/libgcc.a(_tablejump.o)
 .bss           0x00800339        0x0 /avr8-gnu-toolchain-linux_x86/bin/../lib/gcc/avr/4.8.1/avr5/libgcc.a(_copy_data.o)
 .bss           0x00800339        0x0 /avr8-gnu-toolchain-linux_x86/bin/../lib/gcc/avr/4.8.1/avr5/libgcc.a(_clear_bss.o)
 .bss           0x00800339        0x0 /avr8-gnu-toolchain-linux_x86/bin/../lib/gcc/avr/4.8.1/avr5/libgcc.a(_umulhisi3.o)
 .bss           0x00800339        0x0 /avr8-gnu-toolchain-linux_x86/bin/../lib/gcc/avr/4.8.1/avr5/libgcc.a(_udivmodhi4.o)
 .bss           0x00800339        0x0 /avr8-gnu-toolchain-linux_x86/bin/../lib/gcc/avr/4.8.1/../../../../avr/lib/avr5/libc.a(malloc.o)
 .bss           0x00800339        0x0 /avr8-gnu-toolchain-linux_x86/bin/../lib/gcc/avr/4.8.1/../../../../avr/lib/avr5/libc.a(abort.o)
 .bss           0x00800339        0x0 /avr8-gnu-toolchain-linux_x86/bin/../lib/gcc/avr/4.8.1/../../../../avr/lib/avr5/libc.a(atoi.o)
 .bss           0x00800339        0x0 /avr8-gnu-toolchain-linux_x86/bin/../lib/gcc/avr/4.8.1/../../../../avr/lib/avr5/libc.a(strncpy_P.o)
 .bss           0x00800339        0x2 /avr8-gnu-toolchain-linux_x86/bin/../lib/gcc/avr/4.8.1/../../../../avr/lib/avr5/libc.a(strtok.o)
 .bss           0x0080033b        0x0 /avr8-gnu-toolchain-linux_x86/bin/../lib/gcc/avr/4.8.1/../../../../avr/lib/avr5/libc.a(memcmp.o)
 .bss           0x0080033b        0x0 /avr8-gnu-toolchain-linux_x86/bin/../lib/gcc/avr/4.8.1/../../../../avr/lib/avr5/libc.a(strcpy.o)
 .bss           0x0080033b        0x0 /avr8-gnu-toolchain-linux_x86/bin/../lib/gcc/avr/4.8.1/../../../../avr/lib/avr5/libc.a(strncat.o)
 .bss           0x0080033b        0x0 /avr8-gnu-toolchain-linux_x86/bin/../lib/gcc/avr/4.8.1/../../../../avr/lib/avr5/libc.a(strncpy.o)
 .bss           0x0080033b        0x0 /avr8-gnu-toolchain-linux_x86/bin/../lib/gcc/avr/4.8.1/../../../../avr/lib/avr5/libc.a(strstr.o)
 .bss           0x0080033b        0x0 /avr8-gnu-toolchain-linux_x86/bin/../lib/gcc/avr/4.8.1/../../../../avr/lib/avr5/libc.a(strtok_r.o)
 .bss           0x0080033b        0x0 /avr8-gnu-toolchain-linux_x86/bin/../lib/gcc/avr/4.8.1/../../../../avr/lib/avr5/libc.a(itoa_ncheck.o)
 .bss           0x0080033b        0x0 /avr8-gnu-toolchain-linux_x86/bin/../lib/gcc/avr/4.8.1/../../../../avr/lib/avr5/libc.a(mul10.o)
 .bss           0x0080033b        0x0 /avr8-gnu-toolchain-linux_x86/bin/../lib/gcc/avr/4.8.1/../../../../avr/lib/avr5/libc.a(utoa_ncheck.o)
 .bss           0x0080033b        0x0 /avr8-gnu-toolchain-linux_x86/bin/../lib/gcc/avr/4.8.1/../../../../avr/lib/avr5/libc.a(iob.o)
 .bss           0x0080033b        0x0 /avr8-gnu-toolchain-linux_x86/bin/../lib/gcc/avr/4.8.1/../../../../avr/lib/avr5/libc.a(printf.o)
 .bss           0x0080033b        0x0 /avr8-gnu-toolchain-linux_x86/bin/../lib/gcc/avr/4.8.1/../../../../avr/lib/avr5/libc.a(printf_p.o)
 .bss           0x0080033b        0x0 /avr8-gnu-toolchain-linux_x86/bin/../lib/gcc/avr/4.8.1/../../../../avr/lib/avr5/libc.a(putchar.o)
 .bss           0x0080033b        0x0 /avr8-gnu-toolchain-linux_x86/bin/../lib/gcc/avr/4.8.1/../../../../avr/lib/avr5/libc.a(puts.o)
 .bss           0x0080033b        0x0 /avr8-gnu-toolchain-linux_x86/bin/../lib/gcc/avr/4.8.1/../../../../avr/lib/avr5/libc.a(sprintf_p.o)
 .bss           0x0080033b        0x0 /avr8-gnu-toolchain-linux_x86/bin/../lib/gcc/avr/4.8.1/../../../../avr/lib/avr5/libc.a(vfprintf_std.o)
 .bss           0x0080033b        0x0 /avr8-gnu-toolchain-linux_x86/bin/../lib/gcc/avr/4.8.1/../../../../avr/lib/avr5/libc.a(eerd_block_atmega328p.o)
 .bss           0x0080033b        0x0 /avr8-gnu-toolchain-linux_x86/bin/../lib/gcc/avr/4.8.1/../../../../avr/lib/avr5/libc.a(eerd_byte_atmega328p.o)
 .bss           0x0080033b        0x0 /avr8-gnu-toolchain-linux_x86/bin/../lib/gcc/avr/4.8.1/../../../../avr/lib/avr5/libc.a(eeupd_block_atmega328p.o)
 .bss           0x0080033b        0x0 /avr8-gnu-toolchain-linux_x86/bin/../lib/gcc/avr/4.8.1/../../../../avr/lib/avr5/libc.a(eeupd_byte_atmega328p.o)
 .bss           0x0080033b        0x0 /avr8-gnu-toolchain-linux_x86/bin/../lib/gcc/avr/4.8.1/../../../../avr/lib/avr5/libc.a(eewr_block_atmega328p.o)
 .bss           0x0080033b        0x0 /avr8-gnu-toolchain-linux_x86/bin/../lib/gcc/avr/4.8.1/../../../../avr/lib/avr5/libc.a(eewr_byte_atmega328p.o)
 .bss           0x0080033b        0x0 /avr8-gnu-toolchain-linux_x86/bin/../lib/gcc/avr/4.8.1/../../../../avr/lib/avr5/libc.a(strnlen_P.o)
 .bss           0x0080033b        0x0 /avr8-gnu-toolchain-linux_x86/bin/../lib/gcc/avr/4.8.1/../../../../avr/lib/avr5/libc.a(strnlen.o)
 .bss           0x0080033b        0x0 /avr8-gnu-toolchain-linux_x86/bin/../lib/gcc/avr/4.8.1/../../../../avr/lib/avr5/libc.a(strrev.o)
 .bss           0x0080033b        0x0 /avr8-gnu-toolchain-linux_x86/bin/../lib/gcc/avr/4.8.1/../../../../avr/lib/avr5/libc.a(fputc.o)
 .bss           0x0080033b        0x0 /avr8-gnu-toolchain-linux_x86/bin/../lib/gcc/avr/4.8.1/../../../../avr/lib/avr5/libc.a(ultoa_invert.o)
 .bss           0x0080033b        0x0 /avr8-gnu-toolchain-linux_x86/bin/../lib/gcc/avr/4.8.1/avr5/libgcc.a(_prologue.o)
 .bss           0x0080033b        0x0 /avr8-gnu-toolchain-linux_x86/bin/../lib/gcc/avr/4.8.1/avr5/libgcc.a(_epilogue.o)
 *(.bss*)
 *(COMMON)
 COMMON         0x0080033b       0x40 ./main.o
                0x0080033b                rTempInDoorMin
                0x0080033c                rTempInDoorMax
                0x0080033d                rTempDiffSupplyReturnMax
                0x0080033e                temper
                0x00800342                PrefHeatting
                0x00800343                wbuffer
                0x00800362                nSensors
                0x00800363                rTempOutDoorMin
                0x00800364                rSensorIDs
                0x00800366                temp_for_hour
                0x00800367                telNumber
                0x00800376                ReadyWATCHDOG
                0x00800377                rTempSupplyMin
                0x00800378                rTempSupplyMax
                0x00800379                rTempDiffSupplyReturnMin
                0x0080037a                rTempOutDoorMax
 COMMON         0x0080037b        0x2 ./timer/timer.o
                0x0080037b                CheckNoReadySNCounter
                0x0080037c                TimeKeyPressed
 COMMON         0x0080037d        0xc ./onewire/1WireMaxim.o
                0x0080037d                ROM_NO
                0x00800385                LastFamilyDiscrepancy
                0x00800386                LastDeviceFlag
                0x00800387                crc8m
                0x00800388                LastDiscrepancy
 COMMON         0x00800389        0x8 ./onewire/onewire.o
                0x00800389                OW_OUT
                0x0080038b                OW_PIN_MASK
                0x0080038c                OW_IN
                0x0080038e                OW_PIN
                0x0080038f                OW_DDR
 COMMON         0x00800391      0x360 ./lcd/lcd.o
                0x00800391                LCDCache
 COMMON         0x008006f1        0x4 /avr8-gnu-toolchain-linux_x86/bin/../lib/gcc/avr/4.8.1/../../../../avr/lib/avr5/libc.a(malloc.o)
                0x008006f1                __brkval
                0x008006f3                __flp
 COMMON         0x008006f5        0x6 /avr8-gnu-toolchain-linux_x86/bin/../lib/gcc/avr/4.8.1/../../../../avr/lib/avr5/libc.a(iob.o)
                0x008006f5                __iob
                0x008006fb                PROVIDE (__bss_end, .)
                0x00005d78                __data_load_start = LOADADDR (.data)
                0x00005f1a                __data_load_end = (__data_load_start + SIZEOF (.data))

.noinit         0x008006fb        0x0
                0x008006fb                PROVIDE (__noinit_start, .)
 *(.noinit*)
                0x008006fb                PROVIDE (__noinit_end, .)
                0x008006fb                _end = .
                0x008006fb                PROVIDE (__heap_start, .)

.eeprom         0x00810000       0x37
 *(.eeprom*)
 .eeprom        0x00810000       0x37 ./main.o
                0x00810000                etelNumber
                0x0081000f                eSensorIDs
                0x0081002f                TempDiffSupplyReturnMax
                0x00810030                TempDiffSupplyReturnMin
                0x00810031                TempSupplyMax
                0x00810032                TempSupplyMin
                0x00810033                TempOutDoorMax
                0x00810034                TempOutDoorMin
                0x00810035                TempInDoorMax
                0x00810036                TempInDoorMin
                0x00810037                __eeprom_end = .

.fuse           0x00820000        0x3
 *(.fuse)
 .fuse          0x00820000        0x3 ./main.o
                0x00820000                __fuse
 *(.lfuse)
 *(.hfuse)
 *(.efuse)

.lock
 *(.lock*)

.signature
 *(.signature*)

.user_signatures
 *(.user_signatures*)

.stab
 *(.stab)

.stabstr
 *(.stabstr)

.stab.excl
 *(.stab.excl)

.stab.exclstr
 *(.stab.exclstr)

.stab.index
 *(.stab.index)

.stab.indexstr
 *(.stab.indexstr)

.comment        0x00000000       0x5c
 *(.comment)
 .comment       0x00000000       0x30 ./main.o
                                 0x31 (size before relaxing)
 .comment       0x00000000       0x31 ./uart/uart.o
 .comment       0x00000000       0x31 ./uart/uart_addon.o
 .comment       0x00000000       0x31 ./timer/timer.o
 .comment       0x00000000       0x31 ./onewire/1WireMaxim.o
 .comment       0x00000000       0x31 ./onewire/onewire.o
 .comment       0x00000000       0x31 ./lcd/lcd.o
 .comment       0x00000000       0x31 ./keypad/keyadc.o
 .comment       0x00000000       0x31 ./gsm-sms/sms.o
 .comment       0x00000000       0x31 ./extint/extint.o
 .comment       0x00000000       0x31 ./ds18x20/crc8.o
 .comment       0x00000000       0x31 ./ds18x20/ds18x20.o
 .comment       0x00000000       0x31 /avr8-gnu-toolchain-linux_x86/bin/../lib/gcc/avr/4.8.1/../../../../avr/lib/avr5/libc.a(malloc.o)
 .comment       0x00000000       0x31 /avr8-gnu-toolchain-linux_x86/bin/../lib/gcc/avr/4.8.1/../../../../avr/lib/avr5/libc.a(strtok.o)
 .comment       0x00000000       0x31 /avr8-gnu-toolchain-linux_x86/bin/../lib/gcc/avr/4.8.1/../../../../avr/lib/avr5/libc.a(iob.o)
 .comment       0x00000000       0x31 /avr8-gnu-toolchain-linux_x86/bin/../lib/gcc/avr/4.8.1/../../../../avr/lib/avr5/libc.a(printf.o)
 .comment       0x00000000       0x31 /avr8-gnu-toolchain-linux_x86/bin/../lib/gcc/avr/4.8.1/../../../../avr/lib/avr5/libc.a(printf_p.o)
 .comment       0x00000000       0x31 /avr8-gnu-toolchain-linux_x86/bin/../lib/gcc/avr/4.8.1/../../../../avr/lib/avr5/libc.a(putchar.o)
 .comment       0x00000000       0x31 /avr8-gnu-toolchain-linux_x86/bin/../lib/gcc/avr/4.8.1/../../../../avr/lib/avr5/libc.a(puts.o)
 .comment       0x00000000       0x31 /avr8-gnu-toolchain-linux_x86/bin/../lib/gcc/avr/4.8.1/../../../../avr/lib/avr5/libc.a(sprintf_p.o)
 .comment       0x00000030       0x2c /avr8-gnu-toolchain-linux_x86/bin/../lib/gcc/avr/4.8.1/../../../../avr/lib/avr5/libc.a(vfprintf_std.o)
                                 0x2d (size before relaxing)
 .comment       0x00000000       0x31 /avr8-gnu-toolchain-linux_x86/bin/../lib/gcc/avr/4.8.1/../../../../avr/lib/avr5/libc.a(fputc.o)

.note.gnu.build-id
 *(.note.gnu.build-id)

.debug
 *(.debug)

.line
 *(.line)

.debug_srcinfo
 *(.debug_srcinfo)

.debug_sfnames
 *(.debug_sfnames)

.debug_aranges
 *(.debug_aranges)

.debug_pubnames
 *(.debug_pubnames)

.debug_info
 *(.debug_info .gnu.linkonce.wi.*)

.debug_abbrev
 *(.debug_abbrev)

.debug_line
 *(.debug_line .debug_line.* .debug_line_end)

.debug_frame
 *(.debug_frame)

.debug_str
 *(.debug_str)

.debug_loc
 *(.debug_loc)

.debug_macinfo
 *(.debug_macinfo)

.debug_weaknames
 *(.debug_weaknames)

.debug_funcnames
 *(.debug_funcnames)

.debug_typenames
 *(.debug_typenames)

.debug_varnames
 *(.debug_varnames)

.debug_pubtypes
 *(.debug_pubtypes)

.debug_ranges
 *(.debug_ranges)

.debug_macro
 *(.debug_macro)
OUTPUT(A328Pn3310DS18x20_n.elf elf32-avr)
LOAD linker stubs
